
Running 1 test using 1 worker

[1A[2K[1/1] [Desktop Chrome] ΓÇ║ e2e\misplaced-item.spec.ts:4:7 ΓÇ║ Misplaced Item Verification ΓÇ║ should show warning when scanning item in wrong rack
[1A[2K  1) [Desktop Chrome] ΓÇ║ e2e\misplaced-item.spec.ts:4:7 ΓÇ║ Misplaced Item Verification ΓÇ║ should show warning when scanning item in wrong rack 

    TimeoutError: page.fill: Timeout 10000ms exceeded.
    Call log:
    [2m  - waiting for locator('input[placeholder="Username"]')[22m


       5 |     // 1. Login
       6 |     await page.goto("/auth/login");
    >  7 |     await page.fill('input[placeholder="Username"]', "staff2");
         |                ^
       8 |     await page.fill('input[placeholder="Password"]', "staff123");
       9 |     await page.click("text=Login");
      10 |
        at D:\stk\stock-verify-system\frontend\e2e\misplaced-item.spec.ts:7:16

    attachment #1: screenshot (image/png) ΓöÇΓöÇΓöÇΓöÇΓöÇΓöÇΓöÇΓöÇΓöÇΓöÇΓöÇΓöÇΓöÇΓöÇΓöÇΓöÇΓöÇΓöÇΓöÇΓöÇΓöÇΓöÇΓöÇΓöÇΓöÇΓöÇΓöÇΓöÇΓöÇΓöÇΓöÇΓöÇΓöÇΓöÇΓöÇΓöÇΓöÇΓöÇΓöÇΓöÇΓöÇΓöÇΓöÇΓöÇΓöÇΓöÇΓöÇΓöÇΓöÇΓöÇΓöÇΓöÇΓöÇΓöÇΓöÇΓöÇΓöÇΓöÇ
    test-results\misplaced-item-Misplaced-I-44234-scanning-item-in-wrong-rack-Desktop-Chrome\test-failed-1.png
    ΓöÇΓöÇΓöÇΓöÇΓöÇΓöÇΓöÇΓöÇΓöÇΓöÇΓöÇΓöÇΓöÇΓöÇΓöÇΓöÇΓöÇΓöÇΓöÇΓöÇΓöÇΓöÇΓöÇΓöÇΓöÇΓöÇΓöÇΓöÇΓöÇΓöÇΓöÇΓöÇΓöÇΓöÇΓöÇΓöÇΓöÇΓöÇΓöÇΓöÇΓöÇΓöÇΓöÇΓöÇΓöÇΓöÇΓöÇΓöÇΓöÇΓöÇΓöÇΓöÇΓöÇΓöÇΓöÇΓöÇΓöÇΓöÇΓöÇΓöÇΓöÇΓöÇΓöÇΓöÇΓöÇΓöÇΓöÇΓöÇΓöÇΓöÇΓöÇΓöÇΓöÇΓöÇΓöÇΓöÇΓöÇΓöÇΓöÇΓöÇΓöÇΓöÇΓöÇΓöÇΓöÇΓöÇΓöÇΓöÇΓöÇΓöÇΓöÇΓöÇΓöÇΓöÇΓöÇΓöÇ

    Error Context: test-results\misplaced-item-Misplaced-I-44234-scanning-item-in-wrong-rack-Desktop-Chrome\error-context.md


[1A[2K  1 failed
    [Desktop Chrome] ΓÇ║ e2e\misplaced-item.spec.ts:4:7 ΓÇ║ Misplaced Item Verification ΓÇ║ should show warning when scanning item in wrong rack 
