app/admin/ai-assistant.tsx(137,33): error TS2322: Type '"primary" | "medium"' is not assignable to type 'GlassVariant | undefined'.
  Type '"primary"' is not assignable to type 'GlassVariant | undefined'.
app/staff/new-session.tsx(22,24): error TS2307: Cannot find module 'date-fns' or its corresponding type declarations.
app/staff/new-session.tsx(295,70): error TS2769: No overload matches this call.
  Overload 1 of 2, '(props: ViewProps): View', gave the following error.
    Object literal may only specify known properties, and 'itemsAlign' does not exist in type 'ViewStyle | RecursiveArray<ViewStyle | Falsy | RegisteredStyle<ViewStyle>>'.
  Overload 2 of 2, '(props: ViewProps, context: any): View', gave the following error.
    Object literal may only specify known properties, and 'itemsAlign' does not exist in type 'ViewStyle | RecursiveArray<ViewStyle | Falsy | RegisteredStyle<ViewStyle>>'.
app/staff/new-session.tsx(459,42): error TS2339: Property 'default' does not exist on type '{ light: string; medium: string; strong: string; dark: string; focus: string; error: string; subtle: string; success: string; }'.
app/staff/new-session.tsx(528,35): error TS2339: Property 'shadow' does not exist on type '{ primary: { 50: string; 100: string; 200: string; 300: string; 400: string; 500: string; 600: string; 700: string; 800: string; 900: string; }; secondary: { 50: string; 100: string; 200: string; 300: string; 400: string; ... 4 more ...; 900: string; }; ... 13 more ...; shimmer: readonly [...]; }'.
components/navigation/StaffTabBar.tsx(12,33): error TS2307: Cannot find module '../../context/ThemeContext' or its corresponding type declarations.
components/navigation/StaffTabBar.tsx(13,47): error TS2307: Cannot find module '../../theme/modernDesign' or its corresponding type declarations.
components/navigation/StaffTabBar.tsx(42,33): error TS2339: Property 'options' does not exist on type 'BottomTabDescriptor | undefined'.
src/utils/__tests__/csvExport.test.ts(83,23): error TS2532: Object is possibly 'undefined'.
src/utils/__tests__/csvExport.test.ts(84,22): error TS2532: Object is possibly 'undefined'.
src/utils/__tests__/csvExport.test.ts(119,22): error TS2532: Object is possibly 'undefined'.
src/utils/__tests__/csvExport.test.ts(148,23): error TS2532: Object is possibly 'undefined'.
src/utils/__tests__/csvExport.test.ts(149,22): error TS2532: Object is possibly 'undefined'.
