============================= test session starts =============================
platform win32 -- Python 3.13.9, pytest-9.0.2, pluggy-1.6.0 -- D:\stk\stock-verify-system\.venv\Scripts\python.exe
cachedir: .pytest_cache
rootdir: D:\stk\stock-verify-system\backend
configfile: pytest.ini
plugins: langsmith-0.6.4, locust-2.43.1, asyncio-1.3.0, cov-7.0.0
asyncio: mode=Mode.AUTO, debug=False, asyncio_default_fixture_loop_scope=function, asyncio_default_test_loop_scope=function
collecting ... collected 547 items

backend\tests\api\test_auth.py::test_check_rate_limit_success PASSED     [  0%]
backend\tests\api\test_auth.py::test_check_rate_limit_exceeded PASSED    [  0%]
backend\tests\api\test_auth.py::test_find_user_by_username_found PASSED  [  0%]
backend\tests\api\test_auth.py::test_find_user_by_username_not_found PASSED [  0%]
backend\tests\api\test_auth.py::test_generate_auth_tokens_success PASSED [  0%]
backend\tests\api\test_auth.py::test_register_success PASSED             [  1%]
backend\tests\api\test_auth_api.py::test_change_pin_success PASSED       [  1%]
backend\tests\api\test_auth_api.py::test_change_pin_wrong_current PASSED [  1%]
backend\tests\api\test_auth_api.py::test_change_pin_invalid_new PASSED   [  1%]
backend\tests\api\test_auth_api.py::test_change_password_success PASSED  [  1%]
backend\tests\api\test_auth_api.py::test_change_password_wrong_current PASSED [  2%]
backend\tests\api\test_auth_handler.py::test_heartbeat_success PASSED    [  2%]
backend\tests\api\test_auth_handler.py::test_heartbeat_unauthorized PASSED [  2%]
backend\tests\api\test_auth_handler.py::test_session_isolation PASSED    [  2%]
backend\tests\api\test_dynamic_reports_api.py::TestReportTemplateModels::test_report_field_creation PASSED [  2%]
backend\tests\api\test_dynamic_reports_api.py::TestReportTemplateModels::test_report_field_defaults PASSED [  2%]
backend\tests\api\test_dynamic_reports_api.py::TestReportTemplateModels::test_report_template_creation PASSED [  3%]
backend\tests\api\test_dynamic_reports_api.py::TestReportTemplateModels::test_report_generation_model PASSED [  3%]
backend\tests\api\test_dynamic_reports_api.py::TestGetDynamicReportService::test_get_service_singleton PASSED [  3%]
backend\tests\api\test_dynamic_reports_api.py::TestCreateReportTemplateEndpoint::test_create_template_success PASSED [  3%]
backend\tests\api\test_dynamic_reports_api.py::TestCreateReportTemplateEndpoint::test_create_template_error PASSED [  3%]
backend\tests\api\test_dynamic_reports_api.py::TestGetReportTemplatesEndpoint::test_list_templates_success PASSED [  4%]
backend\tests\api\test_dynamic_reports_api.py::TestGetReportTemplatesEndpoint::test_list_templates_empty PASSED [  4%]
backend\tests\api\test_dynamic_reports_api.py::TestGetReportTemplatesEndpoint::test_list_templates_with_filter PASSED [  4%]
backend\tests\api\test_dynamic_reports_api.py::TestGenerateReportEndpoint::test_generate_report_with_template_id PASSED [  4%]
backend\tests\api\test_dynamic_reports_api.py::TestGenerateReportEndpoint::test_generate_report_with_template_data PASSED [  4%]
backend\tests\api\test_dynamic_reports_api.py::TestGenerateReportEndpoint::test_generate_report_no_template PASSED [  4%]
backend\tests\api\test_dynamic_reports_api.py::TestGetGeneratedReportsEndpoint::test_get_generated_reports PASSED [  5%]
backend\tests\api\test_dynamic_reports_api.py::TestDownloadReportEndpoint::test_download_report_json PASSED [  5%]
backend\tests\api\test_dynamic_reports_api.py::TestDownloadReportEndpoint::test_download_report_not_found PASSED [  5%]
backend\tests\api\test_dynamic_reports_api.py::TestQuickReportEndpoints::test_quick_report_items_with_fields PASSED [  5%]
backend\tests\api\test_dynamic_reports_api.py::TestQuickReportEndpoints::test_quick_report_variance_summary PASSED [  5%]
backend\tests\api\test_enhanced_item_api.py::test_validate_barcode_format PASSED [  6%]
backend\tests\api\test_enhanced_item_api.py::test_get_item_by_barcode_enhanced_mongodb PASSED [  6%]
backend\tests\api\test_enhanced_item_api.py::test_get_item_by_barcode_enhanced_cache PASSED [  6%]
backend\tests\api\test_enhanced_item_api.py::test_get_item_by_barcode_enhanced_sql_sync PASSED [  6%]
backend\tests\api\test_enhanced_item_api.py::test_get_item_by_barcode_enhanced_not_found PASSED [  6%]
backend\tests\api\test_enhanced_item_api.py::test_advanced_item_search PASSED [  6%]
backend\tests\api\test_enhanced_item_api.py::test_get_unique_locations PASSED [  7%]
backend\tests\api\test_erp_api.py::test_normalize_barcode_input PASSED   [  7%]
backend\tests\api\test_erp_api.py::test_get_item_by_barcode_cache_hit PASSED [  7%]
backend\tests\api\test_erp_api.py::test_get_item_by_barcode_db_hit PASSED [  7%]
backend\tests\api\test_erp_api.py::test_get_item_by_barcode_not_found PASSED [  7%]
backend\tests\api\test_erp_api.py::test_refresh_item_stock PASSED        [  8%]
backend\tests\api\test_erp_api.py::test_get_all_items_search PASSED      [  8%]
backend\tests\api\test_erp_api.py::test_search_items_compatibility PASSED [  8%]
backend\tests\api\test_item_verification_api.py::test_update_item_master_success PASSED [  8%]
backend\tests\api\test_item_verification_api.py::test_update_item_master_not_found PASSED [  8%]
backend\tests\api\test_item_verification_api.py::test_verify_item_success PASSED [  8%]
backend\tests\api\test_item_verification_api.py::test_build_item_filter_query PASSED [  9%]
backend\tests\api\test_mapping_api.py::test_get_tables PASSED            [  9%]
backend\tests\api\test_mapping_api.py::test_get_columns PASSED           [  9%]
backend\tests\api\test_mapping_api.py::test_preview_mapping PASSED       [  9%]
backend\tests\api\test_mapping_api.py::test_save_mapping PASSED          [  9%]
backend\tests\api\test_mapping_api.py::test_get_current_mapping PASSED   [ 10%]
backend\tests\api\test_mapping_api.py::test_get_current_mapping_empty PASSED [ 10%]
backend\tests\api\test_pin_auth_api.py::test_change_pin_success PASSED   [ 10%]
backend\tests\api\test_pin_auth_api.py::test_login_with_pin_success PASSED [ 10%]
backend\tests\api\test_pin_auth_api.py::test_login_with_pin_invalid_user PASSED [ 10%]
backend\tests\api\test_pin_auth_api.py::test_login_with_pin_invalid_pin PASSED [ 10%]
backend\tests\api\test_pin_auth_api.py::test_change_pin_service_failure PASSED [ 11%]
backend\tests\api\test_pin_auth_api.py::test_pin_change_request_validation PASSED [ 11%]
backend\tests\api\test_preferences_api.py::test_get_preferences_defaults PASSED [ 11%]
backend\tests\api\test_preferences_api.py::test_get_preferences_existing PASSED [ 11%]
backend\tests\api\test_preferences_api.py::test_update_preferences_create_new PASSED [ 11%]
backend\tests\api\test_preferences_api.py::test_update_preferences_update_existing PASSED [ 12%]
backend\tests\api\test_rbac.py::TestRBACEnforcement::test_staff_can_access_scan_endpoints PASSED [ 12%]
backend\tests\api\test_rbac.py::TestRBACEnforcement::test_supervisor_can_access_staff_endpoints PASSED [ 12%]
backend\tests\api\test_rbac.py::TestRBACEnforcement::test_staff_cannot_access_supervisor_endpoints PASSED [ 12%]
backend\tests\api\test_rbac.py::TestRBACEnforcement::test_supervisor_can_access_supervisor_endpoints PASSED [ 12%]
backend\tests\api\test_rbac.py::TestRBACEnforcement::test_staff_cannot_access_admin PASSED [ 12%]
backend\tests\api\test_rbac.py::TestRBACEnforcement::test_supervisor_cannot_access_admin_endpoints PASSED [ 13%]
backend\tests\api\test_rbac.py::TestRBACEnforcement::test_admin_can_access_admin_endpoints PASSED [ 13%]
backend\tests\api\test_rbac.py::TestRoleHierarchy::test_role_hierarchy_order PASSED [ 13%]
backend\tests\api\test_rbac.py::TestRoleHierarchy::test_valid_roles PASSED [ 13%]
backend\tests\api\test_rbac.py::TestUnauthorizedAccess::test_missing_auth_header PASSED [ 13%]
backend\tests\api\test_rbac.py::TestUnauthorizedAccess::test_invalid_token_format PASSED [ 14%]
backend\tests\api\test_rbac.py::TestUnauthorizedAccess::test_expired_token PASSED [ 14%]
backend\tests\api\test_session_management_api.py::TestSessionModels::test_session_create_model PASSED [ 14%]
backend\tests\api\test_session_management_api.py::TestSessionModels::test_session_create_default_type PASSED [ 14%]
backend\tests\api\test_session_management_api.py::TestSessionModels::test_session_create_warehouse_required PASSED [ 14%]
backend\tests\api\test_session_management_api.py::TestCreateSessionEndpoint::test_create_session_success PASSED [ 14%]
backend\tests\api\test_session_management_api.py::TestCreateSessionEndpoint::test_create_session_limit_exceeded PASSED [ 15%]
backend\tests\api\test_session_management_api.py::TestCreateSessionEndpoint::test_create_session_empty_warehouse PASSED [ 15%]
backend\tests\api\test_session_management_api.py::TestGetSessionsEndpoint::test_get_sessions_staff_sees_own PASSED [ 15%]
backend\tests\api\test_session_management_api.py::TestGetSessionsEndpoint::test_get_sessions_supervisor_sees_all PASSED [ 15%]
backend\tests\api\test_session_management_api.py::TestGetSessionsEndpoint::test_get_sessions_access_denied_for_other_user PASSED [ 15%]
backend\tests\api\test_session_management_api.py::TestGetSessionDetailEndpoint::test_get_session_detail_success PASSED [ 16%]
backend\tests\api\test_session_management_api.py::TestGetSessionDetailEndpoint::test_get_session_not_found PASSED [ 16%]
backend\tests\api\test_session_management_api.py::TestGetSessionDetailEndpoint::test_get_session_access_denied PASSED [ 16%]
backend\tests\api\test_session_management_api.py::TestSessionStatsEndpoint::test_get_session_stats PASSED [ 16%]
backend\tests\api\test_session_management_api.py::TestSessionStatsEndpoint::test_get_session_stats_empty PASSED [ 16%]
backend\tests\api\test_session_management_api.py::TestCompleteSessionEndpoint::test_complete_session_success PASSED [ 17%]
backend\tests\api\test_session_management_api.py::TestCompleteSessionEndpoint::test_complete_session_not_owner PASSED [ 17%]
backend\tests\api\test_session_management_api.py::TestUpdateSessionStatusEndpoint::test_update_status_success PASSED [ 17%]
backend\tests\api\test_session_management_api.py::TestUpdateSessionStatusEndpoint::test_update_status_supervisor_can_modify_others PASSED [ 17%]
backend\tests\api\test_session_management_api.py::TestActiveSessionsEndpoint::test_get_active_sessions PASSED [ 17%]
backend\tests\api\test_session_management_api.py::TestUserSessionHistoryEndpoint::test_get_user_history PASSED [ 17%]
backend\tests\api\test_user_management_api.py::test_list_users_admin PASSED [ 18%]
backend\tests\api\test_user_management_api.py::test_list_users_staff_forbidden PASSED [ 18%]
backend\tests\api\test_user_management_api.py::test_create_user PASSED   [ 18%]
backend\tests\api\test_user_management_api.py::test_create_duplicate_user PASSED [ 18%]
backend\tests\api\test_user_management_api.py::test_update_user PASSED   [ 18%]
backend\tests\api\test_user_management_api.py::test_delete_user PASSED   [ 19%]
backend\tests\api\test_user_settings_api.py::test_get_settings_defaults PASSED [ 19%]
backend\tests\api\test_user_settings_api.py::test_update_settings PASSED [ 19%]
backend\tests\api\test_user_settings_api.py::test_get_settings_existing PASSED [ 19%]
backend\tests\api\test_user_settings_api.py::test_unauthorized_access PASSED [ 19%]
backend\tests\api\test_websocket_api.py::test_websocket_connect_success PASSED [ 19%]
backend\tests\api\test_websocket_api.py::test_websocket_connect_invalid_token PASSED [ 20%]
backend\tests\api\test_websocket_api.py::test_websocket_connect_wrong_role PASSED [ 20%]
backend\tests\api\test_websocket_api.py::test_websocket_manager_broadcast PASSED [ 20%]
backend\tests\core\test_validators_init.py::test_core_validators_init_exports PASSED [ 20%]
backend\tests\evaluation\test_api_performance.py::TestAPILatency::test_health_check_latency PASSED [ 20%]
backend\tests\evaluation\test_api_performance.py::TestAPILatency::test_login_latency PASSED [ 21%]
backend\tests\evaluation\test_api_performance.py::TestAPILatency::test_authenticated_endpoint_latency PASSED [ 21%]
backend\tests\evaluation\test_api_performance.py::TestAPIThroughput::test_concurrent_requests PASSED [ 21%]
backend\tests\evaluation\test_api_performance.py::TestAPIThroughput::test_sustained_load PASSED [ 21%]
backend\tests\evaluation\test_api_performance.py::TestAPISuccessRate::test_overall_success_rate PASSED [ 21%]
backend\tests\evaluation\test_api_performance.py::TestAPISuccessRate::test_error_rate_tracking PASSED [ 21%]
backend\tests\evaluation\test_api_performance.py::TestFullAPIEvaluation::test_full_evaluation PASSED [ 22%]
backend\tests\evaluation\test_business_logic.py::TestVarianceCalculations::test_variance_calculation_accuracy PASSED [ 22%]
backend\tests\evaluation\test_business_logic.py::TestVarianceCalculations::test_variance_threshold_detection PASSED [ 22%]
backend\tests\evaluation\test_business_logic.py::TestSessionStateMachine::test_valid_transitions PASSED [ 22%]
backend\tests\evaluation\test_business_logic.py::TestSessionStateMachine::test_invalid_transitions PASSED [ 22%]
backend\tests\evaluation\test_business_logic.py::TestCountAggregation::test_count_totals PASSED [ 23%]
backend\tests\evaluation\test_business_logic.py::TestCountAggregation::test_session_summary_calculation PASSED [ 23%]
backend\tests\evaluation\test_business_logic.py::TestAuthorizationRules::test_role_permissions PASSED [ 23%]
backend\tests\evaluation\test_business_logic.py::TestAuthorizationRules::test_permission_hierarchy PASSED [ 23%]
backend\tests\evaluation\test_business_logic.py::TestFullBusinessLogicEvaluation::test_full_evaluation PASSED [ 23%]
backend\tests\evaluation\test_data_quality.py::TestDataCompleteness::test_user_completeness PASSED [ 23%]
backend\tests\evaluation\test_data_quality.py::TestDataCompleteness::test_session_completeness PASSED [ 24%]
backend\tests\evaluation\test_data_quality.py::TestDataCompleteness::test_erp_items_completeness PASSED [ 24%]
backend\tests\evaluation\test_data_quality.py::TestDataFormatValidation::test_barcode_format PASSED [ 24%]
backend\tests\evaluation\test_data_quality.py::TestDataFormatValidation::test_quantity_format PASSED [ 24%]
backend\tests\evaluation\test_data_quality.py::TestDataFormatValidation::test_date_format PASSED [ 24%]
backend\tests\evaluation\test_data_quality.py::TestSyncConsistency::test_sync_lag_calculation PASSED [ 25%]
backend\tests\evaluation\test_data_quality.py::TestSyncConsistency::test_data_consistency_validation PASSED [ 25%]
backend\tests\evaluation\test_data_quality.py::TestReferentialIntegrity::test_session_user_reference PASSED [ 25%]
backend\tests\evaluation\test_data_quality.py::TestReferentialIntegrity::test_count_line_session_reference PASSED [ 25%]
backend\tests\evaluation\test_data_quality.py::TestFullDataQualityEvaluation::test_full_evaluation PASSED [ 25%]
backend\tests\evaluation\test_security_evaluation.py::TestAuthenticationSecurity::test_login_rate_limiting SKIPPED [ 25%]
backend\tests\evaluation\test_security_evaluation.py::TestAuthenticationSecurity::test_jwt_token_required SKIPPED [ 26%]
backend\tests\evaluation\test_security_evaluation.py::TestAuthenticationSecurity::test_invalid_jwt_rejected SKIPPED [ 26%]
backend\tests\evaluation\test_security_evaluation.py::TestAuthenticationSecurity::test_expired_token_rejected SKIPPED [ 26%]
backend\tests\evaluation\test_security_evaluation.py::TestInputValidation::test_sql_injection_prevention PASSED [ 26%]
backend\tests\evaluation\test_security_evaluation.py::TestInputValidation::test_xss_prevention_in_responses PASSED [ 26%]
backend\tests\evaluation\test_security_evaluation.py::TestInputValidation::test_path_traversal_prevention PASSED [ 27%]
backend\tests\evaluation\test_security_evaluation.py::TestInputValidation::test_large_payload_rejection PASSED [ 27%]
backend\tests\evaluation\test_security_evaluation.py::TestHeaderSecurity::test_cors_not_wildcard PASSED [ 27%]
backend\tests\evaluation\test_security_evaluation.py::TestHeaderSecurity::test_content_type_options PASSED [ 27%]
backend\tests\evaluation\test_security_evaluation.py::TestHeaderSecurity::test_frame_options PASSED [ 27%]
backend\tests\evaluation\test_security_evaluation.py::TestHeaderSecurity::test_content_security_policy PASSED [ 27%]
backend\tests\evaluation\test_security_evaluation.py::TestSessionSecurity::test_session_token_length PASSED [ 28%]
backend\tests\evaluation\test_security_evaluation.py::TestSessionSecurity::test_session_fixation_prevention PASSED [ 28%]
backend\tests\evaluation\test_security_evaluation.py::TestSessionSecurity::test_logout_invalidates_token SKIPPED [ 28%]
backend\tests\evaluation\test_security_evaluation.py::TestPasswordSecurity::test_weak_password_rejected PASSED [ 28%]
backend\tests\evaluation\test_security_evaluation.py::TestPasswordSecurity::test_password_not_in_response PASSED [ 28%]
backend\tests\evaluation\test_security_evaluation.py::TestRateLimiting::test_api_rate_limiting SKIPPED [ 29%]
backend\tests\evaluation\test_security_evaluation.py::TestRateLimiting::test_rate_limit_headers SKIPPED [ 29%]
backend\tests\evaluation\test_security_evaluation.py::TestErrorHandling::test_no_stack_traces_in_production PASSED [ 29%]
backend\tests\evaluation\test_security_evaluation.py::TestErrorHandling::test_generic_error_messages PASSED [ 29%]
backend\tests\evaluation\test_workflow.py::TestAuthenticationWorkflow::test_registration_login_flow PASSED [ 29%]
backend\tests\evaluation\test_workflow.py::TestAuthenticationWorkflow::test_failed_login_handling PASSED [ 29%]
backend\tests\evaluation\test_workflow.py::TestSessionWorkflow::test_session_lifecycle PASSED [ 30%]
backend\tests\evaluation\test_workflow.py::TestVerificationWorkflow::test_item_verification_flow PASSED [ 30%]
backend\tests\evaluation\test_workflow.py::TestAdminWorkflow::test_admin_dashboard_flow PASSED [ 30%]
backend\tests\evaluation\test_workflow.py::TestFullWorkflowEvaluation::test_full_evaluation PASSED [ 30%]
backend\tests\middleware\test_lan_enforcement.py::test_route PASSED      [ 30%]
backend\tests\middleware\test_lan_enforcement.py::test_middleware_logic_allow_private PASSED [ 31%]
backend\tests\middleware\test_lan_enforcement.py::test_middleware_logic_allow_loopback PASSED [ 31%]
backend\tests\middleware\test_lan_enforcement.py::test_middleware_logic_block_public PASSED [ 31%]
backend\tests\middleware\test_lan_enforcement.py::test_middleware_allow_health_check_from_public PASSED [ 31%]
backend\tests\services\test_cache_service.py::TestCustomJSONEncoder::test_encode_objectid PASSED [ 31%]
backend\tests\services\test_cache_service.py::TestCustomJSONEncoder::test_encode_datetime PASSED [ 31%]
backend\tests\services\test_cache_service.py::TestCustomJSONEncoder::test_encode_regular_types PASSED [ 32%]
backend\tests\services\test_cache_service.py::TestCacheService::test_set_and_get_string PASSED [ 32%]
backend\tests\services\test_cache_service.py::TestCacheService::test_set_and_get_dict PASSED [ 32%]
backend\tests\services\test_cache_service.py::TestCacheService::test_get_missing_key PASSED [ 32%]
backend\tests\services\test_cache_service.py::TestCacheService::test_delete_key PASSED [ 32%]
backend\tests\services\test_cache_service.py::TestCacheService::test_ttl_expiration PASSED [ 33%]
backend\tests\services\test_cache_service.py::TestCacheService::test_clear_all PASSED [ 33%]
backend\tests\services\test_cache_service.py::TestCacheServiceWithRedis::test_redis_connection_failure_fallback PASSED [ 33%]
backend\tests\services\test_sql_sync_service.py::test_should_check_new_items_true_when_never_checked PASSED [ 33%]
backend\tests\services\test_sql_sync_service.py::test_should_check_new_items_respects_interval PASSED [ 33%]
backend\tests\services\test_sql_sync_service.py::test_should_run_nightly_sync_hour_and_once_per_day PASSED [ 34%]
backend\tests\services\test_sql_sync_service.py::test_sync_single_item_creates_new_item_when_missing PASSED [ 34%]
backend\tests\services\test_sql_sync_service.py::test_update_existing_item_updates_qty_and_metadata PASSED [ 34%]
backend\tests\services\test_sql_sync_service.py::test_check_item_qty_realtime_sql_unavailable_uses_cache PASSED [ 34%]
backend\tests\services\test_sql_sync_service.py::test_check_item_qty_realtime_updates_when_qty_changed PASSED [ 34%]
backend\tests\test_admin_control_api.py::test_get_services_status PASSED [ 34%]
backend\tests\test_admin_control_api.py::test_get_service_logs_backend PASSED [ 35%]
backend\tests\test_admin_control_api.py::test_get_system_issues PASSED   [ 35%]
backend\tests\test_admin_control_api.py::test_get_sql_server_config PASSED [ 35%]
backend\tests\test_admin_control_api.py::test_update_sql_server_config PASSED [ 35%]
backend\tests\test_admin_control_api.py::test_test_sql_server_connection PASSED [ 35%]
backend\tests\test_admin_control_api.py::test_start_backend PASSED       [ 36%]
backend\tests\test_admin_control_api.py::test_stop_backend PASSED        [ 36%]
backend\tests\test_admin_control_api.py::test_start_frontend PASSED      [ 36%]
backend\tests\test_admin_control_api.py::test_stop_frontend PASSED       [ 36%]
backend\tests\test_admin_control_api.py::test_get_available_reports PASSED [ 36%]
backend\tests\test_admin_control_api.py::test_get_login_devices PASSED   [ 36%]
backend\tests\test_ai_variance.py::test_get_category_risk_score_heuristic PASSED [ 37%]
backend\tests\test_ai_variance.py::test_get_category_risk_score_historical PASSED [ 37%]
backend\tests\test_ai_variance.py::test_predict_session_risks PASSED     [ 37%]
backend\tests\test_analytics_api.py::test_variance_trend_endpoint PASSED [ 37%]
backend\tests\test_analytics_api.py::test_staff_performance_endpoint PASSED [ 37%]
backend\tests\test_analytics_service.py::test_get_verification_stats PASSED [ 38%]
backend\tests\test_analytics_service.py::test_get_category_distribution PASSED [ 38%]
backend\tests\test_api_warehouses_manual.py::test_get_warehouses PASSED  [ 38%]
backend\tests\test_architecture.py::test_mongodb_handles_all_writes PASSED [ 38%]
backend\tests\test_architecture.py::test_no_sql_server_writes_in_server PASSED [ 38%]
backend\tests\test_architecture.py::test_erp_sync_reads_from_sql_writes_to_mongo SKIPPED [ 38%]
backend\tests\test_auth.py::TestLogin::test_login_success PASSED         [ 39%]
backend\tests\test_auth.py::TestLogin::test_login_invalid_credentials PASSED [ 39%]
backend\tests\test_auth.py::TestLogin::test_login_missing_fields PASSED  [ 39%]
backend\tests\test_auth.py::TestRegister::test_register_success PASSED   [ 39%]
backend\tests\test_auth.py::TestRegister::test_register_duplicate_username PASSED [ 39%]
backend\tests\test_auth.py::TestRegister::test_register_missing_fields PASSED [ 40%]
backend\tests\test_auth_path.py::test_auth_paths PASSED                  [ 40%]
backend\tests\test_auth_pin.py::test_pin_login_success PASSED            [ 40%]
backend\tests\test_auth_pin.py::test_pin_login_failure_rate_limit PASSED [ 40%]
backend\tests\test_auth_utils.py::TestPasswordHashing::test_verify_password_correct PASSED [ 40%]
backend\tests\test_auth_utils.py::TestPasswordHashing::test_verify_password_incorrect PASSED [ 40%]
backend\tests\test_auth_utils.py::TestPasswordHashing::test_hash_password_returns_string PASSED [ 41%]
backend\tests\test_auth_utils.py::TestPasswordHashing::test_different_hashes_for_same_password PASSED [ 41%]
backend\tests\test_auth_utils.py::TestJWTUtilities::test_create_access_token PASSED [ 41%]
backend\tests\test_auth_utils.py::TestJWTUtilities::test_create_access_token_with_expiry PASSED [ 41%]
backend\tests\test_auth_utils.py::TestResultType::test_result_success PASSED [ 41%]
backend\tests\test_auth_utils.py::TestResultType::test_result_error PASSED [ 42%]
backend\tests\test_auth_utils.py::TestResultType::test_result_unwrap_or PASSED [ 42%]
backend\tests\test_auth_utils.py::TestResultType::test_result_map PASSED [ 42%]
backend\tests\test_auth_utils.py::TestResultType::test_result_and_then PASSED [ 42%]
backend\tests\test_auth_utils.py::TestResultType::test_result_match PASSED [ 42%]
backend\tests\test_auth_utils.py::TestResultType::test_result_to_tuple PASSED [ 42%]
backend\tests\test_auth_utils.py::TestResultType::test_result_str_repr PASSED [ 43%]
backend\tests\test_auth_utils.py::TestResultType::test_result_unwrap_error_raises PASSED [ 43%]
backend\tests\test_auth_utils.py::TestResultType::test_result_unwrap_or_else PASSED [ 43%]
backend\tests\test_auth_utils.py::TestResultType::test_result_map_error_raises PASSED [ 43%]
backend\tests\test_auth_utils.py::TestResultType::test_result_map_error PASSED [ 43%]
backend\tests\test_auth_utils.py::TestResultType::test_result_or_else PASSED [ 44%]
backend\tests\test_auto_diagnosis.py::test_diagnose_database_connection_error PASSED [ 44%]
backend\tests\test_auto_diagnosis.py::test_diagnose_network_timeout_error PASSED [ 44%]
backend\tests\test_auto_diagnosis.py::test_diagnose_auth_error PASSED    [ 44%]
backend\tests\test_auto_diagnosis.py::test_diagnose_validation_error PASSED [ 44%]
backend\tests\test_auto_diagnosis.py::test_diagnose_resource_error PASSED [ 44%]
backend\tests\test_auto_diagnosis.py::test_diagnosis_caching PASSED      [ 45%]
backend\tests\test_auto_diagnosis.py::test_auto_fix_error_success PASSED [ 45%]
backend\tests\test_auto_diagnosis.py::test_auto_fix_error_not_fixable PASSED [ 45%]
backend\tests\test_auto_diagnosis.py::test_get_error_statistics PASSED   [ 45%]
backend\tests\test_auto_diagnosis.py::test_health_check PASSED           [ 45%]
backend\tests\test_barcode_validation.py::test_invalid_barcodes[123456] PASSED [ 46%]
backend\tests\test_barcode_validation.py::test_invalid_barcodes[610000] PASSED [ 46%]
backend\tests\test_barcode_validation.py::test_invalid_barcodes[500000] PASSED [ 46%]
backend\tests\test_barcode_validation.py::test_invalid_barcodes[540000] PASSED [ 46%]
backend\tests\test_barcode_validation.py::test_invalid_barcodes[51000] PASSED [ 46%]
backend\tests\test_barcode_validation.py::test_invalid_barcodes[5200000] PASSED [ 46%]
backend\tests\test_barcode_validation.py::test_invalid_barcodes[ABCDEF] PASSED [ 47%]
backend\tests\test_barcode_validation.py::test_invalid_barcodes[51000A] PASSED [ 47%]
backend\tests\test_basic.py::test_imports PASSED                         [ 47%]
backend\tests\test_basic.py::test_pydantic_models PASSED                 [ 47%]
backend\tests\test_basic.py::test_environment_variables PASSED           [ 47%]
backend\tests\test_basic.py::test_math_operations PASSED                 [ 48%]
backend\tests\test_batch_operations.py::TestBatchInsert::test_batch_insert_empty_list PASSED [ 48%]
backend\tests\test_batch_operations.py::TestBatchInsert::test_batch_insert_single_batch PASSED [ 48%]
backend\tests\test_batch_operations.py::TestBatchInsert::test_batch_insert_multiple_batches PASSED [ 48%]
backend\tests\test_batch_operations.py::TestBatchInsert::test_batch_insert_with_errors PASSED [ 48%]
backend\tests\test_batch_operations.py::TestBatchInsert::test_batch_insert_unordered_continues_on_error PASSED [ 48%]
backend\tests\test_batch_operations.py::TestBatchUpdate::test_batch_update_empty_list PASSED [ 49%]
backend\tests\test_batch_operations.py::TestBatchUpdate::test_batch_update_with_default_operation PASSED [ 49%]
backend\tests\test_batch_operations.py::TestBatchUpdate::test_batch_update_with_custom_operation PASSED [ 49%]
backend\tests\test_batch_operations.py::TestBatchUpdate::test_batch_update_handles_errors PASSED [ 49%]
backend\tests\test_batch_operations.py::TestBatchDelete::test_batch_delete_empty_list PASSED [ 49%]
backend\tests\test_batch_operations.py::TestBatchDelete::test_batch_delete_single_filter PASSED [ 50%]
backend\tests\test_batch_operations.py::TestBatchDelete::test_batch_delete_multiple_filters PASSED [ 50%]
backend\tests\test_batch_operations.py::TestBatchDelete::test_batch_delete_handles_errors PASSED [ 50%]
backend\tests\test_batch_operations.py::TestBatchImportItems::test_batch_import_items_empty_list PASSED [ 50%]
backend\tests\test_batch_operations.py::TestBatchImportItems::test_batch_import_items_upsert PASSED [ 50%]
backend\tests\test_batch_operations.py::TestBatchImportItems::test_batch_import_items_insert_only PASSED [ 51%]
backend\tests\test_batch_operations.py::TestBatchImportItems::test_batch_import_items_adds_timestamps PASSED [ 51%]
backend\tests\test_batch_operations.py::TestBatchImportItems::test_batch_import_items_handles_errors PASSED [ 51%]
backend\tests\test_batch_operations.py::TestBatchServiceConfiguration::test_batch_size_default PASSED [ 51%]
backend\tests\test_batch_operations.py::TestBatchServiceConfiguration::test_custom_batch_size PASSED [ 51%]
backend\tests\test_comprehensive.py::test_stock_verification_workflow PASSED [ 51%]
backend\tests\test_comprehensive.py::test_activity_logging PASSED        [ 52%]
backend\tests\test_comprehensive.py::test_error_logging PASSED           [ 52%]
backend\tests\test_comprehensive.py::test_separation_of_sql_and_mongo PASSED [ 52%]
backend\tests\test_comprehensive.py::test_no_sql_writes_in_codebase PASSED [ 52%]
backend\tests\test_count_lines_api.py::TestCountLinesAPIHelpers::test_detect_risk_flags_large_variance PASSED [ 52%]
backend\tests\test_count_lines_api.py::TestCountLinesAPIHelpers::test_detect_risk_flags_mrp_reduced PASSED [ 53%]
backend\tests\test_count_lines_api.py::TestCountLinesAPIHelpers::test_detect_risk_flags_high_value_variance PASSED [ 53%]
backend\tests\test_count_lines_api.py::TestCountLinesAPIHelpers::test_detect_risk_flags_serial_missing_high_value PASSED [ 53%]
backend\tests\test_count_lines_api.py::TestCountLinesAPIHelpers::test_detect_risk_flags_missing_correction_reason PASSED [ 53%]
backend\tests\test_count_lines_api.py::TestCountLinesAPIHelpers::test_detect_risk_flags_mrp_change_without_reason PASSED [ 53%]
backend\tests\test_count_lines_api.py::TestCountLinesAPIHelpers::test_detect_risk_flags_photo_required_missing PASSED [ 53%]
backend\tests\test_count_lines_api.py::TestCountLinesAPIHelpers::test_detect_risk_flags_no_flags PASSED [ 54%]
backend\tests\test_count_lines_api.py::TestCountLinesAPIHelpers::test_calculate_financial_impact PASSED [ 54%]
backend\tests\test_count_lines_api.py::TestCountLinesAPIHelpers::test_calculate_financial_impact_negative PASSED [ 54%]
backend\tests\test_count_lines_api.py::TestCountLinesAPIHelpers::test_require_supervisor_valid_role PASSED [ 54%]
backend\tests\test_count_lines_api.py::TestCountLinesAPIHelpers::test_require_supervisor_admin_role PASSED [ 54%]
backend\tests\test_count_lines_api.py::TestCountLinesAPIHelpers::test_require_supervisor_invalid_role PASSED [ 55%]
backend\tests\test_count_lines_api.py::TestCreateCountLine::test_create_count_line_success PASSED [ 55%]
backend\tests\test_count_lines_api.py::TestCreateCountLine::test_create_count_line_session_not_found PASSED [ 55%]
backend\tests\test_count_lines_api.py::TestCreateCountLine::test_create_count_line_item_not_found PASSED [ 55%]
backend\tests\test_count_lines_api.py::TestCreateCountLine::test_create_count_line_variance_without_reason PASSED [ 55%]
backend\tests\test_count_lines_api.py::TestCreateCountLine::test_create_count_line_duplicate PASSED [ 55%]
backend\tests\test_count_lines_api.py::TestCreateCountLine::test_create_count_line_high_risk PASSED [ 56%]
backend\tests\test_count_lines_api.py::TestVerifyStock::test_verify_stock_success PASSED [ 56%]
backend\tests\test_count_lines_api.py::TestVerifyStock::test_verify_stock_not_found PASSED [ 56%]
backend\tests\test_count_lines_api.py::TestVerifyStock::test_verify_stock_insufficient_permissions PASSED [ 56%]
backend\tests\test_count_lines_api.py::TestUnverifyStock::test_unverify_stock_success PASSED [ 56%]
backend\tests\test_count_lines_api.py::TestUnverifyStock::test_unverify_stock_not_found PASSED [ 57%]
backend\tests\test_count_lines_api.py::TestGetCountLines::test_get_count_lines_basic PASSED [ 57%]
backend\tests\test_count_lines_api.py::TestGetCountLines::test_get_count_lines_with_verified_filter PASSED [ 57%]
backend\tests\test_count_lines_api.py::TestCountLinesAPIEdgeCases::test_detect_risk_flags_edge_cases PASSED [ 57%]
backend\tests\test_count_lines_api.py::TestCountLinesAPIEdgeCases::test_calculate_financial_impact_edge_cases PASSED [ 57%]
backend\tests\test_count_lines_api.py::TestCountLinesAPIEdgeCases::test_create_count_line_session_stats_error PASSED [ 57%]
backend\tests\test_count_state_machine.py::test_can_transition_draft_to_submitted_staff PASSED [ 58%]
backend\tests\test_count_state_machine.py::test_can_transition_draft_to_submitted_supervisor PASSED [ 58%]
backend\tests\test_count_state_machine.py::test_cannot_transition_draft_to_approved PASSED [ 58%]
backend\tests\test_count_state_machine.py::test_can_transition_pending_to_approved_supervisor PASSED [ 58%]
backend\tests\test_count_state_machine.py::test_cannot_transition_pending_to_approved_staff PASSED [ 58%]
backend\tests\test_count_state_machine.py::test_can_transition_approved_to_locked_admin PASSED [ 59%]
backend\tests\test_count_state_machine.py::test_cannot_transition_approved_to_locked_supervisor PASSED [ 59%]
backend\tests\test_count_state_machine.py::test_cannot_transition_from_locked PASSED [ 59%]
backend\tests\test_count_state_machine.py::test_get_allowed_transitions_staff_draft PASSED [ 59%]
backend\tests\test_count_state_machine.py::test_get_allowed_transitions_supervisor_pending PASSED [ 59%]
backend\tests\test_count_state_machine.py::test_can_edit_draft_staff_owner PASSED [ 59%]
backend\tests\test_count_state_machine.py::test_cannot_edit_draft_staff_not_owner PASSED [ 60%]
backend\tests\test_count_state_machine.py::test_can_edit_draft_supervisor PASSED [ 60%]
backend\tests\test_count_state_machine.py::test_cannot_edit_submitted_staff PASSED [ 60%]
backend\tests\test_count_state_machine.py::test_can_edit_submitted_supervisor PASSED [ 60%]
backend\tests\test_count_state_machine.py::test_cannot_edit_locked_anyone PASSED [ 60%]
backend\tests\test_count_state_machine.py::test_can_edit_rejected_staff_owner PASSED [ 61%]
backend\tests\test_count_state_machine.py::test_can_view_supervisor PASSED [ 61%]
backend\tests\test_count_state_machine.py::test_can_view_staff_owner PASSED [ 61%]
backend\tests\test_count_state_machine.py::test_cannot_view_staff_not_owner PASSED [ 61%]
backend\tests\test_count_state_machine.py::test_transition_draft_to_submitted PASSED [ 61%]
backend\tests\test_count_state_machine.py::test_transition_invalid_not_allowed PASSED [ 61%]
backend\tests\test_count_state_machine.py::test_can_edit_checks_ownership PASSED [ 62%]
backend\tests\test_count_state_machine.py::test_get_allowed_actions PASSED [ 62%]
backend\tests\test_count_state_machine.py::test_transition_with_reason PASSED [ 62%]
backend\tests\test_enhanced_connection_pool.py::TestEnhancedConnectionPool::test_connection_creation_with_retry PASSED [ 62%]
backend\tests\test_enhanced_connection_pool.py::TestEnhancedConnectionPool::test_connection_retry_exhausted PASSED [ 62%]
backend\tests\test_enhanced_connection_pool.py::TestEnhancedConnectionPool::test_health_check PASSED [ 63%]
backend\tests\test_enhanced_connection_pool.py::TestEnhancedConnectionPool::test_metrics_collection PASSED [ 63%]
backend\tests\test_enhanced_connection_pool.py::TestEnhancedConnectionPool::test_connection_pooling PASSED [ 63%]
backend\tests\test_enhanced_connection_pool.py::TestEnhancedConnectionPool::test_connection_validation PASSED [ 63%]
backend\tests\test_enhanced_connection_pool.py::TestEnhancedConnectionPool::test_health_status_tracking PASSED [ 63%]
backend\tests\test_enhanced_connection_pool.py::TestEnhancedConnectionPool::test_connection_timeout PASSED [ 63%]
backend\tests\test_enhanced_connection_pool.py::TestEnhancedConnectionPool::test_metrics_initialization PASSED [ 64%]
backend\tests\test_enhanced_item_search.py::test_search_includes_item_code_and_barcode PASSED [ 64%]
backend\tests\test_erp_mapping.py::test_map_erp_item_to_schema_with_manual_barcode PASSED [ 64%]
backend\tests\test_erp_mapping.py::test_map_erp_item_to_schema_without_manual_barcode PASSED [ 64%]
backend\tests\test_erp_sync_service.py::TestSQLSyncService::test_sync_items_success PASSED [ 64%]
backend\tests\test_erp_sync_service.py::TestSQLSyncService::test_sync_items_no_connection PASSED [ 65%]
backend\tests\test_erp_sync_service.py::TestSQLSyncService::test_sync_items_preserves_enrichment_data PASSED [ 65%]
backend\tests\test_erp_sync_service.py::TestSQLSyncService::test_sync_items_updates_location PASSED [ 65%]
backend\tests\test_erp_sync_service.py::TestSQLSyncService::test_sync_items_unchanged_quantity PASSED [ 65%]
backend\tests\test_erp_sync_service.py::TestSQLSyncService::test_sync_items_handles_errors_gracefully PASSED [ 65%]
backend\tests\test_erp_sync_service.py::TestSQLSyncService::test_sync_items_batch_processing PASSED [ 65%]
backend\tests\test_erp_sync_service.py::TestSQLSyncService::test_sync_now_triggers_immediate_sync PASSED [ 66%]
backend\tests\test_erp_sync_service.py::TestSQLSyncService::test_get_stats_returns_sync_statistics PASSED [ 66%]
backend\tests\test_erp_sync_service.py::TestSQLSyncService::test_set_interval_updates_sync_interval PASSED [ 66%]
backend\tests\test_erp_sync_service.py::TestSQLSyncService::test_disable_service PASSED [ 66%]
backend\tests\test_erp_sync_service.py::TestSQLSyncService::test_enable_service PASSED [ 66%]
backend\tests\test_erp_sync_service.py::TestSQLSyncService::test_sync_all_items_backwards_compatibility PASSED [ 67%]
backend\tests\test_error_handler_with_diagnosis.py::test_with_auto_diagnosis_async_success PASSED [ 67%]
backend\tests\test_error_handler_with_diagnosis.py::test_with_auto_diagnosis_async_error PASSED [ 67%]
backend\tests\test_error_handler_with_diagnosis.py::test_with_auto_diagnosis_auto_fix_success PASSED [ 67%]
backend\tests\test_error_handler_with_diagnosis.py::test_diagnose_and_handle PASSED [ 67%]
backend\tests\test_error_handler_with_diagnosis.py::test_self_diagnosing_error_handler_context_manager PASSED [ 68%]
backend\tests\test_error_handler_with_diagnosis.py::test_self_diagnosing_error_handler_execute PASSED [ 68%]
backend\tests\test_error_handler_with_diagnosis.py::test_self_diagnosing_error_handler_execute_error PASSED [ 68%]
backend\tests\test_error_handler_with_diagnosis.py::test_with_auto_diagnosis_sync_success PASSED [ 68%]
backend\tests\test_error_handler_with_diagnosis.py::test_with_auto_diagnosis_sync_error PASSED [ 68%]
backend\tests\test_error_handler_with_diagnosis.py::test_with_auto_diagnosis_critical_error PASSED [ 68%]
backend\tests\test_error_handler_with_diagnosis.py::test_diagnose_and_handle_auto_fix PASSED [ 69%]
backend\tests\test_error_handler_with_diagnosis.py::test_self_diagnosing_error_handler_context_manager_auto_fix PASSED [ 69%]
backend\tests\test_error_handler_with_diagnosis.py::test_get_diagnoses PASSED [ 69%]
backend\tests\test_error_logging.py::test_error_log_service_writes_document PASSED [ 69%]
backend\tests\test_error_logging.py::test_log_http_error_stores_severity_and_code PASSED [ 69%]
backend\tests\test_error_logging.py::test_get_errors_filters_by_severity PASSED [ 70%]
backend\tests\test_exceptions.py::TestStockVerifyException::test_base_exception_creation PASSED [ 70%]
backend\tests\test_exceptions.py::TestStockVerifyException::test_base_exception_with_details PASSED [ 70%]
backend\tests\test_exceptions.py::TestStockVerifyException::test_to_dict_conversion PASSED [ 70%]
backend\tests\test_exceptions.py::TestDatabaseConnectionError::test_database_connection_error PASSED [ 70%]
backend\tests\test_exceptions.py::TestDatabaseConnectionError::test_sql_server_connection_error PASSED [ 70%]
backend\tests\test_exceptions.py::TestDatabaseConnectionError::test_mongodb_connection_error PASSED [ 71%]
backend\tests\test_exceptions.py::TestSyncError::test_sync_error_creation PASSED [ 71%]
backend\tests\test_exceptions.py::TestItemNotFoundError::test_item_not_found_error PASSED [ 71%]
backend\tests\test_exceptions.py::TestValidationError::test_validation_error PASSED [ 71%]
backend\tests\test_exceptions.py::TestAuthenticationError::test_authentication_error_default PASSED [ 71%]
backend\tests\test_exceptions.py::TestAuthenticationError::test_authentication_error_custom PASSED [ 72%]
backend\tests\test_exceptions.py::TestAuthorizationError::test_authorization_error_default PASSED [ 72%]
backend\tests\test_exceptions.py::TestRateLimitError::test_rate_limit_error_default PASSED [ 72%]
backend\tests\test_exceptions.py::TestRateLimitError::test_rate_limit_error_with_retry_after PASSED [ 72%]
backend\tests\test_exceptions.py::TestExceptionInheritance::test_all_exceptions_inherit_from_base PASSED [ 72%]
backend\tests\test_floor_selection.py::test_create_count_line_saves_floor_no PASSED [ 72%]
backend\tests\test_integration.py::TestAuthenticationWorkflow::test_user_registration_and_login PASSED [ 73%]
backend\tests\test_integration.py::TestSessionWorkflow::test_session_creation PASSED [ 73%]
backend\tests\test_integration.py::TestCountLineWorkflow::test_count_line_creation PASSED [ 73%]
backend\tests\test_integration.py::TestERPItemsWorkflow::test_erp_items_search PASSED [ 73%]
backend\tests\test_integration.py::TestERPItemsWorkflow::test_erp_items_barcode_lookup PASSED [ 73%]
backend\tests\test_integration.py::TestHealthAndStatus::test_health_check PASSED [ 74%]
backend\tests\test_integration.py::TestHealthAndStatus::test_sync_status PASSED [ 74%]
backend\tests\test_items.py::TestGetItems::test_get_all_items_authenticated PASSED [ 74%]
backend\tests\test_items.py::TestGetItems::test_get_all_items_unauthenticated PASSED [ 74%]
backend\tests\test_items.py::TestGetItems::test_search_items PASSED      [ 74%]
backend\tests\test_items.py::TestGetItems::test_legacy_search_endpoint PASSED [ 74%]
backend\tests\test_items.py::TestGetItemByBarcode::test_get_item_by_barcode_success PASSED [ 75%]
backend\tests\test_items.py::TestGetItemByBarcode::test_refresh_stock PASSED [ 75%]
backend\tests\test_locations_api.py::test_get_warehouses_success PASSED  [ 75%]
backend\tests\test_locations_api.py::test_get_warehouses_zone_filtering PASSED [ 75%]
backend\tests\test_locations_api.py::test_get_warehouses_invalid_params PASSED [ 75%]
backend\tests\test_notification_service.py::test_create_notification PASSED [ 76%]
backend\tests\test_notification_service.py::test_notify_recount_assigned PASSED [ 76%]
backend\tests\test_notification_service.py::test_notify_count_approved PASSED [ 76%]
backend\tests\test_notification_service.py::test_notify_count_rejected PASSED [ 76%]
backend\tests\test_notification_service.py::test_get_user_notifications PASSED [ 76%]
backend\tests\test_notification_service.py::test_get_unread_notifications_only PASSED [ 76%]
backend\tests\test_notification_service.py::test_mark_as_read PASSED     [ 77%]
backend\tests\test_notification_service.py::test_mark_all_as_read PASSED [ 77%]
backend\tests\test_notification_service.py::test_delete_notification PASSED [ 77%]
backend\tests\test_notification_service.py::test_get_unread_count PASSED [ 77%]
backend\tests\test_offline_sync.py::test_modern_batch_sync_success PASSED [ 77%]
backend\tests\test_offline_sync.py::test_modern_batch_sync_duplicate_serial_conflict PASSED [ 78%]
backend\tests\test_performance.py::TestAPIPerformance::test_authentication_performance PASSED [ 78%]
backend\tests\test_performance.py::TestAPIPerformance::test_search_operations_performance PASSED [ 78%]
backend\tests\test_performance.py::TestAPIPerformance::test_concurrent_request_performance PASSED [ 78%]
backend\tests\test_performance.py::TestSessionPerformance::test_session_creation_performance PASSED [ 78%]
backend\tests\test_performance.py::TestHealthCheckPerformance::test_health_check_performance PASSED [ 78%]
backend\tests\test_pin_auth.py::TestPinAuthIntegration::test_pin_change_request_model PASSED [ 79%]
backend\tests\test_pin_auth.py::TestPinAuthIntegration::test_pin_login_request_model PASSED [ 79%]
backend\tests\test_result.py::TestResult::test_ok_creation PASSED        [ 79%]
backend\tests\test_result.py::TestResult::test_fail_creation PASSED      [ 79%]
backend\tests\test_result.py::TestResult::test_unwrap_or PASSED          [ 79%]
backend\tests\test_result.py::TestResult::test_map_success PASSED        [ 80%]
backend\tests\test_result.py::TestResult::test_map_failure PASSED        [ 80%]
backend\tests\test_result.py::TestResult::test_map_preserves_error PASSED [ 80%]
backend\tests\test_result.py::TestResult::test_and_then_success PASSED   [ 80%]
backend\tests\test_result.py::TestResult::test_and_then_failure PASSED   [ 80%]
backend\tests\test_result.py::TestResult::test_or_else PASSED            [ 80%]
backend\tests\test_result.py::TestResult::test_match PASSED              [ 81%]
backend\tests\test_result.py::TestResult::test_context_manager_success PASSED [ 81%]
backend\tests\test_result.py::TestResult::test_context_manager_failure PASSED [ 81%]
backend\tests\test_result.py::TestResult::test_from_callable_success PASSED [ 81%]
backend\tests\test_result.py::TestResult::test_from_callable_failure PASSED [ 81%]
backend\tests\test_result.py::TestResult::test_log_error PASSED          [ 82%]
backend\tests\test_result.py::TestResultFunctionDecorator::test_successful_function PASSED [ 82%]
backend\tests\test_result.py::TestResultFunctionDecorator::test_failing_function PASSED [ 82%]
backend\tests\test_result.py::TestResultFunctionDecorator::test_custom_error_type PASSED [ 82%]
backend\tests\test_result.py::TestEither::test_right_creation PASSED     [ 82%]
backend\tests\test_result.py::TestEither::test_left_creation PASSED      [ 82%]
backend\tests\test_result.py::TestEither::test_fold_right PASSED         [ 83%]
backend\tests\test_result.py::TestEither::test_fold_left PASSED          [ 83%]
backend\tests\test_result.py::TestEither::test_map_right PASSED          [ 83%]
backend\tests\test_result.py::TestEither::test_map_left PASSED           [ 83%]
backend\tests\test_routes_check.py::test_check_available_routes PASSED   [ 83%]
backend\tests\test_search_api.py::test_search_optimized_api PASSED       [ 84%]
backend\tests\test_search_api.py::test_search_api_missing_query PASSED   [ 84%]
backend\tests\test_search_service.py::test_search_too_short_query PASSED [ 84%]
backend\tests\test_search_service.py::test_search_exact_barcode_match PASSED [ 84%]
backend\tests\test_search_service.py::test_search_pagination PASSED      [ 84%]
backend\tests\test_search_service.py::test_search_scoring_logic PASSED   [ 85%]
backend\tests\test_security_headers.py::TestSecurityHeadersMiddleware::test_security_headers_present PASSED [ 85%]
backend\tests\test_security_headers.py::TestSecurityHeadersMiddleware::test_x_frame_options_deny PASSED [ 85%]
backend\tests\test_security_headers.py::TestSecurityHeadersMiddleware::test_x_content_type_options_nosniff PASSED [ 85%]
backend\tests\test_security_headers.py::TestSecurityHeadersMiddleware::test_content_security_policy_default PASSED [ 85%]
backend\tests\test_security_headers.py::TestSecurityHeadersMiddleware::test_content_security_policy_strict PASSED [ 85%]
backend\tests\test_security_headers.py::TestSecurityHeadersMiddleware::test_referrer_policy PASSED [ 86%]
backend\tests\test_security_headers.py::TestSecurityHeadersMiddleware::test_permissions_policy PASSED [ 86%]
backend\tests\test_security_headers.py::TestSecurityHeadersMiddleware::test_dangerous_headers_removed PASSED [ 86%]
backend\tests\test_security_headers.py::TestSecurityHeadersMiddleware::test_hsts_only_for_https PASSED [ 86%]
backend\tests\test_security_headers.py::TestSecurityHeadersMiddleware::test_cross_origin_headers PASSED [ 86%]
backend\tests\test_security_headers.py::TestSecurityHeadersMiddleware::test_custom_options PASSED [ 87%]
backend\tests\test_security_headers.py::TestSecurityHeadersMiddleware::test_middleware_does_not_break_functionality PASSED [ 87%]
backend\tests\test_sentry.py::TestSentryConfiguration::test_sentry_dsn_can_be_none PASSED [ 87%]
backend\tests\test_sentry.py::TestSentryConfiguration::test_sentry_dsn_accepts_valid_url PASSED [ 87%]
backend\tests\test_sentry.py::TestSentryConfiguration::test_sentry_environment_default PASSED [ 87%]
backend\tests\test_sentry.py::TestSentryConfiguration::test_sentry_traces_sample_rate_default PASSED [ 87%]
backend\tests\test_sentry.py::TestSentryConfiguration::test_sentry_traces_sample_rate_custom PASSED [ 88%]
backend\tests\test_sentry.py::TestSentryConfiguration::test_sentry_profiles_sample_rate_default PASSED [ 88%]
backend\tests\test_sentry.py::TestSentryInitialization::test_sentry_init_not_called_without_dsn PASSED [ 88%]
backend\tests\test_sentry.py::TestSentryInitialization::test_sentry_init_called_with_dsn PASSED [ 88%]
backend\tests\test_sentry.py::TestSentryErrorCapture::test_capture_exception PASSED [ 88%]
backend\tests\test_sentry.py::TestSentryErrorCapture::test_capture_message PASSED [ 89%]
backend\tests\test_sentry.py::TestSentryErrorCapture::test_set_tags PASSED [ 89%]
backend\tests\test_sentry.py::TestSentryContext::test_set_user_context PASSED [ 89%]
backend\tests\test_sentry.py::TestSentryContext::test_set_custom_context PASSED [ 89%]
backend\tests\test_sessions_api.py::test_get_sessions_endpoint PASSED    [ 89%]
backend\tests\test_sessions_api.py::test_create_session_endpoint PASSED  [ 89%]
backend\tests\test_sessions_api.py::test_get_sessions_pagination PASSED  [ 90%]
backend\tests\test_sessions_api.py::test_get_single_session PASSED       [ 90%]
backend\tests\test_sessions_api.py::test_session_not_found PASSED        [ 90%]
backend\tests\test_sessions_api.py::test_create_session_with_different_types PASSED [ 90%]
backend\tests\test_simple.py::test_root PASSED                           [ 90%]
backend\tests\test_sql_readonly.py::test_sql_server_connector_readonly PASSED [ 91%]
backend\tests\test_sql_readonly.py::test_sql_server_methods_readonly PASSED [ 91%]
backend\tests\test_sql_readonly.py::test_all_sql_queries_select_only PASSED [ 91%]
backend\tests\test_stock_verification.py::test_verify_stock_supervisor_only PASSED [ 91%]
backend\tests\test_stock_verification.py::test_verify_stock_updates_fields PASSED [ 91%]
backend\tests\test_stock_verification.py::test_unverify_stock_removes_verification PASSED [ 91%]
backend\tests\test_stock_verification.py::test_get_count_lines_with_verification_filter PASSED [ 92%]
backend\tests\test_stock_verification.py::test_verification_fields_in_count_line_creation PASSED [ 92%]
backend\tests\test_sync.py::TestSyncEndpoints::test_trigger_erp_sync PASSED [ 92%]
backend\tests\test_sync.py::TestSyncEndpoints::test_trigger_change_sync PASSED [ 92%]
backend\tests\test_sync.py::TestSyncEndpoints::test_get_change_sync_stats PASSED [ 92%]
backend\tests\test_sync.py::TestSyncEndpoints::test_legacy_batch_sync_operations PASSED [ 93%]
backend\tests\test_sync_service.py::test_detect_conflict_no_conflict PASSED [ 93%]
backend\tests\test_sync_service.py::test_detect_conflict_with_conflict PASSED [ 93%]
backend\tests\test_sync_service.py::test_get_conflicts PASSED            [ 93%]
backend\tests\test_sync_service.py::test_resolve_conflict_accept_server PASSED [ 93%]
backend\tests\test_sync_service.py::test_resolve_conflict_accept_local PASSED [ 93%]
backend\tests\test_variance_service.py::test_calculate_variance_positive PASSED [ 94%]
backend\tests\test_variance_service.py::test_calculate_variance_negative PASSED [ 94%]
backend\tests\test_variance_service.py::test_calculate_variance_zero PASSED [ 94%]
backend\tests\test_variance_service.py::test_check_thresholds_quantity_exceeded PASSED [ 94%]
backend\tests\test_variance_service.py::test_check_thresholds_value_exceeded PASSED [ 94%]
backend\tests\test_variance_service.py::test_check_thresholds_not_exceeded PASSED [ 95%]
backend\tests\test_variance_service.py::test_calculate_variance_with_zero_expected PASSED [ 95%]
backend\tests\test_variance_service.py::test_calculate_variance_fractional PASSED [ 95%]
backend\tests\test_verification.py::test_verify_item_with_damage_types PASSED [ 95%]
backend\tests\test_verification.py::test_verify_item_calculation_logic PASSED [ 95%]
backend\tests\test_version_check.py::TestVersionParsing::test_parse_simple_version PASSED [ 95%]
backend\tests\test_version_check.py::TestVersionParsing::test_parse_version_with_suffix PASSED [ 96%]
backend\tests\test_version_check.py::TestVersionParsing::test_parse_short_version PASSED [ 96%]
backend\tests\test_version_check.py::TestVersionParsing::test_parse_empty_version PASSED [ 96%]
backend\tests\test_version_check.py::TestVersionParsing::test_parse_invalid_version PASSED [ 96%]
backend\tests\test_version_check.py::TestVersionComparison::test_client_up_to_date PASSED [ 96%]
backend\tests\test_version_check.py::TestVersionComparison::test_client_needs_minor_update PASSED [ 97%]
backend\tests\test_version_check.py::TestVersionComparison::test_client_needs_major_update PASSED [ 97%]
backend\tests\test_version_check.py::TestVersionComparison::test_client_needs_patch_update PASSED [ 97%]
backend\tests\test_version_check.py::TestVersionComparison::test_client_below_minimum_version PASSED [ 97%]
backend\tests\test_version_check.py::TestVersionComparison::test_client_ahead_of_server PASSED [ 97%]
backend\tests\test_version_check.py::TestVersionCheckEndpoint::test_version_check_endpoint_basic PASSED [ 97%]
backend\tests\test_version_check.py::TestVersionCheckEndpoint::test_version_check_endpoint_missing_version PASSED [ 98%]
backend\tests\test_version_check.py::TestVersionCheckEndpoint::test_version_check_endpoint_invalid_version PASSED [ 98%]
backend\tests\test_websocket_manager.py::test_connect PASSED             [ 98%]
backend\tests\test_websocket_manager.py::test_disconnect PASSED          [ 98%]
backend\tests\test_websocket_manager.py::test_send_personal_message PASSED [ 98%]
backend\tests\test_websocket_manager.py::test_broadcast_to_session PASSED [ 99%]
backend\tests\test_websocket_service.py::test_connect PASSED             [ 99%]
backend\tests\test_websocket_service.py::test_disconnect PASSED          [ 99%]
backend\tests\test_websocket_service.py::test_send_personal_message PASSED [ 99%]
backend\tests\test_websocket_service.py::test_broadcast PASSED           [ 99%]
backend\tests\test_websocket_service.py::test_broadcast_to_role PASSED   [100%]
ERROR: Coverage failure: total of 37 is less than fail-under=80


=============================== tests coverage ================================
_______________ coverage: platform win32, python 3.13.9-final-0 _______________

Name                                             Stmts   Miss  Cover   Missing
------------------------------------------------------------------------------
agents\__init__.py                                   3      3     0%   29-32
agents\stock_verify_crew.py                        191    191     0%   16-606
analyze_bandit.py                                    9      9     0%   1-11
backend\__init__.py                                  0      0   100%
backend\api\__init__.py                              0      0   100%
backend\api\admin_control_api.py                   427    167    61%   14, 60-65, 81, 84, 88-89, 98-99, 138-142, 157-163, 174-176, 196, 199, 210, 213-214, 221-222, 280, 284-288, 292-293, 297-301, 307, 324-326, 337-351, 362, 370-372, 386, 398-400, 413-426, 433-435, 450-453, 459-461, 494-496, 551-553, 610-642, 659-661, 670, 678, 682, 686, 690-694, 697-698, 721, 729, 746-748, 760-772, 787, 811, 823-825, 845, 857-858, 864-884, 893-923
backend\api\admin_dashboard_api.py                 215    139    35%   80-96, 101-117, 122-131, 136-142, 147-152, 157-163, 168-175, 180-185, 190-199, 204-208, 213-216, 221, 231-233, 251-279, 297-340, 356-383, 399-449, 458-471
backend\api\auth.py                                331     93    72%   54-55, 82-86, 97-99, 142-144, 163-164, 186-187, 271-274, 290-305, 315-316, 321-324, 349, 370, 385-386, 392-393, 405-410, 422-423, 435-442, 482-483, 489, 509-510, 516-517, 529-534, 550, 556-565, 636, 646, 683, 687-691, 702, 721-732, 779, 789, 802
backend\api\copilot_api.py                           6      6     0%   1-16
backend\api\count_lines_api.py                     222     95    57%   28-33, 125, 129, 152, 258-259, 405-436, 445-474, 484-497, 508, 519-525, 530-548, 555-557, 580-603, 613-637
backend\api\count_state_api.py                     109    109     0%   12-370
backend\api\count_submission_api.py                 36     36     0%   5-134
backend\api\dashboard_analytics_api.py             183    183     0%   11-631
backend\api\dynamic_fields_api.py                  139     79    43%   27-29, 112-139, 156-165, 180-199, 213-223, 244-262, 287-320, 348-360, 383-396, 413-422
backend\api\dynamic_reports_api.py                 117     22    81%   32, 149-151, 255-257, 285-287, 318, 346-348, 372, 374-377, 379, 410-412
backend\api\enhanced_item_api.py                   221     77    65%   47-51, 87-90, 116, 136-140, 191-197, 212-235, 251-252, 272-273, 387, 391, 436, 438, 440, 550-554, 584, 591-593, 600-630, 640-643, 655-670, 678-696
backend\api\enrichment_api.py                      121     70    42%   28, 93-142, 153-170, 184-196, 210-222, 236-248, 259-279, 290-315
backend\api\enterprise_api.py                      263    168    36%   88-100, 111-118, 128-135, 148-152, 160-164, 172-194, 205-214, 222-226, 236-242, 254-258, 268-272, 280-285, 298-303, 311-315, 327-338, 348-363, 374-385, 393-401, 409-417, 425-433, 446-450, 458-462, 470-475, 485-503, 511-515, 528-539, 547-551, 559-581, 597-599, 612-614, 620-624
backend\api\erp_api.py                              94      7    93%   49, 97, 106, 116, 132, 189, 227
backend\api\error_reporting_api.py                 176    121    31%   94-149, 167-186, 197-248, 259-274, 289-315, 326-336, 347-379, 386-420
backend\api\exports_api.py                         105     68    35%   47-82, 98-100, 110-128, 140-168, 184-198, 214-246, 257-272, 282-310
backend\api\health.py                              219    144    34%   24-30, 38-56, 60-71, 75-89, 93-107, 111-123, 127-151, 155, 162-185, 202-215, 228-258, 290-295, 317, 330-347, 369-381, 392-412, 513-516
backend\api\item_verification_api.py               253    112    56%   63, 67, 71, 75, 78, 94, 99-107, 162, 164, 192-194, 202, 240, 246, 248-250, 298, 338-342, 362-412, 430-529, 545-591, 599-640, 651-687
backend\api\legacy_routes.py                       490    361    26%   25, 93-94, 101-106, 125-127, 140, 188-197, 220-225, 247-250, 256-315, 329-379, 384-488, 503-539, 544-551, 558-592, 599-611, 616-642, 653-667, 679-691, 701-756, 766-786, 805-842, 850-892, 902-937, 943-1021, 1030-1048, 1057-1110, 1116-1118, 1129-1281, 1286-1289, 1293-1294, 1305-1332, 1343-1364, 1377-1393, 1412-1437, 1446-1469, 1479-1491, 1502
backend\api\locations_api.py                        77     44    43%   80, 102-112, 118-119, 122-123, 131-158, 168-184
backend\api\logs_api.py                            144     88    39%   59-70, 88-115, 131-132, 141-157, 170-179, 188-210, 224-249, 266-281
backend\api\mapping_api.py                         198     64    68%   48-50, 59-69, 87-99, 115, 120, 133-147, 177-181, 222-226, 248, 262, 283-287, 306, 319, 323-326, 331, 339-343, 369-371
backend\api\master_settings_api.py                 108     59    45%   22, 32-39, 93-116, 127-157, 166, 228-270
backend\api\metrics_api.py                          65     41    37%   19, 28-37, 43-54, 60-82, 88-121, 152-156
backend\api\notes_api.py                            71     45    37%   30-36, 53-86, 94-108, 116-145
backend\api\notifications_api.py                    78     44    44%   59-78, 87-98, 108-125, 134-145, 155-172
backend\api\permissions_api.py                      79     53    33%   37, 69, 87-109, 129-182, 200-238, 256-294, 312-350
backend\api\pin_auth_api.py                         50      6    88%   45, 71, 85, 102, 111-112
backend\api\preferences_api.py                      32      2    94%   58, 69
backend\api\rack_api.py                            161    105    35%   78-95, 107-115, 133-162, 170-186, 207-290, 310-353, 367-401, 413-460, 469-475, 491-500
backend\api\realtime_dashboard_api.py              250    161    36%   98-100, 103-105, 108-113, 116-124, 127, 130, 143-146, 173-177, 191-216, 226-250, 263-338, 370-379, 406-448, 466, 484-488, 497-498, 503-508, 517-519, 530-539, 550-577, 591-616, 631-654
backend\api\report_generation_api.py               206    149    28%   91-99, 104-110, 115-119, 124-125, 130-133, 138-177, 182-239, 244-293, 298-366, 371-409, 426, 443-474, 485-521, 536-580, 595-633
backend\api\reporting_api.py                       125     74    41%   71-89, 105-118, 132-151, 164-173, 184-197, 208-213, 227-254, 269-280, 291-300, 312-323, 333-335
backend\api\response_models.py                      44      1    98%   51
backend\api\schemas.py                             220      5    98%   25, 29, 238, 240, 248
backend\api\schemas_variance.py                     39     39     0%   2-67
backend\api\search_api.py                           91     30    67%   208-216, 240, 265-284, 300-327
backend\api\security_api.py                        136    115    15%   22-24, 36-98, 110-170, 183-245, 260-313, 325-378, 390-460
backend\api\security_txt.py                         12     12     0%   8-56
backend\api\self_diagnosis_api.py                   76     55    28%   23-25, 38-44, 54-61, 71-104, 114-167, 175-184
backend\api\service_logs_api.py                    116     86    26%   22, 32-39, 46-53, 62-86, 91-94, 104-128, 141-161, 174-209, 222-237, 249-271
backend\api\session_management_api.py              212     51    76%   97, 103, 217-219, 222, 305, 309, 368-404, 430, 434, 461, 469-472, 558-587
backend\api\sql_connection_api.py                   44     44     0%   5-97
backend\api\supervisor_pin.py                       35     15    57%   33-73
backend\api\supervisor_workflow_api.py             134    134     0%   5-353
backend\api\sync_batch_api.py                      223     41    82%   186, 198-200, 265-268, 272-274, 299, 319, 348, 372, 383-387, 436-447, 465, 521-531, 569-572, 578
backend\api\sync_conflicts_api.py                   71     44    38%   34-39, 53-63, 73-87, 98-133, 152-191, 210-226, 242-244
backend\api\sync_management_api.py                  23      2    91%   23, 55
backend\api\sync_status_api.py                      38     23    39%   21, 33-38, 47-55, 64-72
backend\api\user_management_api.py                 256     97    62%   214, 217, 257-258, 283, 319, 332-335, 363, 397-398, 412, 428-441, 447, 450, 455-456, 470-482, 485-498, 501, 515, 548-549, 563, 576, 605-676, 692, 729-776, 789-836
backend\api\user_settings_api.py                    64     23    64%   86-88, 116, 129, 153, 173-177, 190-220
backend\api\v2\__init__.py                          10      0   100%
backend\api\v2\connection_status.py                 36     25    31%   22-50, 62-79, 91-108
backend\api\v2\health.py                            56     41    27%   19-26, 31-34, 42-50, 55-58, 63-67, 76-99, 113-137
backend\api\v2\items.py                            104     72    31%   23, 55-152, 168-213, 228-259, 275-332
backend\api\v2\metrics.py                           38     28    26%   22-45, 53-58, 67-97
backend\api\v2\sessions.py                         105     81    23%   46-94, 108-203, 222-317
backend\api\v2\supervisor.py                        25     10    60%   30-49
backend\api\variance_api.py                         23      1    96%   16
backend\api\variance_threshold_admin_api.py         91     91     0%   5-222
backend\api\websocket_api.py                        67     19    72%   17, 31, 35, 39, 45, 65-67, 73, 86-88, 117-123
backend\auth\__init__.py                             2      0   100%
backend\auth\dependencies.py                       135     35    74%   40, 62, 69, 76, 118, 127-130, 136-139, 180-183, 193-199, 245-271, 290-308
backend\auth\jwt_provider.py                        54     15    72%   20, 23-30, 38, 46, 53, 56, 59-60
backend\auth\permissions.py                         80     21    74%   150-151, 156-158, 163-165, 176-206, 218-221, 228-231, 238-242, 249-253
backend\config.py                                  251     99    61%   16-27, 77, 80, 84, 107-110, 114, 117-123, 127, 134, 154, 183-184, 189, 191, 200, 213-214, 220, 222, 231, 263, 302, 323, 352-426, 431-432, 460-462, 466, 468-474
backend\core\__init__.py                             0      0   100%
backend\core\database.py                            13     13     0%   1-36
backend\core\globals.py                             23      0   100%
backend\core\lifespan.py                           498    380    24%   22, 70-72, 81-82, 110-112, 126, 130, 139, 186-195, 218-223, 238-260, 339-913
backend\core\schemas\__init__.py                     3      0   100%
backend\core\schemas\audit_log.py                   42      0   100%
backend\core\schemas\user_settings.py               25      0   100%
backend\core\validators\__init__.py                  2      0   100%
backend\core\validators\pin_validator.py            37     10    73%   42, 48, 56, 63, 71, 79, 119, 165, 169, 177
backend\core\websocket_manager.py                   45      4    91%   25, 66-68
backend\db\__init__.py                               0      0   100%
backend\db\indexes.py                               46     41    11%   184-211, 225-240, 253-271
backend\db\initialization.py                        50     43    14%   12-106, 110-217
backend\db\migrations.py                           146    123    16%   24-36, 41-53, 57-63, 67-77, 81-96, 100-116, 125-157, 161-172, 177-202, 212-224, 228-246, 250-267, 271-272, 276
backend\db\runtime.py                               28     12    57%   21-30, 40, 47-49
backend\db_mapping_config.py                         9      0   100%
backend\debug_response_model.py                      4      4     0%   1-7
backend\error_messages.py                           31      7    77%   251, 255, 269-284
backend\exceptions.py                               49      0   100%
backend\fix_typing.py                               18     18     0%   1-52
backend\locustfile.py                               10     10     0%   1-26
backend\middleware\__init__.py                       0      0   100%
backend\middleware\compression_middleware.py        48     48     0%   6-109
backend\middleware\input_sanitization.py            94     94     0%   6-214
backend\middleware\lan_enforcement.py               28      5    82%   38-39, 61-63
backend\middleware\logging_middleware.py           104    104     0%   6-215
backend\middleware\performance_middleware.py        43     43     0%   5-109
backend\middleware\rate_limit_middleware.py         50     50     0%   5-115
backend\middleware\request_id.py                    43     43     0%   11-113
backend\middleware\request_size_limit.py            25     25     0%   6-68
backend\middleware\security.py                      83     50    40%   60-70, 87-112, 117-118, 133-148, 169-192, 200-201, 227-231, 255-261
backend\middleware\security_headers.py              22      1    95%   108
backend\middleware\setup.py                         65     65     0%   1-126
backend\models\__init__.py                           0      0   100%
backend\models\analytics.py                         23     23     0%   1-48
backend\models\preferences.py                       21      0   100%
backend\models\sync.py                              15     15     0%   1-28
backend\models\user.py                              43      2    95%   32, 41
backend\seed_e2e.py                                 15     15     0%   1-34
backend\seed_sample_data.py                         23     23     0%   1-80
backend\server.py                                  508    229    55%   102-103, 110-114, 141-143, 149, 163-169, 214-215, 276, 290-291, 298-299, 307-308, 326, 332-391, 405-455, 460-564, 579-615, 620-627, 634-668, 675-687, 692-718, 729-743, 757-764, 776-813, 821-863, 873-908, 914-992, 1001-1019, 1041, 1045, 1049, 1053, 1057, 1065, 1079, 1102, 1107, 1114, 1141-1142, 1246, 1266, 1297, 1329
backend\services\__init__.py                         0      0   100%
backend\services\activity_log.py                    98     45    54%   31, 33, 35, 37, 40-44, 124-127, 186-188, 192-203, 209-262
backend\services\advanced_erp_sync.py              168    168     0%   6-458
backend\services\advanced_report_service.py        246    159    35%   172, 176, 180-203, 207-208, 221-227, 236-242, 246, 286-369, 395-494, 520-682, 707-726, 730-758
backend\services\ai_search.py                       59     38    36%   35-50, 56-64, 72-110
backend\services\ai_variance.py                    111     33    70%   40-42, 56, 62, 65, 114-144, 175, 182-184, 199, 223-225, 230, 237-238, 244, 251-255
backend\services\analytics_service.py               32      0   100%
backend\services\audit_service.py                   56     27    52%   68-73, 106-113, 149-157, 193-201, 267-289
backend\services\auto_diagnosis.py                 219     34    84%   354, 365, 376, 393, 413, 429-440, 472-483, 489, 539, 546, 553, 596-599, 612, 631, 675, 680, 694-711
backend\services\auto_error_finder.py              126    126     0%   6-274
backend\services\auto_recovery.py                  142    142     0%   6-321
backend\services\auto_sync_manager.py              141    118    16%   37-68, 77-79, 83-99, 103-116, 120-128, 132-142, 146-149, 153-164, 168-179, 183-225, 229-239, 243, 262
backend\services\batch_operations.py               124      8    94%   78, 96-98, 139, 159, 203, 275
backend\services\cache_service.py                  168     95    43%   26, 35-47, 76-78, 85-91, 102-108, 119, 130-132, 135-140, 146-153, 164-169, 180-190, 197, 201-221, 233-247, 251-263
backend\services\change_detection_sync.py          177    177     0%   10-423
backend\services\circuit_breaker.py                135     71    47%   69, 74-85, 89-99, 105-110, 117-127, 140-157, 161-163, 167, 197, 201, 214-239
backend\services\count_state_machine.py            124     26    79%   81-83, 108-109, 172-174, 244, 267-269, 277-278, 292-296, 379, 390-399, 407
backend\services\data_governance.py                197    152    23%   95-98, 103-117, 125-129, 133-145, 149-206, 220-239, 246-290, 301-371, 375-379, 383-387, 395-426, 430-441, 464-481
backend\services\data_validation_service.py        176    176     0%   5-408
backend\services\database_health.py                142    112    21%   65, 69-84, 88-128, 132-181, 185-198, 207-213, 217-223, 227-239, 243-245, 256-301
backend\services\database_manager.py               214    214     0%   5-519
backend\services\database_optimizer.py             111     91    18%   40-42, 62-77, 112-149, 156-201, 205, 212, 218-231, 237-257, 263-295
backend\services\dynamic_fields_service.py         184    164    11%   22-24, 63-118, 124-138, 144-161, 165-175, 192-253, 257-275, 294-346, 349-357, 360-369, 372-377, 381-399, 403-407, 411-458
backend\services\dynamic_report_service.py         247    217    12%   26, 59-85, 89-101, 122-200, 211-227, 236-273, 282-308, 317-365, 374-390, 400, 404-417, 426-442, 452-468, 478-505, 515-528, 536-548, 560-564, 570-582, 586-604
backend\services\enhanced_connection_pool.py       247     45    82%   116, 136-137, 175, 205-207, 219-224, 234-235, 255-256, 285-286, 318-326, 331-332, 406-408, 444-460
backend\services\enrichment_service.py             189    163    14%   19-22, 27-33, 38-41, 46-49, 54-56, 85-108, 124-125, 146-222, 234-249, 265-287, 305-306, 325-364, 393-405, 427-467, 486-512, 537-570
backend\services\enterprise_audit.py               173    100    42%   32-55, 65-72, 177-181, 186-199, 203-213, 242-285, 302-322, 328-370, 382-432, 448-459
backend\services\enterprise_security.py            185    144    22%   67-82, 87-99, 103-113, 129-155, 166-193, 197-211, 215-231, 246-321, 329-342, 346-360, 375-411, 415-431, 435-436, 443-448, 452-468, 483-495, 505-518, 522-525
backend\services\error_log.py                      154     65    58%   32, 34, 36, 38, 41-45, 55, 137, 146-147, 191-194, 215, 224, 301-303, 307-317, 323-340, 346-430
backend\services\error_notification_service.py     102    102     0%   6-253
backend\services\errors.py                          27      7    74%   20-21, 28-30, 33-34
backend\services\feature_flags.py                  127     84    34%   68-75, 79-82, 86-94, 98-101, 123-154, 165-173, 179-193, 197-203, 207-209, 213-215, 219-222, 226-229, 235-244, 253-257
backend\services\item_service.py                    48     48     0%   1-70
backend\services\lock_manager.py                   141    110    22%   39-55, 68-86, 100-118, 122-123, 127-128, 132-133, 145-149, 153-155, 159-160, 164-177, 193-214, 218-220, 224-226, 240-248, 258-269, 276-293
backend\services\mdns_service.py                    46     33    28%   12-15, 18-47, 50-55, 58-66, 75-76, 81-82
backend\services\monitoring_service.py             111     88    21%   62-84, 90-112, 116-139, 162-177, 191-197, 204-266
backend\services\notification_service.py            56      2    96%   207-208
backend\services\observability.py                  183    183     0%   6-386
backend\services\pin_auth_service.py                77     62    19%   21-24, 28-34, 47-70, 83-137, 141-150, 154-173, 177
backend\services\pubsub_service.py                 139    112    19%   21-26, 36-40, 44-56, 60-75, 79-93, 97-118, 122-131, 141-151, 161-176, 190-195, 208-210, 221-223, 236-242, 246-247, 251-252, 256-257, 267-269
backend\services\rate_limiter.py                    87     54    38%   44-55, 59-78, 82-91, 105-140, 150-151, 175-179, 183-185, 189-190
backend\services\redis_service.py                  102     52    49%   45-72, 76-79, 83-107, 112-114, 119, 125, 147, 151, 155, 159, 163, 167, 171, 175, 179, 183, 187, 191, 195, 199, 203, 207, 211, 215, 225, 231-232, 237
backend\services\refresh_token.py                  107     58    46%   35-38, 98-99, 108-110, 114-155, 159-168, 177, 184-218
backend\services\reporting\compare_engine.py        86     73    15%   19, 41-99, 107-141, 150-179, 193-212, 218-236, 240-241, 247-254
backend\services\reporting\export_engine.py        113     97    14%   20-30, 35-44, 49-65, 70-81, 90, 103-137, 145-171, 177-187, 193-195
backend\services\reporting\query_builder.py         89     68    24%   39-43, 104, 131-160, 203-223, 237-257, 264-265, 274-293
backend\services\reporting\snapshot_engine.py       86     72    16%   21-22, 48-106, 110-111, 129-151, 157-172, 180-189, 209-229, 235-253
backend\services\runtime.py                         17      2    88%   12, 23
backend\services\scheduled_export_service.py       177    143    19%   37-39, 52-72, 76-86, 90-91, 95-104, 108-184, 188-218, 222-250, 255-283, 287-314, 318-330, 334-373, 377-396, 400-406, 410-420
backend\services\search_service.py                 163     46    72%   125-131, 162-165, 210, 216-218, 247, 302-303, 307-308, 312, 321-323, 328, 348-363, 381-393, 399-400
backend\services\sql_connection_optimizer.py       110    110     0%   6-240
backend\services\sql_sync_service.py               408    189    54%   27-34, 41-42, 124, 252-280, 391-395, 408-481, 499, 518-578, 588-637, 656, 774, 780, 788-789, 828-843, 852-882, 886-907, 911-918
backend\services\sync_conflicts_service.py         134     57    57%   109, 111, 113, 147, 150, 157-164, 203, 205, 209-210, 219-221, 232-246, 251-262, 266-281, 285-303
backend\services\system_report_service.py           59     44    25%   12, 15-35, 40, 56-64, 76-78, 92, 95-97, 108-111, 114-120
backend\services\variance_service.py                80     29    64%   98-99, 106, 117-121, 128, 130, 165-173, 177-185, 189-197, 209-248
backend\services\websocket_service.py               42      4    90%   52-53, 61-62
backend\sql_server_connector.py                    470    393    16%   17, 59-63, 67-95, 99-104, 108-129, 133-146, 150-168, 171-177, 180-186, 191-194, 197-202, 205-221, 224-235, 238-254, 257-268, 271-277, 280-282, 303-325, 336-346, 357-381, 387-411, 415-441, 445-452, 456-468, 478-482, 485-489, 497-502, 509-514, 518-527, 531-542, 546-555, 559-570, 577-604, 611-630, 637-676, 683-702, 708-734, 738-751, 755-768, 781-824, 837-879
backend\utils\__init__.py                            0      0   100%
backend\utils\api_utils.py                          69     25    64%   75-78, 98-99, 108-189, 213, 216-218
backend\utils\async_utils.py                       159    159     0%   6-325
backend\utils\auth_utils.py                         67     30    55%   33-38, 56-57, 62-64, 72-76, 80-97
backend\utils\crypto_utils.py                        3      0   100%
backend\utils\db_connection.py                     102     53    48%   45-55, 87, 106, 124, 128-129, 153-183, 200-213, 232-233, 254-278
backend\utils\erp_utils.py                         169    126    25%   23-24, 38, 45-52, 63-66, 111-132, 137-158, 201, 208-228, 238-303, 312-386, 397-423
backend\utils\error_handler_with_diagnosis.py      121     28    77%   25-27, 65-71, 105-107, 119-127, 130-131, 215, 259-266
backend\utils\logging_config.py                     38      7    82%   35-53, 91
backend\utils\pagination.py                         53     53     0%   8-277
backend\utils\pdf_generator.py                      55     55     0%   1-125
backend\utils\port_detector.py                     141    114    19%   18-45, 54-60, 67-79, 84-98, 106-128, 134-145, 151-180, 185-186, 196-224, 231-246
backend\utils\result.py                            221     77    65%   65-78, 84, 94, 98-100, 146, 153-155, 160-166, 173-175, 183-186, 202, 206-208, 211-213, 270, 280-282, 333-336, 340-379, 402-421
backend\utils\result_types.py                       75      6    92%   77, 84-86, 92, 98
backend\utils\secret_generator.py                   53     53     0%   9-88
backend\utils\service_manager.py                   131    106    19%   23-29, 34-39, 46-72, 77-85, 90-112, 121-164, 173-196, 201-219
backend\utils\structured_logging.py                 52     52     0%   6-173
backend\utils\tracing.py                            80     54    32%   24, 28, 31, 51-96, 113-127, 132-141
backend\utils\validation.py                        138    138     0%   6-524
check_items.py                                      13     13     0%   1-16
check_mongo_items.py                                29     29     0%   1-42
check_mongo_sample.py                               19     19     0%   1-26
check_sessions.py                                   22     22     0%   1-29
check_sql_connection.py                             38     38     0%   1-52
clean_sessions.py                                   17     17     0%   1-36
create_admin_temp.py                                14     14     0%   2-29
create_test_session.py                              45     45     0%   6-103
debug_mongo.py                                      29     29     0%   1-43
find_variants.py                                    35     35     0%   1-73
fix_db_issues.py                                    62     62     0%   2-86
inspect_barcode.py                                  67     67     0%   1-104
inspect_restored_db.py                              31     31     0%   1-44
inspect_sessions.py                                  9      9     0%   1-11
list_users.py                                       10     10     0%   1-11
migrate_sessions.py                                 12     12     0%   1-19
reset_admin_password.py                             18     18     0%   1-35
reset_pin.py                                        28     28     0%   1-68
seed_db.py                                          38     38     0%   1-113
seed_variants.py                                    20     20     0%   1-71
sync_sql_to_mongo.py                               110    110     0%   20-172
test_control_flow.py                                73     73     0%   1-130
test_dashboard_opt.py                               25     25     0%   1-42
test_session.py                                     17     17     0%   3-30
test_session_model.py                               10     10     0%   1-12
test_sql_integration.py                             32     32     0%   3-53
------------------------------------------------------------------------------
TOTAL                                            21099  13241    37%
Coverage HTML written to dir coverage_html
FAIL Required test coverage of 80% not reached. Total coverage: 37.24%
======================= 539 passed, 8 skipped in 54.42s =======================
