============================= test session starts =============================
platform win32 -- Python 3.13.9, pytest-9.0.2, pluggy-1.6.0 -- C:\Users\mknou\AppData\Local\Microsoft\WindowsApps\PythonSoftwareFoundation.Python.3.13_qbz5n2kfra8p0\python.exe
cachedir: .pytest_cache
hypothesis profile 'default'
rootdir: D:\stk\stock-verify-system\backend
configfile: pytest.ini
plugins: hypothesis-6.150.0, langsmith-0.5.0, locust-2.42.6, asyncio-1.3.0, cov-7.0.0, schemathesis-4.8.0, typeguard-4.4.4
asyncio: mode=Mode.AUTO, debug=False, asyncio_default_fixture_loop_scope=function, asyncio_default_test_loop_scope=function
collecting ... collected 6 items

backend\tests\test_pin_auth.py::TestPinAuth::test_change_pin_success ERROR [ 16%]
backend\tests\test_pin_auth.py::TestPinAuth::test_change_pin_invalid_format ERROR [ 33%]
backend\tests\test_pin_auth.py::TestPinAuth::test_change_pin_non_numeric ERROR [ 50%]
backend\tests\test_pin_auth.py::TestPinAuth::test_login_with_pin_success ERROR [ 66%]
backend\tests\test_pin_auth.py::TestPinAuth::test_login_with_invalid_pin ERROR [ 83%]
backend\tests\test_pin_auth.py::TestPinAuth::test_login_pin_user_not_found ERROR [100%]
ERROR: Coverage failure: total of 23 is less than fail-under=80


=================================== ERRORS ====================================
____________ ERROR at setup of TestPinAuth.test_change_pin_success ____________
backend\tests\test_pin_auth.py:15: in fake_environment
    db = setup_server_with_in_memory_db(monkeypatch)
         ^^^^^^^^^^^^^^^^^^^^^^^^^^^^^^^^^^^^^^^^^^^
backend\tests\utils\in_memory_db.py:326: in setup_server_with_in_memory_db
    _setup_auth_and_seed_users(monkeypatch, fake_db, server_module)
backend\tests\utils\in_memory_db.py:499: in _setup_auth_and_seed_users
    _seed_default_users(fake_db, server_module)
backend\tests\utils\in_memory_db.py:530: in _seed_default_users
    user["pin_hash"] = pwd_context.hash("1234")
                       ^^^^^^^^^^^^^^^^^^^^^^^^
C:\Users\mknou\AppData\Local\Packages\PythonSoftwareFoundation.Python.3.13_qbz5n2kfra8p0\LocalCache\local-packages\Python313\site-packages\passlib\context.py:2258: in hash
    return record.hash(secret, **kwds)
           ^^^^^^^^^^^^^^^^^^^^^^^^^^^
C:\Users\mknou\AppData\Local\Packages\PythonSoftwareFoundation.Python.3.13_qbz5n2kfra8p0\LocalCache\local-packages\Python313\site-packages\passlib\utils\handlers.py:779: in hash
    self.checksum = self._calc_checksum(secret)
                    ^^^^^^^^^^^^^^^^^^^^^^^^^^^
C:\Users\mknou\AppData\Local\Packages\PythonSoftwareFoundation.Python.3.13_qbz5n2kfra8p0\LocalCache\local-packages\Python313\site-packages\passlib\handlers\bcrypt.py:591: in _calc_checksum
    self._stub_requires_backend()
C:\Users\mknou\AppData\Local\Packages\PythonSoftwareFoundation.Python.3.13_qbz5n2kfra8p0\LocalCache\local-packages\Python313\site-packages\passlib\utils\handlers.py:2254: in _stub_requires_backend
    cls.set_backend()
C:\Users\mknou\AppData\Local\Packages\PythonSoftwareFoundation.Python.3.13_qbz5n2kfra8p0\LocalCache\local-packages\Python313\site-packages\passlib\utils\handlers.py:2156: in set_backend
    return owner.set_backend(name, dryrun=dryrun)
           ^^^^^^^^^^^^^^^^^^^^^^^^^^^^^^^^^^^^^^
C:\Users\mknou\AppData\Local\Packages\PythonSoftwareFoundation.Python.3.13_qbz5n2kfra8p0\LocalCache\local-packages\Python313\site-packages\passlib\utils\handlers.py:2163: in set_backend
    return cls.set_backend(name, dryrun=dryrun)
           ^^^^^^^^^^^^^^^^^^^^^^^^^^^^^^^^^^^^
C:\Users\mknou\AppData\Local\Packages\PythonSoftwareFoundation.Python.3.13_qbz5n2kfra8p0\LocalCache\local-packages\Python313\site-packages\passlib\utils\handlers.py:2188: in set_backend
    cls._set_backend(name, dryrun)
C:\Users\mknou\AppData\Local\Packages\PythonSoftwareFoundation.Python.3.13_qbz5n2kfra8p0\LocalCache\local-packages\Python313\site-packages\passlib\utils\handlers.py:2311: in _set_backend
    super(SubclassBackendMixin, cls)._set_backend(name, dryrun)
C:\Users\mknou\AppData\Local\Packages\PythonSoftwareFoundation.Python.3.13_qbz5n2kfra8p0\LocalCache\local-packages\Python313\site-packages\passlib\utils\handlers.py:2224: in _set_backend
    ok = loader(**kwds)
         ^^^^^^^^^^^^^^
C:\Users\mknou\AppData\Local\Packages\PythonSoftwareFoundation.Python.3.13_qbz5n2kfra8p0\LocalCache\local-packages\Python313\site-packages\passlib\handlers\bcrypt.py:626: in _load_backend_mixin
    return mixin_cls._finalize_backend_mixin(name, dryrun)
           ^^^^^^^^^^^^^^^^^^^^^^^^^^^^^^^^^^^^^^^^^^^^^^^
C:\Users\mknou\AppData\Local\Packages\PythonSoftwareFoundation.Python.3.13_qbz5n2kfra8p0\LocalCache\local-packages\Python313\site-packages\passlib\handlers\bcrypt.py:421: in _finalize_backend_mixin
    if detect_wrap_bug(IDENT_2A):
       ^^^^^^^^^^^^^^^^^^^^^^^^^
C:\Users\mknou\AppData\Local\Packages\PythonSoftwareFoundation.Python.3.13_qbz5n2kfra8p0\LocalCache\local-packages\Python313\site-packages\passlib\handlers\bcrypt.py:380: in detect_wrap_bug
    if verify(secret, bug_hash):
       ^^^^^^^^^^^^^^^^^^^^^^^^
C:\Users\mknou\AppData\Local\Packages\PythonSoftwareFoundation.Python.3.13_qbz5n2kfra8p0\LocalCache\local-packages\Python313\site-packages\passlib\utils\handlers.py:792: in verify
    return consteq(self._calc_checksum(secret), chk)
                   ^^^^^^^^^^^^^^^^^^^^^^^^^^^
C:\Users\mknou\AppData\Local\Packages\PythonSoftwareFoundation.Python.3.13_qbz5n2kfra8p0\LocalCache\local-packages\Python313\site-packages\passlib\handlers\bcrypt.py:655: in _calc_checksum
    hash = _bcrypt.hashpw(secret, config)
           ^^^^^^^^^^^^^^^^^^^^^^^^^^^^^^
E   ValueError: password cannot be longer than 72 bytes, truncate manually if necessary (e.g. my_password[:72])
----------------------------- Captured log setup ------------------------------
INFO     stock-verify:server.py:205 \u2713 Security headers middleware enabled\nINFO     stock-verify:server.py:256 \u2713 Phase 1-3 upgrade routers registered\nINFO     stock-verify:server.py:257 \u2713 Admin Dashboard, Report Generation, and Dynamic Reports APIs registered\nINFO     stock-verify:server.py:262 \u2713 Enterprise API router registered at /api/enterprise/*\nINFO     stock-verify:server.py:273 Route: /openapi.json\nINFO     stock-verify:server.py:273 Route: /docs\nINFO     stock-verify:server.py:273 Route: /docs/oauth2-redirect\nINFO     stock-verify:server.py:273 Route: /redoc\nINFO     stock-verify:server.py:273 Route: /health/\nINFO     stock-verify:server.py:273 Route: /health\nINFO     stock-verify:server.py:273 Route: /health/live\nINFO     stock-verify:server.py:273 Route: /health/ready\nINFO     stock-verify:server.py:273 Route: /health/startup\nINFO     stock-verify:server.py:273 Route: /health/detailed\nINFO     stock-verify:server.py:273 Route: /api/health/\nINFO     stock-verify:server.py:273 Route: /api/health\nINFO     stock-verify:server.py:273 Route: /api/health/live\nINFO     stock-verify:server.py:273 Route: /api/health/ready\nINFO     stock-verify:server.py:273 Route: /api/health/startup\nINFO     stock-verify:server.py:273 Route: /api/health/detailed\nINFO     stock-verify:server.py:273 Route: /api/version\nINFO     stock-verify:server.py:273 Route: /api/version/check\nINFO     stock-verify:server.py:273 Route: /api/permissions/available\nINFO     stock-verify:server.py:273 Route: /api/permissions/roles\nINFO     stock-verify:server.py:273 Route: /api/permissions/users/{username}\nINFO     stock-verify:server.py:273 Route: /api/permissions/users/{username}/add\nINFO     stock-verify:server.py:273 Route: /api/permissions/users/{username}/remove\nINFO     stock-verify:server.py:273 Route: /api/permissions/users/{username}/disable\nINFO     stock-verify:server.py:273 Route: /api/permissions/users/{username}/enable\nINFO     stock-verify:server.py:273 Route: /api/users\nINFO     stock-verify:server.py:273 Route: /api/users/{user_id}\nINFO     stock-verify:server.py:273 Route: /api/users\nINFO     stock-verify:server.py:273 Route: /api/users/{user_id}\nINFO     stock-verify:server.py:273 Route: /api/users/{user_id}\nINFO     stock-verify:server.py:273 Route: /api/users/bulk\nINFO     stock-verify:server.py:273 Route: /api/users/roles/available\nINFO     stock-verify:server.py:273 Route: /api/users/{user_id}/reset-password\nINFO     stock-verify:server.py:273 Route: /api/users/{user_id}/reset-pin\nINFO     stock-verify:server.py:273 Route: /api/mapping/tables\nINFO     stock-verify:server.py:273 Route: /api/mapping/columns\nINFO     stock-verify:server.py:273 Route: /api/mapping/preview\nINFO     stock-verify:server.py:273 Route: /api/mapping/save\nINFO     stock-verify:server.py:273 Route: /api/mapping/current\nINFO     stock-verify:server.py:273 Route: /api/exports/schedules\nINFO     stock-verify:server.py:273 Route: /api/exports/schedules\nINFO     stock-verify:server.py:273 Route: /api/exports/schedules/{schedule_id}\nINFO     stock-verify:server.py:273 Route: /api/exports/schedules/{schedule_id}\nINFO     stock-verify:server.py:273 Route: /api/exports/schedules/{schedule_id}\nINFO     stock-verify:server.py:273 Route: /api/exports/schedules/{schedule_id}/execute\nINFO     stock-verify:server.py:273 Route: /api/exports/results\nINFO     stock-verify:server.py:273 Route: /api/exports/results/{result_id}/download\nINFO     stock-verify:server.py:273 Route: /api/auth/register\nINFO     stock-verify:server.py:273 Route: /api/auth/login\nINFO     stock-verify:server.py:273 Route: /api/auth/login-pin\nINFO     stock-verify:server.py:273 Route: /api/auth/me\nINFO     stock-verify:server.py:273 Route: /api/auth/heartbeat\nINFO     stock-verify:server.py:273 Route: /api/auth/change-pin\nINFO     stock-verify:server.py:273 Route: /api/auth/change-password\nINFO     stock-verify:server.py:273 Route: /api/v2/erp/items/barcode/{barcode}/enhanced\nINFO     stock-verify:server.py:273 Route: /api/v2/erp/items/search/advanced\nINFO     stock-verify:server.py:273 Route: /api/v2/erp/items/locations\nINFO     stock-verify:server.py:273 Route: /api/v2/erp/items/performance/stats\nINFO     stock-verify:server.py:273 Route: /api/v2/erp/items/sync/realtime\nINFO     stock-verify:server.py:273 Route: /api/v2/erp/items/database/status\nINFO     stock-verify:server.py:273 Route: /api/v2/erp/items/database/optimize\nINFO     stock-verify:server.py:273 Route: /api/items/search/optimized\nINFO     stock-verify:server.py:273 Route: /api/items/search/optimized\nINFO     stock-verify:server.py:273 Route: /api/items/search/suggestions\nINFO     stock-verify:server.py:273 Route: /api/items/search/filters\nINFO     stock-verify:server.py:273 Route: /api/metrics\nINFO     stock-verify:server.py:273 Route: /api/metrics/json\nINFO     stock-verify:server.py:273 Route: /api/metrics/health\nINFO     stock-verify:server.py:273 Route: /api/metrics/stats\nINFO     stock-verify:server.py:273 Route: /api/metrics/staff-performance\nINFO     stock-verify:server.py:273 Route: /api/sync/status\nINFO     stock-verify:server.py:273 Route: /api/sync/stats\nINFO     stock-verify:server.py:273 Route: /api/sync/trigger\nINFO     stock-verify:server.py:273 Route: /api/sync/erp\nINFO     stock-verify:server.py:273 Route: /api/sync/changes\nINFO     stock-verify:server.py:273 Route: /api/sync/changes/stats\nINFO     stock-verify:server.py:273 Route: /api/diagnosis/health\nINFO     stock-verify:server.py:273 Route: /api/diagnosis/statistics\nINFO     stock-verify:server.py:273 Route: /api/diagnosis/diagnose\nINFO     stock-verify:server.py:273 Route: /api/diagnosis/auto-fix\nINFO     stock-verify:server.py:273 Route: /api/diagnosis/patterns\nINFO     stock-verify:server.py:273 Route: /api/admin/security/failed-logins\nINFO     stock-verify:server.py:273 Route: /api/admin/security/suspicious-activity\nINFO     stock-verify:server.py:273 Route: /api/admin/security/sessions\nINFO     stock-verify:server.py:273 Route: /api/admin/security/audit-log\nINFO     stock-verify:server.py:273 Route: /api/admin/security/ip-tracking\nINFO     stock-verify:server.py:273 Route: /api/admin/security/summary\nINFO     stock-verify:server.py:273 Route: /api/v2/erp/items/{item_code}/update-master\nINFO     stock-verify:server.py:273 Route: /api/v2/erp/items/{item_code}/verify\nINFO     stock-verify:server.py:273 Route: /api/v2/erp/items/filtered\nINFO     stock-verify:server.py:273 Route: /api/v2/erp/items/export/csv\nINFO     stock-verify:server.py:273 Route: /api/v2/erp/items/variances\nINFO     stock-verify:server.py:273 Route: /api/v2/erp/items/live/users\nINFO     stock-verify:server.py:273 Route: /api/v2/erp/items/live/verifications\nINFO     stock-verify:server.py:273 Route: /api/erp/items/barcode/{barcode}\nINFO     stock-verify:server.py:273 Route: /api/erp/items/{item_code}/refresh-stock\nINFO     stock-verify:server.py:273 Route: /api/erp/items\nINFO     stock-verify:server.py:273 Route: /api/items/search\nINFO     stock-verify:server.py:273 Route: /api/variance-reasons\nINFO     stock-verify:server.py:273 Route: /api/variance/trend\nINFO     stock-verify:server.py:273 Route: /api/admin/control/services/status\nINFO     stock-verify:server.py:273 Route: /api/admin/control/services/backend/start\nINFO     stock-verify:server.py:273 Route: /api/admin/control/services/backend/stop\nINFO     stock-verify:server.py:273 Route: /api/admin/control/services/frontend/start\nINFO     stock-verify:server.py:273 Route: /api/admin/control/services/frontend/stop\nINFO     stock-verify:server.py:273 Route: /api/admin/control/system/issues\nINFO     stock-verify:server.py:273 Route: /api/admin/control/devices\nINFO     stock-verify:server.py:273 Route: /api/admin/control/reports/available\nINFO     stock-verify:server.py:273 Route: /api/admin/control/reports/generate\nINFO     stock-verify:server.py:273 Route: /api/admin/control/logs/{service}\nINFO     stock-verify:server.py:273 Route: /api/admin/control/logs/clear\nINFO     stock-verify:server.py:273 Route: /api/admin/control/sql-server/config\nINFO     stock-verify:server.py:273 Route: /api/admin/control/sql-server/config\nINFO     stock-verify:server.py:273 Route: /api/admin/control/sql-server/test\nINFO     stock-verify:server.py:273 Route: /api/admin/control/system/health-score\nINFO     stock-verify:server.py:273 Route: /api/admin/control/system/stats\nINFO     stock-verify:server.py:273 Route: /api/dynamic-fields/definitions\nINFO     stock-verify:server.py:273 Route: /api/dynamic-fields/definitions\nINFO     stock-verify:server.py:273 Route: /api/dynamic-fields/definitions/{field_id}\nINFO     stock-verify:server.py:273 Route: /api/dynamic-fields/definitions/{field_id}\nINFO     stock-verify:server.py:273 Route: /api/dynamic-fields/values\nINFO     stock-verify:server.py:273 Route: /api/dynamic-fields/values/bulk\nINFO     stock-verify:server.py:273 Route: /api/dynamic-fields/values/{item_code}\nINFO     stock-verify:server.py:273 Route: /api/dynamic-fields/items\nINFO     stock-verify:server.py:273 Route: /api/dynamic-fields/statistics/{field_name}\nINFO     stock-verify:server.py:273 Route: /api/dynamic-reports/templates\nINFO     stock-verify:server.py:273 Route: /api/dynamic-reports/templates\nINFO     stock-verify:server.py:273 Route: /api/dynamic-reports/generate\nINFO     stock-verify:server.py:273 Route: /api/dynamic-reports/history\nINFO     stock-verify:server.py:273 Route: /api/dynamic-reports/{report_id}/download\nINFO     stock-verify:server.py:273 Route: /api/dynamic-reports/quick/items-with-fields\nINFO     stock-verify:server.py:273 Route: /api/dynamic-reports/quick/variance-summary\nINFO     stock-verify:server.py:273 Route: /api/dashboard/columns\nINFO     stock-verify:server.py:273 Route: /api/dashboard/data\nINFO     stock-verify:server.py:273 Route: /api/dashboard/item/{item_id}\nINFO     stock-verify:server.py:273 Route: /api/dashboard/stats\nINFO     stock-verify:server.py:273 Route: /api/dashboard/filters/options\nINFO     stock-verify:server.py:273 Route: /api/dashboard/stream\nINFO     stock-verify:server.py:273 Route: /api/dashboard/ws/{token}\nINFO     stock-verify:server.py:273 Route: /api/dashboard/export/csv\nINFO     stock-verify:server.py:273 Route: /api/dashboard/export/xlsx\nINFO     stock-verify:server.py:273 Route: /api/error-logs\nINFO     stock-verify:server.py:273 Route: /api/error-logs\nINFO     stock-verify:server.py:273 Route: /api/error-logs/stats\nINFO     stock-verify:server.py:273 Route: /api/error-logs/{log_id}\nINFO     stock-verify:server.py:273 Route: /api/error-logs/{log_id}/resolve\nINFO     stock-verify:server.py:273 Route: /api/activity-logs\nINFO     stock-verify:server.py:273 Route: /api/activity-logs/stats\nINFO     stock-verify:server.py:273 Route: /api/admin/settings/parameters\nINFO     stock-verify:server.py:273 Route: /api/admin/settings/parameters\nINFO     stock-verify:server.py:273 Route: /api/admin/settings/categories\nINFO     stock-verify:server.py:273 Route: /api/admin/settings/reset\nINFO     stock-verify:server.py:273 Route: /api/admin/logs/backend\nINFO     stock-verify:server.py:273 Route: /api/admin/logs/frontend\nINFO     stock-verify:server.py:273 Route: /api/admin/logs/mongodb\nINFO     stock-verify:server.py:273 Route: /api/admin/logs/system\nINFO     stock-verify:server.py:273 Route: /api/admin/logs/clear\nINFO     stock-verify:server.py:273 Route: /api/locations/warehouses\nINFO     stock-verify:server.py:273 Route: /api/locations/zones\nINFO     stock-verify:server.py:273 Route: /api/count-lines\nINFO     stock-verify:server.py:273 Route: /api/count-lines/{line_id}/approve\nINFO     stock-verify:server.py:273 Route: /api/count-lines/{line_id}/reject\nINFO     stock-verify:server.py:273 Route: /api/count-lines/check/{session_id}/{item_code}\nINFO     stock-verify:server.py:273 Route: /api/count-lines/session/{session_id}\nINFO     stock-verify:server.py:273 Route: /api/count-lines/{line_id}\nINFO     stock-verify:server.py:273 Route: /api/sessions/{session_id}/items/{item_code}/scan-status\nINFO     stock-verify:server.py:273 Route: /api/sync/batch\nINFO     stock-verify:server.py:273 Route: /api/sync/heartbeat\nINFO     stock-verify:server.py:273 Route: /api/racks/available\nINFO     stock-verify:server.py:273 Route: /api/racks/floors\nINFO     stock-verify:server.py:273 Route: /api/racks/{rack_id}/claim\nINFO     stock-verify:server.py:273 Route: /api/racks/{rack_id}/release\nINFO     stock-verify:server.py:273 Route: /api/racks/{rack_id}/pause\nINFO     stock-verify:server.py:273 Route: /api/racks/{rack_id}/resume\nINFO     stock-verify:server.py:273 Route: /api/racks/{rack_id}/status\nINFO     stock-verify:server.py:273 Route: /api/racks/user/active\nINFO     stock-verify:server.py:273 Route: /api/sessions/\nINFO     stock-verify:server.py:273 Route: /api/sessions/\nINFO     stock-verify:server.py:273 Route: /api/sessions/active\nINFO     stock-verify:server.py:273 Route: /api/sessions/{session_id}\nINFO     stock-verify:server.py:273 Route: /api/sessions/{session_id}/stats\nINFO     stock-verify:server.py:273 Route: /api/sessions/{session_id}/heartbeat\nINFO     stock-verify:server.py:273 Route: /api/sessions/{session_id}/status\nINFO     stock-verify:server.py:273 Route: /api/sessions/{session_id}/complete\nINFO     stock-verify:server.py:273 Route: /api/sessions/user/history\nINFO     stock-verify:server.py:273 Route: /api/user/settings\nINFO     stock-verify:server.py:273 Route: /api/user/settings\nINFO     stock-verify:server.py:273 Route: /api/user/settings\nINFO     stock-verify:server.py:273 Route: /api/users/me/preferences\nINFO     stock-verify:server.py:273 Route: /api/users/me/preferences\nINFO     stock-verify:server.py:273 Route: /api/reports/query/preview\nINFO     stock-verify:server.py:273 Route: /api/reports/snapshots\nINFO     stock-verify:server.py:273 Route: /api/reports/snapshots\nINFO     stock-verify:server.py:273 Route: /api/reports/snapshots/{snapshot_id}\nINFO     stock-verify:server.py:273 Route: /api/reports/snapshots/{snapshot_id}\nINFO     stock-verify:server.py:273 Route: /api/reports/snapshots/{snapshot_id}/refresh\nINFO     stock-verify:server.py:273 Route: /api/reports/snapshots/{snapshot_id}/export\nINFO     stock-verify:server.py:273 Route: /api/reports/compare\nINFO     stock-verify:server.py:273 Route: /api/reports/compare/{job_id}\nINFO     stock-verify:server.py:273 Route: /api/reports/compare\nINFO     stock-verify:server.py:273 Route: /api/reports/collections\nINFO     stock-verify:server.py:273 Route: /api/admin/dashboard/kpis\nINFO     stock-verify:server.py:273 Route: /api/admin/dashboard/system-status\nINFO     stock-verify:server.py:273 Route: /api/admin/dashboard/active-users\nINFO     stock-verify:server.py:273 Route: /api/admin/dashboard/error-logs\nINFO     stock-verify:server.py:273 Route: /api/admin/dashboard/performance-metrics\nINFO     stock-verify:server.py:273 Route: /api/admin/dashboard/summary\nINFO     stock-verify:server.py:273 Route: /api/reports/types\nINFO     stock-verify:server.py:273 Route: /api/reports/generate\nINFO     stock-verify:server.py:273 Route: /api/reports/export/csv\nINFO     stock-verify:server.py:273 Route: /api/reports/export/xlsx\nINFO     stock-verify:server.py:273 Route: /api/reports/filters/{report_type}\nINFO     stock-verify:server.py:273 Route: /api/admin/errors/report\nINFO     stock-verify:server.py:273 Route: /api/admin/errors\nINFO     stock-verify:server.py:273 Route: /api/admin/errors/dashboard\nINFO     stock-verify:server.py:273 Route: /api/admin/errors/{error_id}\nINFO     stock-verify:server.py:273 Route: /api/admin/errors/{error_id}/status\nINFO     stock-verify:server.py:273 Route: /api/admin/errors/{error_id}\nINFO     stock-verify:server.py:273 Route: /api/admin/errors/stats/summary\nINFO     stock-verify:server.py:273 Route: /ws/updates\nINFO     stock-verify:server.py:273 Route: /api/enterprise/audit/logs\nINFO     stock-verify:server.py:273 Route: /api/enterprise/audit/verify-integrity\nINFO     stock-verify:server.py:273 Route: /api/enterprise/audit/compliance-report\nINFO     stock-verify:server.py:273 Route: /api/enterprise/security/summary\nINFO     stock-verify:server.py:273 Route: /api/enterprise/security/ip-lists\nINFO     stock-verify:server.py:273 Route: /api/enterprise/security/ip-list\nINFO     stock-verify:server.py:273 Route: /api/enterprise/security/ip-list/{ip_address}\nINFO     stock-verify:server.py:273 Route: /api/enterprise/security/locked-accounts\nINFO     stock-verify:server.py:273 Route: /api/enterprise/security/unlock-account\nINFO     stock-verify:server.py:273 Route: /api/enterprise/security/events\nINFO     stock-verify:server.py:273 Route: /api/enterprise/security/sessions/{user_id}\nINFO     stock-verify:server.py:273 Route: /api/enterprise/security/sessions/{user_id}\nINFO     stock-verify:server.py:273 Route: /api/enterprise/features\nINFO     stock-verify:server.py:273 Route: /api/enterprise/features/enabled\nINFO     stock-verify:server.py:273 Route: /api/enterprise/features/{key}\nINFO     stock-verify:server.py:273 Route: /api/enterprise/features\nINFO     stock-verify:server.py:273 Route: /api/enterprise/features/{key}\nINFO     stock-verify:server.py:273 Route: /api/enterprise/features/{key}/enable\nINFO     stock-verify:server.py:273 Route: /api/enterprise/features/{key}/disable\nINFO     stock-verify:server.py:273 Route: /api/enterprise/features/{key}\nINFO     stock-verify:server.py:273 Route: /api/enterprise/governance/inventory\nINFO     stock-verify:server.py:273 Route: /api/enterprise/governance/compliance-report\nINFO     stock-verify:server.py:273 Route: /api/enterprise/governance/retention-policies\nINFO     stock-verify:server.py:273 Route: /api/enterprise/governance/retention-policies\nINFO     stock-verify:server.py:273 Route: /api/enterprise/governance/apply-retention\nINFO     stock-verify:server.py:273 Route: /api/enterprise/governance/data-requests\nINFO     stock-verify:server.py:273 Route: /api/enterprise/governance/data-requests\nINFO     stock-verify:server.py:273 Route: /api/enterprise/governance/data-requests/{request_id}/process\nINFO     stock-verify:server.py:273 Route: /api/enterprise/circuit-breakers\nINFO     stock-verify:server.py:273 Route: /api/enterprise/metrics\nINFO     stock-verify:server.py:273 Route: /api/enterprise/metrics/prometheus\nINFO     stock-verify:server.py:273 Route: /api/mapping/test_direct\nINFO     stock-verify:server.py:288 \u2713 Enrichment API router registered\nINFO     stock-verify:server.py:297 \u2713 API v2 router registered\nINFO     backend.auth.dependencies:dependencies.py:56 \u2713 AuthDependencies initialized successfully\nWARNING  passlib.handlers.bcrypt:bcrypt.py:622 (trapped) error reading bcrypt version\nTraceback (most recent call last):\n  File "C:\\Users\\mknou\\AppData\\Local\\Packages\\PythonSoftwareFoundation.Python.3.13_qbz5n2kfra8p0\\LocalCache\\local-packages\\Python313\\site-packages\\passlib\\handlers\\bcrypt.py", line 620, in _load_backend_mixin\n    version = _bcrypt.__about__.__version__\n              ^^^^^^^^^^^^^^^^^\nAttributeError: module 'bcrypt' has no attribute '__about__'
________ ERROR at setup of TestPinAuth.test_change_pin_invalid_format _________
backend\tests\test_pin_auth.py:15: in fake_environment
    db = setup_server_with_in_memory_db(monkeypatch)
         ^^^^^^^^^^^^^^^^^^^^^^^^^^^^^^^^^^^^^^^^^^^
backend\tests\utils\in_memory_db.py:326: in setup_server_with_in_memory_db
    _setup_auth_and_seed_users(monkeypatch, fake_db, server_module)
backend\tests\utils\in_memory_db.py:499: in _setup_auth_and_seed_users
    _seed_default_users(fake_db, server_module)
backend\tests\utils\in_memory_db.py:530: in _seed_default_users
    user["pin_hash"] = pwd_context.hash("1234")
                       ^^^^^^^^^^^^^^^^^^^^^^^^
C:\Users\mknou\AppData\Local\Packages\PythonSoftwareFoundation.Python.3.13_qbz5n2kfra8p0\LocalCache\local-packages\Python313\site-packages\passlib\context.py:2258: in hash
    return record.hash(secret, **kwds)
           ^^^^^^^^^^^^^^^^^^^^^^^^^^^
C:\Users\mknou\AppData\Local\Packages\PythonSoftwareFoundation.Python.3.13_qbz5n2kfra8p0\LocalCache\local-packages\Python313\site-packages\passlib\utils\handlers.py:779: in hash
    self.checksum = self._calc_checksum(secret)
                    ^^^^^^^^^^^^^^^^^^^^^^^^^^^
C:\Users\mknou\AppData\Local\Packages\PythonSoftwareFoundation.Python.3.13_qbz5n2kfra8p0\LocalCache\local-packages\Python313\site-packages\passlib\handlers\bcrypt.py:591: in _calc_checksum
    self._stub_requires_backend()
C:\Users\mknou\AppData\Local\Packages\PythonSoftwareFoundation.Python.3.13_qbz5n2kfra8p0\LocalCache\local-packages\Python313\site-packages\passlib\utils\handlers.py:2254: in _stub_requires_backend
    cls.set_backend()
C:\Users\mknou\AppData\Local\Packages\PythonSoftwareFoundation.Python.3.13_qbz5n2kfra8p0\LocalCache\local-packages\Python313\site-packages\passlib\utils\handlers.py:2156: in set_backend
    return owner.set_backend(name, dryrun=dryrun)
           ^^^^^^^^^^^^^^^^^^^^^^^^^^^^^^^^^^^^^^
C:\Users\mknou\AppData\Local\Packages\PythonSoftwareFoundation.Python.3.13_qbz5n2kfra8p0\LocalCache\local-packages\Python313\site-packages\passlib\utils\handlers.py:2163: in set_backend
    return cls.set_backend(name, dryrun=dryrun)
           ^^^^^^^^^^^^^^^^^^^^^^^^^^^^^^^^^^^^
C:\Users\mknou\AppData\Local\Packages\PythonSoftwareFoundation.Python.3.13_qbz5n2kfra8p0\LocalCache\local-packages\Python313\site-packages\passlib\utils\handlers.py:2188: in set_backend
    cls._set_backend(name, dryrun)
C:\Users\mknou\AppData\Local\Packages\PythonSoftwareFoundation.Python.3.13_qbz5n2kfra8p0\LocalCache\local-packages\Python313\site-packages\passlib\utils\handlers.py:2311: in _set_backend
    super(SubclassBackendMixin, cls)._set_backend(name, dryrun)
C:\Users\mknou\AppData\Local\Packages\PythonSoftwareFoundation.Python.3.13_qbz5n2kfra8p0\LocalCache\local-packages\Python313\site-packages\passlib\utils\handlers.py:2224: in _set_backend
    ok = loader(**kwds)
         ^^^^^^^^^^^^^^
C:\Users\mknou\AppData\Local\Packages\PythonSoftwareFoundation.Python.3.13_qbz5n2kfra8p0\LocalCache\local-packages\Python313\site-packages\passlib\handlers\bcrypt.py:626: in _load_backend_mixin
    return mixin_cls._finalize_backend_mixin(name, dryrun)
           ^^^^^^^^^^^^^^^^^^^^^^^^^^^^^^^^^^^^^^^^^^^^^^^
C:\Users\mknou\AppData\Local\Packages\PythonSoftwareFoundation.Python.3.13_qbz5n2kfra8p0\LocalCache\local-packages\Python313\site-packages\passlib\handlers\bcrypt.py:421: in _finalize_backend_mixin
    if detect_wrap_bug(IDENT_2A):
       ^^^^^^^^^^^^^^^^^^^^^^^^^
C:\Users\mknou\AppData\Local\Packages\PythonSoftwareFoundation.Python.3.13_qbz5n2kfra8p0\LocalCache\local-packages\Python313\site-packages\passlib\handlers\bcrypt.py:380: in detect_wrap_bug
    if verify(secret, bug_hash):
       ^^^^^^^^^^^^^^^^^^^^^^^^
C:\Users\mknou\AppData\Local\Packages\PythonSoftwareFoundation.Python.3.13_qbz5n2kfra8p0\LocalCache\local-packages\Python313\site-packages\passlib\utils\handlers.py:792: in verify
    return consteq(self._calc_checksum(secret), chk)
                   ^^^^^^^^^^^^^^^^^^^^^^^^^^^
C:\Users\mknou\AppData\Local\Packages\PythonSoftwareFoundation.Python.3.13_qbz5n2kfra8p0\LocalCache\local-packages\Python313\site-packages\passlib\handlers\bcrypt.py:655: in _calc_checksum
    hash = _bcrypt.hashpw(secret, config)
           ^^^^^^^^^^^^^^^^^^^^^^^^^^^^^^
E   ValueError: password cannot be longer than 72 bytes, truncate manually if necessary (e.g. my_password[:72])
----------------------------- Captured log setup ------------------------------
INFO     backend.auth.dependencies:dependencies.py:46 AuthDependencies re-initializing (updating db/keys)
WARNING  passlib.handlers.bcrypt:bcrypt.py:622 (trapped) error reading bcrypt version
Traceback (most recent call last):
  File "C:\Users\mknou\AppData\Local\Packages\PythonSoftwareFoundation.Python.3.13_qbz5n2kfra8p0\LocalCache\local-packages\Python313\site-packages\passlib\handlers\bcrypt.py", line 620, in _load_backend_mixin
    version = _bcrypt.__about__.__version__
              ^^^^^^^^^^^^^^^^^
AttributeError: module 'bcrypt' has no attribute '__about__'
__________ ERROR at setup of TestPinAuth.test_change_pin_non_numeric __________
backend\tests\test_pin_auth.py:15: in fake_environment
    db = setup_server_with_in_memory_db(monkeypatch)
         ^^^^^^^^^^^^^^^^^^^^^^^^^^^^^^^^^^^^^^^^^^^
backend\tests\utils\in_memory_db.py:326: in setup_server_with_in_memory_db
    _setup_auth_and_seed_users(monkeypatch, fake_db, server_module)
backend\tests\utils\in_memory_db.py:499: in _setup_auth_and_seed_users
    _seed_default_users(fake_db, server_module)
backend\tests\utils\in_memory_db.py:530: in _seed_default_users
    user["pin_hash"] = pwd_context.hash("1234")
                       ^^^^^^^^^^^^^^^^^^^^^^^^
C:\Users\mknou\AppData\Local\Packages\PythonSoftwareFoundation.Python.3.13_qbz5n2kfra8p0\LocalCache\local-packages\Python313\site-packages\passlib\context.py:2258: in hash
    return record.hash(secret, **kwds)
           ^^^^^^^^^^^^^^^^^^^^^^^^^^^
C:\Users\mknou\AppData\Local\Packages\PythonSoftwareFoundation.Python.3.13_qbz5n2kfra8p0\LocalCache\local-packages\Python313\site-packages\passlib\utils\handlers.py:779: in hash
    self.checksum = self._calc_checksum(secret)
                    ^^^^^^^^^^^^^^^^^^^^^^^^^^^
C:\Users\mknou\AppData\Local\Packages\PythonSoftwareFoundation.Python.3.13_qbz5n2kfra8p0\LocalCache\local-packages\Python313\site-packages\passlib\handlers\bcrypt.py:591: in _calc_checksum
    self._stub_requires_backend()
C:\Users\mknou\AppData\Local\Packages\PythonSoftwareFoundation.Python.3.13_qbz5n2kfra8p0\LocalCache\local-packages\Python313\site-packages\passlib\utils\handlers.py:2254: in _stub_requires_backend
    cls.set_backend()
C:\Users\mknou\AppData\Local\Packages\PythonSoftwareFoundation.Python.3.13_qbz5n2kfra8p0\LocalCache\local-packages\Python313\site-packages\passlib\utils\handlers.py:2156: in set_backend
    return owner.set_backend(name, dryrun=dryrun)
           ^^^^^^^^^^^^^^^^^^^^^^^^^^^^^^^^^^^^^^
C:\Users\mknou\AppData\Local\Packages\PythonSoftwareFoundation.Python.3.13_qbz5n2kfra8p0\LocalCache\local-packages\Python313\site-packages\passlib\utils\handlers.py:2163: in set_backend
    return cls.set_backend(name, dryrun=dryrun)
           ^^^^^^^^^^^^^^^^^^^^^^^^^^^^^^^^^^^^
C:\Users\mknou\AppData\Local\Packages\PythonSoftwareFoundation.Python.3.13_qbz5n2kfra8p0\LocalCache\local-packages\Python313\site-packages\passlib\utils\handlers.py:2188: in set_backend
    cls._set_backend(name, dryrun)
C:\Users\mknou\AppData\Local\Packages\PythonSoftwareFoundation.Python.3.13_qbz5n2kfra8p0\LocalCache\local-packages\Python313\site-packages\passlib\utils\handlers.py:2311: in _set_backend
    super(SubclassBackendMixin, cls)._set_backend(name, dryrun)
C:\Users\mknou\AppData\Local\Packages\PythonSoftwareFoundation.Python.3.13_qbz5n2kfra8p0\LocalCache\local-packages\Python313\site-packages\passlib\utils\handlers.py:2224: in _set_backend
    ok = loader(**kwds)
         ^^^^^^^^^^^^^^
C:\Users\mknou\AppData\Local\Packages\PythonSoftwareFoundation.Python.3.13_qbz5n2kfra8p0\LocalCache\local-packages\Python313\site-packages\passlib\handlers\bcrypt.py:626: in _load_backend_mixin
    return mixin_cls._finalize_backend_mixin(name, dryrun)
           ^^^^^^^^^^^^^^^^^^^^^^^^^^^^^^^^^^^^^^^^^^^^^^^
C:\Users\mknou\AppData\Local\Packages\PythonSoftwareFoundation.Python.3.13_qbz5n2kfra8p0\LocalCache\local-packages\Python313\site-packages\passlib\handlers\bcrypt.py:421: in _finalize_backend_mixin
    if detect_wrap_bug(IDENT_2A):
       ^^^^^^^^^^^^^^^^^^^^^^^^^
C:\Users\mknou\AppData\Local\Packages\PythonSoftwareFoundation.Python.3.13_qbz5n2kfra8p0\LocalCache\local-packages\Python313\site-packages\passlib\handlers\bcrypt.py:380: in detect_wrap_bug
    if verify(secret, bug_hash):
       ^^^^^^^^^^^^^^^^^^^^^^^^
C:\Users\mknou\AppData\Local\Packages\PythonSoftwareFoundation.Python.3.13_qbz5n2kfra8p0\LocalCache\local-packages\Python313\site-packages\passlib\utils\handlers.py:792: in verify
    return consteq(self._calc_checksum(secret), chk)
                   ^^^^^^^^^^^^^^^^^^^^^^^^^^^
C:\Users\mknou\AppData\Local\Packages\PythonSoftwareFoundation.Python.3.13_qbz5n2kfra8p0\LocalCache\local-packages\Python313\site-packages\passlib\handlers\bcrypt.py:655: in _calc_checksum
    hash = _bcrypt.hashpw(secret, config)
           ^^^^^^^^^^^^^^^^^^^^^^^^^^^^^^
E   ValueError: password cannot be longer than 72 bytes, truncate manually if necessary (e.g. my_password[:72])
----------------------------- Captured log setup ------------------------------
INFO     backend.auth.dependencies:dependencies.py:46 AuthDependencies re-initializing (updating db/keys)
WARNING  passlib.handlers.bcrypt:bcrypt.py:622 (trapped) error reading bcrypt version
Traceback (most recent call last):
  File "C:\Users\mknou\AppData\Local\Packages\PythonSoftwareFoundation.Python.3.13_qbz5n2kfra8p0\LocalCache\local-packages\Python313\site-packages\passlib\handlers\bcrypt.py", line 620, in _load_backend_mixin
    version = _bcrypt.__about__.__version__
              ^^^^^^^^^^^^^^^^^
AttributeError: module 'bcrypt' has no attribute '__about__'
__________ ERROR at setup of TestPinAuth.test_login_with_pin_success __________
backend\tests\test_pin_auth.py:15: in fake_environment
    db = setup_server_with_in_memory_db(monkeypatch)
         ^^^^^^^^^^^^^^^^^^^^^^^^^^^^^^^^^^^^^^^^^^^
backend\tests\utils\in_memory_db.py:326: in setup_server_with_in_memory_db
    _setup_auth_and_seed_users(monkeypatch, fake_db, server_module)
backend\tests\utils\in_memory_db.py:499: in _setup_auth_and_seed_users
    _seed_default_users(fake_db, server_module)
backend\tests\utils\in_memory_db.py:530: in _seed_default_users
    user["pin_hash"] = pwd_context.hash("1234")
                       ^^^^^^^^^^^^^^^^^^^^^^^^
C:\Users\mknou\AppData\Local\Packages\PythonSoftwareFoundation.Python.3.13_qbz5n2kfra8p0\LocalCache\local-packages\Python313\site-packages\passlib\context.py:2258: in hash
    return record.hash(secret, **kwds)
           ^^^^^^^^^^^^^^^^^^^^^^^^^^^
C:\Users\mknou\AppData\Local\Packages\PythonSoftwareFoundation.Python.3.13_qbz5n2kfra8p0\LocalCache\local-packages\Python313\site-packages\passlib\utils\handlers.py:779: in hash
    self.checksum = self._calc_checksum(secret)
                    ^^^^^^^^^^^^^^^^^^^^^^^^^^^
C:\Users\mknou\AppData\Local\Packages\PythonSoftwareFoundation.Python.3.13_qbz5n2kfra8p0\LocalCache\local-packages\Python313\site-packages\passlib\handlers\bcrypt.py:591: in _calc_checksum
    self._stub_requires_backend()
C:\Users\mknou\AppData\Local\Packages\PythonSoftwareFoundation.Python.3.13_qbz5n2kfra8p0\LocalCache\local-packages\Python313\site-packages\passlib\utils\handlers.py:2254: in _stub_requires_backend
    cls.set_backend()
C:\Users\mknou\AppData\Local\Packages\PythonSoftwareFoundation.Python.3.13_qbz5n2kfra8p0\LocalCache\local-packages\Python313\site-packages\passlib\utils\handlers.py:2156: in set_backend
    return owner.set_backend(name, dryrun=dryrun)
           ^^^^^^^^^^^^^^^^^^^^^^^^^^^^^^^^^^^^^^
C:\Users\mknou\AppData\Local\Packages\PythonSoftwareFoundation.Python.3.13_qbz5n2kfra8p0\LocalCache\local-packages\Python313\site-packages\passlib\utils\handlers.py:2163: in set_backend
    return cls.set_backend(name, dryrun=dryrun)
           ^^^^^^^^^^^^^^^^^^^^^^^^^^^^^^^^^^^^
C:\Users\mknou\AppData\Local\Packages\PythonSoftwareFoundation.Python.3.13_qbz5n2kfra8p0\LocalCache\local-packages\Python313\site-packages\passlib\utils\handlers.py:2188: in set_backend
    cls._set_backend(name, dryrun)
C:\Users\mknou\AppData\Local\Packages\PythonSoftwareFoundation.Python.3.13_qbz5n2kfra8p0\LocalCache\local-packages\Python313\site-packages\passlib\utils\handlers.py:2311: in _set_backend
    super(SubclassBackendMixin, cls)._set_backend(name, dryrun)
C:\Users\mknou\AppData\Local\Packages\PythonSoftwareFoundation.Python.3.13_qbz5n2kfra8p0\LocalCache\local-packages\Python313\site-packages\passlib\utils\handlers.py:2224: in _set_backend
    ok = loader(**kwds)
         ^^^^^^^^^^^^^^
C:\Users\mknou\AppData\Local\Packages\PythonSoftwareFoundation.Python.3.13_qbz5n2kfra8p0\LocalCache\local-packages\Python313\site-packages\passlib\handlers\bcrypt.py:626: in _load_backend_mixin
    return mixin_cls._finalize_backend_mixin(name, dryrun)
           ^^^^^^^^^^^^^^^^^^^^^^^^^^^^^^^^^^^^^^^^^^^^^^^
C:\Users\mknou\AppData\Local\Packages\PythonSoftwareFoundation.Python.3.13_qbz5n2kfra8p0\LocalCache\local-packages\Python313\site-packages\passlib\handlers\bcrypt.py:421: in _finalize_backend_mixin
    if detect_wrap_bug(IDENT_2A):
       ^^^^^^^^^^^^^^^^^^^^^^^^^
C:\Users\mknou\AppData\Local\Packages\PythonSoftwareFoundation.Python.3.13_qbz5n2kfra8p0\LocalCache\local-packages\Python313\site-packages\passlib\handlers\bcrypt.py:380: in detect_wrap_bug
    if verify(secret, bug_hash):
       ^^^^^^^^^^^^^^^^^^^^^^^^
C:\Users\mknou\AppData\Local\Packages\PythonSoftwareFoundation.Python.3.13_qbz5n2kfra8p0\LocalCache\local-packages\Python313\site-packages\passlib\utils\handlers.py:792: in verify
    return consteq(self._calc_checksum(secret), chk)
                   ^^^^^^^^^^^^^^^^^^^^^^^^^^^
C:\Users\mknou\AppData\Local\Packages\PythonSoftwareFoundation.Python.3.13_qbz5n2kfra8p0\LocalCache\local-packages\Python313\site-packages\passlib\handlers\bcrypt.py:655: in _calc_checksum
    hash = _bcrypt.hashpw(secret, config)
           ^^^^^^^^^^^^^^^^^^^^^^^^^^^^^^
E   ValueError: password cannot be longer than 72 bytes, truncate manually if necessary (e.g. my_password[:72])
----------------------------- Captured log setup ------------------------------
INFO     backend.auth.dependencies:dependencies.py:46 AuthDependencies re-initializing (updating db/keys)
WARNING  passlib.handlers.bcrypt:bcrypt.py:622 (trapped) error reading bcrypt version
Traceback (most recent call last):
  File "C:\Users\mknou\AppData\Local\Packages\PythonSoftwareFoundation.Python.3.13_qbz5n2kfra8p0\LocalCache\local-packages\Python313\site-packages\passlib\handlers\bcrypt.py", line 620, in _load_backend_mixin
    version = _bcrypt.__about__.__version__
              ^^^^^^^^^^^^^^^^^
AttributeError: module 'bcrypt' has no attribute '__about__'
__________ ERROR at setup of TestPinAuth.test_login_with_invalid_pin __________
backend\tests\test_pin_auth.py:15: in fake_environment
    db = setup_server_with_in_memory_db(monkeypatch)
         ^^^^^^^^^^^^^^^^^^^^^^^^^^^^^^^^^^^^^^^^^^^
backend\tests\utils\in_memory_db.py:326: in setup_server_with_in_memory_db
    _setup_auth_and_seed_users(monkeypatch, fake_db, server_module)
backend\tests\utils\in_memory_db.py:499: in _setup_auth_and_seed_users
    _seed_default_users(fake_db, server_module)
backend\tests\utils\in_memory_db.py:530: in _seed_default_users
    user["pin_hash"] = pwd_context.hash("1234")
                       ^^^^^^^^^^^^^^^^^^^^^^^^
C:\Users\mknou\AppData\Local\Packages\PythonSoftwareFoundation.Python.3.13_qbz5n2kfra8p0\LocalCache\local-packages\Python313\site-packages\passlib\context.py:2258: in hash
    return record.hash(secret, **kwds)
           ^^^^^^^^^^^^^^^^^^^^^^^^^^^
C:\Users\mknou\AppData\Local\Packages\PythonSoftwareFoundation.Python.3.13_qbz5n2kfra8p0\LocalCache\local-packages\Python313\site-packages\passlib\utils\handlers.py:779: in hash
    self.checksum = self._calc_checksum(secret)
                    ^^^^^^^^^^^^^^^^^^^^^^^^^^^
C:\Users\mknou\AppData\Local\Packages\PythonSoftwareFoundation.Python.3.13_qbz5n2kfra8p0\LocalCache\local-packages\Python313\site-packages\passlib\handlers\bcrypt.py:591: in _calc_checksum
    self._stub_requires_backend()
C:\Users\mknou\AppData\Local\Packages\PythonSoftwareFoundation.Python.3.13_qbz5n2kfra8p0\LocalCache\local-packages\Python313\site-packages\passlib\utils\handlers.py:2254: in _stub_requires_backend
    cls.set_backend()
C:\Users\mknou\AppData\Local\Packages\PythonSoftwareFoundation.Python.3.13_qbz5n2kfra8p0\LocalCache\local-packages\Python313\site-packages\passlib\utils\handlers.py:2156: in set_backend
    return owner.set_backend(name, dryrun=dryrun)
           ^^^^^^^^^^^^^^^^^^^^^^^^^^^^^^^^^^^^^^
C:\Users\mknou\AppData\Local\Packages\PythonSoftwareFoundation.Python.3.13_qbz5n2kfra8p0\LocalCache\local-packages\Python313\site-packages\passlib\utils\handlers.py:2163: in set_backend
    return cls.set_backend(name, dryrun=dryrun)
           ^^^^^^^^^^^^^^^^^^^^^^^^^^^^^^^^^^^^
C:\Users\mknou\AppData\Local\Packages\PythonSoftwareFoundation.Python.3.13_qbz5n2kfra8p0\LocalCache\local-packages\Python313\site-packages\passlib\utils\handlers.py:2188: in set_backend
    cls._set_backend(name, dryrun)
C:\Users\mknou\AppData\Local\Packages\PythonSoftwareFoundation.Python.3.13_qbz5n2kfra8p0\LocalCache\local-packages\Python313\site-packages\passlib\utils\handlers.py:2311: in _set_backend
    super(SubclassBackendMixin, cls)._set_backend(name, dryrun)
C:\Users\mknou\AppData\Local\Packages\PythonSoftwareFoundation.Python.3.13_qbz5n2kfra8p0\LocalCache\local-packages\Python313\site-packages\passlib\utils\handlers.py:2224: in _set_backend
    ok = loader(**kwds)
         ^^^^^^^^^^^^^^
C:\Users\mknou\AppData\Local\Packages\PythonSoftwareFoundation.Python.3.13_qbz5n2kfra8p0\LocalCache\local-packages\Python313\site-packages\passlib\handlers\bcrypt.py:626: in _load_backend_mixin
    return mixin_cls._finalize_backend_mixin(name, dryrun)
           ^^^^^^^^^^^^^^^^^^^^^^^^^^^^^^^^^^^^^^^^^^^^^^^
C:\Users\mknou\AppData\Local\Packages\PythonSoftwareFoundation.Python.3.13_qbz5n2kfra8p0\LocalCache\local-packages\Python313\site-packages\passlib\handlers\bcrypt.py:421: in _finalize_backend_mixin
    if detect_wrap_bug(IDENT_2A):
       ^^^^^^^^^^^^^^^^^^^^^^^^^
C:\Users\mknou\AppData\Local\Packages\PythonSoftwareFoundation.Python.3.13_qbz5n2kfra8p0\LocalCache\local-packages\Python313\site-packages\passlib\handlers\bcrypt.py:380: in detect_wrap_bug
    if verify(secret, bug_hash):
       ^^^^^^^^^^^^^^^^^^^^^^^^
C:\Users\mknou\AppData\Local\Packages\PythonSoftwareFoundation.Python.3.13_qbz5n2kfra8p0\LocalCache\local-packages\Python313\site-packages\passlib\utils\handlers.py:792: in verify
    return consteq(self._calc_checksum(secret), chk)
                   ^^^^^^^^^^^^^^^^^^^^^^^^^^^
C:\Users\mknou\AppData\Local\Packages\PythonSoftwareFoundation.Python.3.13_qbz5n2kfra8p0\LocalCache\local-packages\Python313\site-packages\passlib\handlers\bcrypt.py:655: in _calc_checksum
    hash = _bcrypt.hashpw(secret, config)
           ^^^^^^^^^^^^^^^^^^^^^^^^^^^^^^
E   ValueError: password cannot be longer than 72 bytes, truncate manually if necessary (e.g. my_password[:72])
----------------------------- Captured log setup ------------------------------
INFO     backend.auth.dependencies:dependencies.py:46 AuthDependencies re-initializing (updating db/keys)
WARNING  passlib.handlers.bcrypt:bcrypt.py:622 (trapped) error reading bcrypt version
Traceback (most recent call last):
  File "C:\Users\mknou\AppData\Local\Packages\PythonSoftwareFoundation.Python.3.13_qbz5n2kfra8p0\LocalCache\local-packages\Python313\site-packages\passlib\handlers\bcrypt.py", line 620, in _load_backend_mixin
    version = _bcrypt.__about__.__version__
              ^^^^^^^^^^^^^^^^^
AttributeError: module 'bcrypt' has no attribute '__about__'
_________ ERROR at setup of TestPinAuth.test_login_pin_user_not_found _________
backend\tests\test_pin_auth.py:15: in fake_environment
    db = setup_server_with_in_memory_db(monkeypatch)
         ^^^^^^^^^^^^^^^^^^^^^^^^^^^^^^^^^^^^^^^^^^^
backend\tests\utils\in_memory_db.py:326: in setup_server_with_in_memory_db
    _setup_auth_and_seed_users(monkeypatch, fake_db, server_module)
backend\tests\utils\in_memory_db.py:499: in _setup_auth_and_seed_users
    _seed_default_users(fake_db, server_module)
backend\tests\utils\in_memory_db.py:530: in _seed_default_users
    user["pin_hash"] = pwd_context.hash("1234")
                       ^^^^^^^^^^^^^^^^^^^^^^^^
C:\Users\mknou\AppData\Local\Packages\PythonSoftwareFoundation.Python.3.13_qbz5n2kfra8p0\LocalCache\local-packages\Python313\site-packages\passlib\context.py:2258: in hash
    return record.hash(secret, **kwds)
           ^^^^^^^^^^^^^^^^^^^^^^^^^^^
C:\Users\mknou\AppData\Local\Packages\PythonSoftwareFoundation.Python.3.13_qbz5n2kfra8p0\LocalCache\local-packages\Python313\site-packages\passlib\utils\handlers.py:779: in hash
    self.checksum = self._calc_checksum(secret)
                    ^^^^^^^^^^^^^^^^^^^^^^^^^^^
C:\Users\mknou\AppData\Local\Packages\PythonSoftwareFoundation.Python.3.13_qbz5n2kfra8p0\LocalCache\local-packages\Python313\site-packages\passlib\handlers\bcrypt.py:591: in _calc_checksum
    self._stub_requires_backend()
C:\Users\mknou\AppData\Local\Packages\PythonSoftwareFoundation.Python.3.13_qbz5n2kfra8p0\LocalCache\local-packages\Python313\site-packages\passlib\utils\handlers.py:2254: in _stub_requires_backend
    cls.set_backend()
C:\Users\mknou\AppData\Local\Packages\PythonSoftwareFoundation.Python.3.13_qbz5n2kfra8p0\LocalCache\local-packages\Python313\site-packages\passlib\utils\handlers.py:2156: in set_backend
    return owner.set_backend(name, dryrun=dryrun)
           ^^^^^^^^^^^^^^^^^^^^^^^^^^^^^^^^^^^^^^
C:\Users\mknou\AppData\Local\Packages\PythonSoftwareFoundation.Python.3.13_qbz5n2kfra8p0\LocalCache\local-packages\Python313\site-packages\passlib\utils\handlers.py:2163: in set_backend
    return cls.set_backend(name, dryrun=dryrun)
           ^^^^^^^^^^^^^^^^^^^^^^^^^^^^^^^^^^^^
C:\Users\mknou\AppData\Local\Packages\PythonSoftwareFoundation.Python.3.13_qbz5n2kfra8p0\LocalCache\local-packages\Python313\site-packages\passlib\utils\handlers.py:2188: in set_backend
    cls._set_backend(name, dryrun)
C:\Users\mknou\AppData\Local\Packages\PythonSoftwareFoundation.Python.3.13_qbz5n2kfra8p0\LocalCache\local-packages\Python313\site-packages\passlib\utils\handlers.py:2311: in _set_backend
    super(SubclassBackendMixin, cls)._set_backend(name, dryrun)
C:\Users\mknou\AppData\Local\Packages\PythonSoftwareFoundation.Python.3.13_qbz5n2kfra8p0\LocalCache\local-packages\Python313\site-packages\passlib\utils\handlers.py:2224: in _set_backend
    ok = loader(**kwds)
         ^^^^^^^^^^^^^^
C:\Users\mknou\AppData\Local\Packages\PythonSoftwareFoundation.Python.3.13_qbz5n2kfra8p0\LocalCache\local-packages\Python313\site-packages\passlib\handlers\bcrypt.py:626: in _load_backend_mixin
    return mixin_cls._finalize_backend_mixin(name, dryrun)
           ^^^^^^^^^^^^^^^^^^^^^^^^^^^^^^^^^^^^^^^^^^^^^^^
C:\Users\mknou\AppData\Local\Packages\PythonSoftwareFoundation.Python.3.13_qbz5n2kfra8p0\LocalCache\local-packages\Python313\site-packages\passlib\handlers\bcrypt.py:421: in _finalize_backend_mixin
    if detect_wrap_bug(IDENT_2A):
       ^^^^^^^^^^^^^^^^^^^^^^^^^
C:\Users\mknou\AppData\Local\Packages\PythonSoftwareFoundation.Python.3.13_qbz5n2kfra8p0\LocalCache\local-packages\Python313\site-packages\passlib\handlers\bcrypt.py:380: in detect_wrap_bug
    if verify(secret, bug_hash):
       ^^^^^^^^^^^^^^^^^^^^^^^^
C:\Users\mknou\AppData\Local\Packages\PythonSoftwareFoundation.Python.3.13_qbz5n2kfra8p0\LocalCache\local-packages\Python313\site-packages\passlib\utils\handlers.py:792: in verify
    return consteq(self._calc_checksum(secret), chk)
                   ^^^^^^^^^^^^^^^^^^^^^^^^^^^
C:\Users\mknou\AppData\Local\Packages\PythonSoftwareFoundation.Python.3.13_qbz5n2kfra8p0\LocalCache\local-packages\Python313\site-packages\passlib\handlers\bcrypt.py:655: in _calc_checksum
    hash = _bcrypt.hashpw(secret, config)
           ^^^^^^^^^^^^^^^^^^^^^^^^^^^^^^
E   ValueError: password cannot be longer than 72 bytes, truncate manually if necessary (e.g. my_password[:72])
----------------------------- Captured log setup ------------------------------
INFO     backend.auth.dependencies:dependencies.py:46 AuthDependencies re-initializing (updating db/keys)
WARNING  passlib.handlers.bcrypt:bcrypt.py:622 (trapped) error reading bcrypt version
Traceback (most recent call last):
  File "C:\Users\mknou\AppData\Local\Packages\PythonSoftwareFoundation.Python.3.13_qbz5n2kfra8p0\LocalCache\local-packages\Python313\site-packages\passlib\handlers\bcrypt.py", line 620, in _load_backend_mixin
    version = _bcrypt.__about__.__version__
              ^^^^^^^^^^^^^^^^^
AttributeError: module 'bcrypt' has no attribute '__about__'
=============================== tests coverage ================================
_______________ coverage: platform win32, python 3.13.9-final-0 _______________

Name                                             Stmts   Miss  Cover   Missing
------------------------------------------------------------------------------
agents\__init__.py                                   3      3     0%   29-32
agents\stock_verify_crew.py                        191    191     0%   16-606
analyze_bandit.py                                    9      9     0%   1-11
backend\__init__.py                                  0      0   100%
backend\api\__init__.py                              0      0   100%
backend\api\admin_control_api.py                   427    332    22%   14, 60-65, 70-72, 79-92, 96-99, 103-122, 126-143, 148-163, 172-176, 180-183, 193-202, 207-214, 218-222, 226, 232, 242-253, 258, 268, 280, 284-288, 292-293, 297-301, 307, 321-326, 333-352, 358-372, 380-386, 395-400, 409-435, 444-461, 469, 478-479, 491-496, 505-553, 562, 610-642, 649-661, 668-700, 711-748, 760-772, 781-795, 803-825, 836-858, 864-884, 893-923
backend\api\admin_dashboard_api.py                 215    139    35%   80-96, 101-117, 122-131, 136-142, 147-152, 157-163, 168-175, 180-185, 190-199, 204-208, 213-216, 221, 231-233, 251-279, 297-340, 356-383, 399-449, 458-471
backend\api\auth.py                                331    284    14%   39-77, 82-86, 91-99, 106-144, 151-164, 169-187, 195-274, 286-307, 313-324, 336-410, 417-424, 431-443, 448-459, 473-534, 541-550, 555-565, 570, 591, 607-609, 630-759, 774-828
backend\api\copilot_api.py                           6      6     0%   1-16
backend\api\count_lines_api.py                     222    182    18%   28-33, 37-38, 44-97, 103-105, 114-287, 298-325, 336-357, 370-386, 405-436, 445-474, 484-497, 508, 519-525, 530-548, 555-557, 580-603, 613-637
backend\api\dynamic_fields_api.py                  139     79    43%   27-29, 112-139, 156-165, 180-199, 213-223, 244-262, 287-320, 348-360, 383-396, 413-422
backend\api\dynamic_reports_api.py                 117     71    39%   30-32, 107-129, 144-151, 197-228, 245-257, 274-287, 304-348, 369-412
backend\api\enhanced_item_api.py                   221    179    19%   39-51, 65-76, 87-90, 104-197, 212-235, 246-276, 281, 353-393, 398-404, 420-463, 487-554, 570-593, 600-630, 640-643, 655-670, 678-696
backend\api\enrichment_api.py                      121     70    42%   28, 93-142, 153-170, 184-196, 210-222, 236-248, 259-279, 290-315
backend\api\enterprise_api.py                      263    168    36%   88-100, 111-118, 128-135, 148-152, 160-164, 172-194, 205-214, 222-226, 236-242, 254-258, 268-272, 280-285, 298-303, 311-315, 327-338, 348-363, 374-385, 393-401, 409-417, 425-433, 446-450, 458-462, 470-475, 485-503, 511-515, 528-539, 547-551, 559-581, 597-599, 612-614, 620-624
backend\api\erp_api.py                              94     68    28%   45-116, 131-175, 186-207, 224-282, 307-314
backend\api\error_reporting_api.py                 176    121    31%   94-149, 167-186, 197-248, 259-274, 289-315, 326-336, 347-379, 386-420
backend\api\exports_api.py                         105     68    35%   47-82, 98-100, 110-128, 140-168, 184-198, 214-246, 257-272, 282-310
backend\api\health.py                              219    181    17%   24-30, 38-56, 60-71, 75-89, 93-107, 111-123, 127-151, 155, 162-185, 202-215, 228-258, 275-295, 317, 330-347, 369-381, 392-412, 420-434, 444-464, 496-516
backend\api\item_verification_api.py               253    194    23%   38-40, 55-90, 94, 99-107, 142-194, 199-202, 209-252, 263, 295-342, 362-412, 430-529, 545-591, 599-640, 651-687
backend\api\legacy_routes.py                       488    360    26%   24, 92-93, 100-105, 124-126, 139, 187-196, 219-224, 246-249, 255-314, 328-378, 383-487, 502-538, 543-550, 557-591, 598-610, 615-641, 652-666, 678-690, 700-752, 762-782, 801-838, 846-888, 898-933, 939-1017, 1026-1044, 1053-1106, 1112-1114, 1125-1277, 1282-1285, 1289-1290, 1301-1328, 1339-1360, 1373-1389, 1408-1433, 1442-1465, 1475-1487, 1498
backend\api\locations_api.py                        77     65    16%   25-162, 168-184
backend\api\logs_api.py                            144     88    39%   59-70, 88-115, 131-132, 141-157, 170-179, 188-210, 224-249, 266-281
backend\api\mapping_api.py                         198    152    23%   48-50, 55-69, 73-81, 85-99, 114-125, 133-147, 160-181, 195-226, 239-287, 300-343, 351-371
backend\api\master_settings_api.py                 108     59    45%   22, 32-39, 93-116, 127-157, 166, 228-270
backend\api\metrics_api.py                          65     50    23%   19, 28-37, 43-54, 60-82, 88-121, 127-165
backend\api\notes_api.py                            71     45    37%   30-36, 53-86, 94-108, 116-145
backend\api\permissions_api.py                      79     53    33%   37, 69, 87-109, 129-182, 200-238, 256-294, 312-350
backend\api\pin_auth_api.py                         50     50     0%   5-114
backend\api\preferences_api.py                      32     22    31%   26-35, 45-70
backend\api\rack_api.py                            161    105    35%   78-95, 107-115, 133-162, 170-186, 207-290, 310-353, 367-401, 413-460, 469-475, 491-500
backend\api\realtime_dashboard_api.py              250    161    36%   98-100, 103-105, 108-113, 116-124, 127, 130, 143-146, 173-177, 191-216, 226-250, 263-338, 370-379, 406-448, 466, 484-488, 497-498, 503-508, 517-519, 530-539, 550-577, 591-616, 631-654
backend\api\report_generation_api.py               206    149    28%   91-99, 104-110, 115-119, 124-125, 130-133, 138-177, 182-239, 244-293, 298-366, 371-409, 426, 443-474, 485-521, 536-580, 595-633
backend\api\reporting_api.py                       125     74    41%   71-89, 105-118, 132-151, 164-173, 184-197, 208-213, 227-254, 269-280, 291-300, 312-323, 333-335
backend\api\response_models.py                      44      4    91%   35, 51, 85-86
backend\api\schemas.py                             220     11    95%   25, 29, 230-240, 247-249
backend\api\search_api.py                           91     38    58%   110, 179-216, 240, 265-284, 300-327
backend\api\security_api.py                        136    115    15%   22-24, 36-98, 110-170, 183-245, 260-313, 325-378, 390-460
backend\api\security_txt.py                         12     12     0%   8-56
backend\api\self_diagnosis_api.py                   76     55    28%   23-25, 38-44, 54-61, 71-104, 114-167, 175-184
backend\api\service_logs_api.py                    116     86    26%   22, 32-39, 46-53, 62-86, 91-94, 104-128, 141-161, 174-209, 222-237, 249-271
backend\api\session_management_api.py              182    124    32%   83-118, 133-183, 201-243, 253-269, 290-328, 356-392, 412-429, 442-486, 501-536
backend\api\sql_connection_api.py                   44     44     0%   5-97
backend\api\supervisor_pin.py                       35     15    57%   33-73
backend\api\sync_batch_api.py                      223    139    38%   151-207, 217-274, 293-410, 436-447, 463-491, 501-511, 521-531, 549-588
backend\api\sync_conflicts_api.py                   71     44    38%   34-39, 53-63, 73-87, 98-133, 152-191, 210-226, 242-244
backend\api\sync_management_api.py                  23     10    57%   22-23, 29-30, 39-40, 49-55
backend\api\sync_status_api.py                      38     25    34%   21, 30-38, 47-55, 64-72
backend\api\user_management_api.py                 256    169    34%   137-139, 154-156, 201-232, 250-283, 299-374, 390-526, 541-589, 605-676, 692, 729-776, 789-836
backend\api\user_settings_api.py                    64     46    28%   48-88, 104-177, 190-220
backend\api\v2\__init__.py                          10      0   100%
backend\api\v2\connection_status.py                 36     25    31%   22-50, 62-79, 91-108
backend\api\v2\health.py                            56     41    27%   19-26, 31-34, 42-50, 55-58, 63-67, 76-99, 113-137
backend\api\v2\items.py                            104     72    31%   23, 55-152, 168-213, 228-259, 275-332
backend\api\v2\metrics.py                           38     28    26%   22-45, 53-58, 67-97
backend\api\v2\sessions.py                         105     81    23%   46-94, 108-203, 222-317
backend\api\v2\supervisor.py                        25     10    60%   30-49
backend\api\variance_api.py                         23     15    35%   16, 35-68
backend\api\websocket_api.py                        67     55    18%   15-17, 29-45, 62-123
backend\auth\__init__.py                             2      0   100%
backend\auth\dependencies.py                       135     74    45%   40, 61-63, 68-70, 75-77, 100-118, 123-147, 159, 170-199, 216-232, 245-271, 290-308
backend\auth\jwt_provider.py                        54     36    33%   19-30, 34-38, 42-60
backend\auth\permissions.py                         80     28    65%   126, 131-145, 150-151, 156-158, 163-165, 176-206, 218-221, 228-231, 238-242, 249-253
backend\config.py                                  251     99    61%   16-27, 77, 80, 84, 107-110, 114, 117-123, 127, 134, 154, 183-184, 189, 191, 200, 213-214, 220, 222, 231, 263, 302, 323, 352-426, 431-432, 460-462, 466, 468-474
backend\core\__init__.py                             0      0   100%
backend\core\database.py                            13     13     0%   1-36
backend\core\globals.py                             23      0   100%
backend\core\lifespan.py                           498    380    24%   22, 70-72, 81-82, 110-112, 126, 130, 139, 186-195, 218-223, 238-260, 339-913
backend\core\schemas\__init__.py                     3      0   100%
backend\core\schemas\audit_log.py                   42      0   100%
backend\core\schemas\user_settings.py               25      0   100%
backend\core\validators\__init__.py                  2      2     0%   7-13
backend\core\validators\pin_validator.py            37     37     0%   7-183
backend\core\websocket_manager.py                   45     31    31%   24-38, 41-53, 56-58, 61-63, 66-68
backend\db\__init__.py                               0      0   100%
backend\db\indexes.py                               46     41    11%   184-211, 225-240, 253-271
backend\db\initialization.py                        49     42    14%   12-100, 104-211
backend\db\migrations.py                           146    123    16%   24-36, 41-53, 57-63, 67-77, 81-96, 100-116, 125-157, 161-172, 177-202, 212-224, 228-246, 250-267, 271-272, 276
backend\db\runtime.py                               28     14    50%   21-30, 39-43, 47-49
backend\db_mapping_config.py                         9      0   100%
backend\debug_response_model.py                      4      4     0%   1-7
backend\error_messages.py                           31     16    48%   236-257, 269-284
backend\exceptions.py                               49     25    49%   19-23, 27, 43-49, 56-61, 68-73, 86-97, 104-110, 122-128, 140-146, 157, 173, 185-191
backend\fix_typing.py                               18     18     0%   1-52
backend\locustfile.py                               10     10     0%   1-26
backend\middleware\__init__.py                       0      0   100%
backend\middleware\compression_middleware.py        48     48     0%   6-109
backend\middleware\input_sanitization.py            94     94     0%   6-214
backend\middleware\lan_enforcement.py               28     28     0%   1-68
backend\middleware\logging_middleware.py           104    104     0%   6-215
backend\middleware\performance_middleware.py        43     43     0%   5-109
backend\middleware\rate_limit_middleware.py         50     50     0%   5-115
backend\middleware\request_id.py                    43     43     0%   11-113
backend\middleware\request_size_limit.py            25     25     0%   6-68
backend\middleware\security.py                      83     56    33%   60-70, 87-112, 117-118, 133-148, 169-192, 200-201, 219-239, 255-261
backend\middleware\security_headers.py              22     15    32%   21-83, 87-110
backend\middleware\setup.py                         65     65     0%   1-126
backend\models\__init__.py                           0      0   100%
backend\models\analytics.py                         23     23     0%   1-48
backend\models\preferences.py                       21      0   100%
backend\models\sync.py                              15     15     0%   1-28
backend\models\user.py                              43      4    91%   31-33, 41
backend\seed_e2e.py                                 15     15     0%   1-34
backend\seed_sample_data.py                         23     23     0%   1-80
backend\server.py                                  503    315    37%   99-100, 107-111, 138-140, 146, 160-166, 206-207, 267, 281-282, 289-290, 298-299, 317, 323-382, 396-446, 451-555, 570-606, 611-618, 625-659, 666-678, 683-709, 720-734, 746-758, 767-804, 812-854, 864-899, 905-983, 992-1010, 1019-1072, 1078-1080, 1091-1250, 1255-1258, 1262-1263, 1274-1301, 1312-1333, 1346-1362
backend\services\__init__.py                         0      0   100%
backend\services\activity_log.py                    98     70    29%   26-46, 104-127, 158-188, 192-203, 209-262
backend\services\advanced_erp_sync.py              168    168     0%   6-458
backend\services\advanced_report_service.py        246    159    35%   172, 176, 180-203, 207-208, 221-227, 236-242, 246, 286-369, 395-494, 520-682, 707-726, 730-758
backend\services\ai_search.py                       59     38    36%   35-50, 56-64, 72-110
backend\services\ai_variance.py                    111     85    23%   9, 24, 40-42, 52-71, 91, 114-144, 150-184, 192-225, 229-239, 243-258, 267-281
backend\services\analytics_service.py               32     32     0%   1-126
backend\services\audit_service.py                   56     35    38%   51-77, 106-113, 149-157, 193-201, 235, 267-289
backend\services\auto_diagnosis.py                 219    165    25%   61-69, 73, 93-101, 112, 240-293, 297-319, 325-347, 353-386, 392-413, 419-440, 446, 461-483, 489, 504-523, 527, 539, 546, 553, 559-579, 585-599, 603-641, 654-685, 689, 694-711
backend\services\auto_error_finder.py              126    126     0%   6-274
backend\services\auto_recovery.py                  142    142     0%   6-321
backend\services\auto_sync_manager.py              141    118    16%   37-68, 77-79, 83-99, 103-116, 120-128, 132-142, 146-149, 153-164, 168-179, 183-225, 229-239, 243, 262
backend\services\batch_operations.py               124    105    15%   58-100, 124-169, 181-205, 226-285
backend\services\cache_service.py                  168    127    24%   22-26, 35-47, 76-78, 85-91, 95, 99-121, 125-157, 161-175, 179-197, 201-221, 233-247, 251-263
backend\services\change_detection_sync.py          177    177     0%   10-423
backend\services\circuit_breaker.py                135     92    32%   55-64, 69, 74-85, 89-99, 103-113, 117-127, 136-157, 161-163, 167, 190-193, 197, 201, 214-239, 265
backend\services\data_governance.py                197    152    23%   95-98, 103-117, 125-129, 133-145, 149-206, 220-239, 246-290, 301-371, 375-379, 383-387, 395-426, 430-441, 464-481
backend\services\data_validation_service.py        176    176     0%   5-408
backend\services\database_health.py                142    112    21%   65, 69-84, 88-128, 132-181, 185-198, 207-213, 217-223, 227-239, 243-245, 256-301
backend\services\database_manager.py               214    214     0%   5-519
backend\services\database_optimizer.py             111     91    18%   40-42, 62-77, 112-149, 156-201, 205, 212, 218-231, 237-257, 263-295
backend\services\dynamic_fields_service.py         184    164    11%   22-24, 63-118, 124-138, 144-161, 165-175, 192-253, 257-275, 294-346, 349-357, 360-369, 372-377, 381-399, 403-407, 411-458
backend\services\dynamic_report_service.py         247    219    11%   24-26, 59-85, 89-101, 122-200, 211-227, 236-273, 282-308, 317-365, 374-390, 400, 404-417, 426-442, 452-468, 478-505, 515-528, 536-548, 560-564, 570-582, 586-604
backend\services\enhanced_connection_pool.py       247    247     0%   6-460
backend\services\enrichment_service.py             189    163    14%   19-22, 27-33, 38-41, 46-49, 54-56, 85-108, 124-125, 146-222, 234-249, 265-287, 305-306, 325-364, 393-405, 427-467, 486-512, 537-570
backend\services\enterprise_audit.py               173    100    42%   32-55, 65-72, 177-181, 186-199, 203-213, 242-285, 302-322, 328-370, 382-432, 448-459
backend\services\enterprise_security.py            185    144    22%   67-82, 87-99, 103-113, 129-155, 166-193, 197-211, 215-231, 246-321, 329-342, 346-360, 375-411, 415-431, 435-436, 443-448, 452-468, 483-495, 505-518, 522-525
backend\services\error_log.py                      154    114    26%   27-47, 52-55, 129-194, 210-230, 274-303, 307-317, 323-340, 346-430
backend\services\error_notification_service.py     102    102     0%   6-253
backend\services\errors.py                          27      7    74%   20-21, 28-30, 33-34
backend\services\feature_flags.py                  127     84    34%   68-75, 79-82, 86-94, 98-101, 123-154, 165-173, 179-193, 197-203, 207-209, 213-215, 219-222, 226-229, 235-244, 253-257
backend\services\item_service.py                    48     48     0%   1-70
backend\services\lock_manager.py                   141    114    19%   23, 39-55, 68-86, 100-118, 122-123, 127-128, 132-133, 145-149, 153-155, 159-160, 164-177, 193-214, 218-220, 224-226, 240-248, 258-269, 276-293, 303-305
backend\services\mdns_service.py                    46     33    28%   12-15, 18-47, 50-55, 58-66, 75-76, 81-82
backend\services\monitoring_service.py             111     88    21%   62-84, 90-112, 116-139, 162-177, 191-197, 204-266
backend\services\observability.py                  183    183     0%   6-386
backend\services\pin_auth_service.py                77     62    19%   21-24, 28-34, 47-70, 83-137, 141-150, 154-173, 177
backend\services\pubsub_service.py                 139    112    19%   21-26, 36-40, 44-56, 60-75, 79-93, 97-118, 122-131, 141-151, 161-176, 190-195, 208-210, 221-223, 236-242, 246-247, 251-252, 256-257, 267-269
backend\services\rate_limiter.py                    87     54    38%   44-55, 59-78, 82-91, 105-140, 150-151, 175-179, 183-185, 189-190
backend\services\redis_service.py                  102     54    47%   45-72, 76-79, 83-107, 112-114, 119, 125, 147, 151, 155, 159, 163, 167, 171, 175, 179, 183, 187, 191, 195, 199, 203, 207, 211, 215, 224-226, 231-232, 237
backend\services\refresh_token.py                  107     83    22%   20, 35-38, 42-47, 59, 77-99, 103-110, 114-155, 159-168, 172-180, 184-218
backend\services\reporting\compare_engine.py        86     73    15%   19, 41-99, 107-141, 150-179, 193-212, 218-236, 240-241, 247-254
backend\services\reporting\export_engine.py        113     97    14%   20-30, 35-44, 49-65, 70-81, 90, 103-137, 145-171, 177-187, 193-195
backend\services\reporting\query_builder.py         89     68    24%   39-43, 104, 131-160, 203-223, 237-257, 264-265, 274-293
backend\services\reporting\snapshot_engine.py       86     72    16%   21-22, 48-106, 110-111, 129-151, 157-172, 180-189, 209-229, 235-253
backend\services\runtime.py                         17      6    65%   11-13, 22-24
backend\services\scheduled_export_service.py       177    143    19%   37-39, 52-72, 76-86, 90-91, 95-104, 108-184, 188-218, 222-250, 255-283, 287-314, 318-330, 334-373, 377-396, 400-406, 410-420
backend\services\search_service.py                 163    112    31%   84-85, 106-167, 177-201, 206-215, 225-273, 288-328, 345-360, 378-390, 396-397
backend\services\sql_connection_optimizer.py       110    110     0%   6-240
backend\services\sql_sync_service.py               409    370    10%   25-34, 39-42, 47-49, 116-124, 129-160, 165-169, 182-203, 225-236, 252-280, 293-395, 408-481, 485-488, 495-507, 518-577, 587-636, 640-657, 668-699, 707-720, 724-745, 760-842, 851-881, 885-906, 910-917, 921, 925, 929, 933, 948-949, 953-956, 960-961
backend\services\sync_conflicts_service.py         134    105    22%   37, 53-93, 104-122, 126-131, 144-193, 202-221, 232-246, 251-262, 266-281, 285-303
backend\services\system_report_service.py           59     44    25%   12, 15-35, 40, 56-64, 76-78, 92, 95-97, 108-111, 114-120
backend\services\websocket_service.py               42     42     0%   6-72
backend\sql_server_connector.py                    470    398    15%   17, 59-63, 67-95, 99-104, 108-129, 133-146, 150-168, 171-177, 180-186, 191-194, 197-202, 205-221, 224-235, 238-254, 257-268, 271-277, 280-282, 303-325, 336-346, 357-381, 387-411, 415-441, 445-452, 456-468, 478-482, 485-489, 493-502, 506-514, 518-527, 531-542, 546-555, 559-570, 577-604, 611-630, 637-676, 683-702, 708-734, 738-751, 755-768, 781-824, 837-879
backend\utils\__init__.py                            0      0   100%
backend\utils\api_utils.py                          69     43    38%   42-54, 75-78, 92-189, 209-218
backend\utils\async_utils.py                       159    159     0%   6-325
backend\utils\auth_utils.py                         67     46    31%   33-38, 55-76, 80-97, 113-125
backend\utils\crypto_utils.py                        3      3     0%   1-17
backend\utils\db_connection.py                     102     81    21%   29-55, 82-133, 153-183, 200-213, 226-233, 254-278
backend\utils\erp_utils.py                         169    169     0%   1-423
backend\utils\error_handler_with_diagnosis.py      121    121     0%   6-272
backend\utils\logging_config.py                     38      7    82%   35-53, 91
backend\utils\pagination.py                         53     53     0%   8-277
backend\utils\pdf_generator.py                      55     55     0%   1-125
backend\utils\port_detector.py                     141    114    19%   18-45, 54-60, 67-79, 84-98, 106-128, 134-145, 151-180, 185-186, 196-224, 231-246
backend\utils\result.py                            221    142    36%   37-38, 62-78, 83-88, 93-105, 116-122, 127, 132, 136-138, 142, 146, 150-156, 160-166, 170-176, 180-186, 190-192, 196-198, 202, 206-208, 211-213, 220, 226-230, 248, 252, 256, 260, 264-266, 270, 274-276, 280-282, 305-312, 333-336, 340-379, 402-421
backend\utils\result_types.py                       75     36    52%   37, 42, 47, 52, 56-58, 62, 66-68, 72-77, 81-86, 90-92, 96-98, 102-104, 108, 111-113
backend\utils\secret_generator.py                   53     53     0%   9-88
backend\utils\service_manager.py                   131    106    19%   23-29, 34-39, 46-72, 77-85, 90-112, 121-164, 173-196, 201-219
backend\utils\structured_logging.py                 52     52     0%   6-173
backend\utils\tracing.py                            80     54    32%   24, 28, 31, 51-96, 113-127, 132-141
backend\utils\validation.py                        138    138     0%   6-524
check_items.py                                      13     13     0%   1-16
check_mongo_items.py                                29     29     0%   1-42
check_mongo_sample.py                               19     19     0%   1-26
check_sessions.py                                   22     22     0%   1-29
check_sql_connection.py                             38     38     0%   1-52
check_sync.py                                       22     22     0%   3-36
check_users.py                                      23     23     0%   1-42
clean_sessions.py                                   17     17     0%   1-36
create_admin_temp.py                                14     14     0%   2-29
debug_mongo.py                                      29     29     0%   1-43
find_variants.py                                    35     35     0%   1-73
fix_db_issues.py                                    62     62     0%   2-86
inspect_barcode.py                                  67     67     0%   1-104
inspect_restored_db.py                              31     31     0%   1-44
inspect_sessions.py                                  9      9     0%   1-11
list_users.py                                       10     10     0%   1-11
migrate_sessions.py                                 12     12     0%   1-19
reset_admin_password.py                             18     18     0%   1-35
reset_pin.py                                        28     28     0%   1-68
seed_db.py                                          38     38     0%   1-113
seed_variants.py                                    20     20     0%   1-71
sync_sql_to_mongo.py                               110    110     0%   20-172
test_session.py                                     17     17     0%   3-30
test_session_model.py                               10     10     0%   1-12
test_sql_integration.py                             32     32     0%   3-53
------------------------------------------------------------------------------
TOTAL                                            20034  15357    23%
Coverage HTML written to dir coverage_html
FAIL Required test coverage of 80% not reached. Total coverage: 23.35%
=========================== short test summary info ===========================
ERROR backend\tests\test_pin_auth.py::TestPinAuth::test_change_pin_success - ...
ERROR backend\tests\test_pin_auth.py::TestPinAuth::test_change_pin_invalid_format
ERROR backend\tests\test_pin_auth.py::TestPinAuth::test_change_pin_non_numeric
ERROR backend\tests\test_pin_auth.py::TestPinAuth::test_login_with_pin_success
ERROR backend\tests\test_pin_auth.py::TestPinAuth::test_login_with_invalid_pin
ERROR backend\tests\test_pin_auth.py::TestPinAuth::test_login_pin_user_not_found
============================= 6 errors in 10.63s ==============================
