============================= test session starts =============================
platform win32 -- Python 3.13.9, pytest-9.0.2, pluggy-1.6.0
rootdir: D:\stk\stock-verify-system\backend
configfile: pytest.ini (WARNING: ignoring pytest config in pyproject.toml!)
plugins: anyio-4.12.1, langsmith-0.6.4, locust-2.43.1, asyncio-1.3.0, cov-7.0.0, respx-0.22.0
asyncio: mode=Mode.AUTO, debug=False, asyncio_default_fixture_loop_scope=function, asyncio_default_test_loop_scope=function
collected 688 items

backend\tests\api\test_auth.py ......                                    [  0%]
backend\tests\api\test_auth_api.py .....                                 [  1%]
backend\tests\api\test_auth_handler.py ...                               [  2%]
backend\tests\api\test_dynamic_reports_api.py ..................         [  4%]
backend\tests\api\test_enhanced_item_api.py .......                      [  5%]
backend\tests\api\test_erp_api.py .......                                [  6%]
backend\tests\api\test_erp_batches.py ..                                 [  6%]
backend\tests\api\test_item_verification_api.py ....                     [  7%]
backend\tests\api\test_mapping_api.py ......                             [  8%]
backend\tests\api\test_pin_auth_api.py ......                            [  9%]
backend\tests\api\test_preferences_api.py ....                           [  9%]
backend\tests\api\test_rbac.py ............                              [ 11%]
backend\tests\api\test_session_management_api.py ...F...............     [ 14%]
backend\tests\api\test_user_management_api.py ......                     [ 15%]
backend\tests\api\test_user_settings_api.py ....                         [ 15%]
backend\tests\api\test_websocket_api.py ....                             [ 16%]
backend\tests\core\test_validators_init.py .                             [ 16%]
backend\tests\evaluation\test_api_performance.py ........                [ 17%]
backend\tests\evaluation\test_business_logic.py .........                [ 19%]
backend\tests\evaluation\test_data_quality.py ...........                [ 20%]
backend\tests\evaluation\test_security_evaluation.py ssss..........s..ss [ 23%]
..                                                                       [ 23%]
backend\tests\evaluation\test_workflow.py ......                         [ 24%]
backend\tests\middleware\test_lan_enforcement.py .....                   [ 25%]
backend\tests\services\test_audit_service.py ..                          [ 25%]
backend\tests\services\test_cache_service.py ..........                  [ 27%]
backend\tests\services\test_sql_sync_service.py .......                  [ 28%]
backend\tests\test_admin_control_api.py ............                     [ 29%]
backend\tests\test_ai_variance.py ...                                    [ 30%]
backend\tests\test_analytics_api.py ..                                   [ 30%]
backend\tests\test_analytics_service.py ..                               [ 30%]
backend\tests\test_api_warehouses_manual.py .                            [ 30%]
backend\tests\test_architecture.py ..s                                   [ 31%]
backend\tests\test_async_utils.py .............                          [ 33%]
backend\tests\test_auth.py ......                                        [ 34%]
backend\tests\test_auth_path.py .                                        [ 34%]
backend\tests\test_auth_pin.py ..                                        [ 34%]
backend\tests\test_auth_utils.py ...................                     [ 37%]
backend\tests\test_auto_diagnosis.py ..........                          [ 38%]
backend\tests\test_barcode_validation.py ........                        [ 39%]
backend\tests\test_basic.py ....                                         [ 40%]
backend\tests\test_batch_operations.py ....................              [ 43%]
backend\tests\test_comprehensive.py .....                                [ 44%]
backend\tests\test_count_lines_api.py .............................      [ 48%]
backend\tests\test_count_state_machine.py .........................      [ 52%]
backend\tests\test_coverage_final.py ...............                     [ 54%]
backend\tests\test_coverage_improvements.py ........................     [ 57%]
backend\tests\test_coverage_part2.py ........                            [ 58%]
backend\tests\test_db_connection.py .................                    [ 61%]
backend\tests\test_enhanced_connection_pool.py .........                 [ 62%]
backend\tests\test_enhanced_item_search.py .                             [ 62%]
backend\tests\test_enterprise_stabilization.py ...                       [ 63%]
backend\tests\test_erp_mapping.py ..                                     [ 63%]
backend\tests\test_erp_sync_service.py .............                     [ 65%]
backend\tests\test_erp_utils.py ................                         [ 67%]
backend\tests\test_error_handler_with_diagnosis.py ...............       [ 69%]
backend\tests\test_error_logging.py ...                                  [ 70%]
backend\tests\test_exceptions.py ...............                         [ 72%]
backend\tests\test_floor_selection.py .                                  [ 72%]
backend\tests\test_governance.py ...                                     [ 73%]
backend\tests\test_integration.py .......                                [ 74%]
backend\tests\test_items.py ......                                       [ 75%]
backend\tests\test_locations_api.py ...                                  [ 75%]
backend\tests\test_notification_service.py ..........                    [ 76%]
backend\tests\test_offline_sync.py ..                                    [ 77%]
backend\tests\test_performance.py sss                                    [ 77%]
backend\tests\test_pi_api.py ....                                        [ 78%]
backend\tests\test_pin_auth.py .....                                     [ 78%]
backend\tests\test_result.py ........................                    [ 82%]
backend\tests\test_routes_check.py .                                     [ 82%]
backend\tests\test_search_api.py ..                                      [ 82%]
backend\tests\test_search_service.py ....                                [ 83%]
backend\tests\test_security_headers.py ............                      [ 85%]
backend\tests\test_sentry.py .............                               [ 87%]
backend\tests\test_sessions_api.py ......                                [ 87%]
backend\tests\test_simple.py .                                           [ 88%]
backend\tests\test_sql_readonly.py ...                                   [ 88%]
backend\tests\test_stock_verification.py .....                           [ 89%]
backend\tests\test_sync.py ....                                          [ 89%]
backend\tests\test_sync_service.py .....                                 [ 90%]
backend\tests\test_validation.py ................................        [ 95%]
backend\tests\test_variance_service.py ........                          [ 96%]
backend\tests\test_verification.py ..                                    [ 96%]
backend\tests\test_version_check.py ..............                       [ 98%]
backend\tests\test_websocket_manager.py ....                             [ 99%]
backend\tests\test_websocket_service.py .....                            [100%]

================================== FAILURES ===================================
____________ TestCreateSessionEndpoint.test_create_session_success ____________

self = <test_session_management_api.TestCreateSessionEndpoint object at 0x000002287FFDA990>
mock_user_staff = {'full_name': 'Staff User', 'role': 'staff', 'username': 'staff1'}

    @pytest.mark.asyncio
    async def test_create_session_success(self, mock_user_staff):
        """Test successful session creation"""
        mock_db = AsyncMock()
        mock_db.sessions = AsyncMock()
        mock_db.sessions.find_one = AsyncMock(return_value=None)  # No existing session
        mock_db.sessions.count_documents = AsyncMock(return_value=0)
        mock_db.sessions.update_many = AsyncMock()  # For auto-close
        mock_db.sessions.insert_one = AsyncMock(return_value=AsyncMock(inserted_id="sess_123"))
        mock_db.verification_sessions = AsyncMock()
        mock_db.verification_sessions.update_many = AsyncMock()  # For auto-close
        mock_db.verification_sessions.insert_one = AsyncMock(
            return_value=AsyncMock(inserted_id="vsess_123")
        )
    
        async def override_get_db():
            return mock_db
    
        async def override_get_current_user():
            return mock_user_staff
    
        # Mock refresh token service
        mock_refresh_service = AsyncMock()
        mock_refresh_service.revoke_all_user_tokens = AsyncMock(return_value=0)
    
        from backend.auth.dependencies import get_current_user_async
        from backend.db.runtime import get_db
        from unittest.mock import patch
    
        app.dependency_overrides[get_db] = override_get_db
        app.dependency_overrides[get_current_user_async] = override_get_current_user
    
        try:
            # Patch the direct call to get_refresh_token_service
            with patch(
                "backend.api.session_management_api.get_refresh_token_service",
                return_value=mock_refresh_service,
            ):
                async with AsyncClient(
                    transport=ASGITransport(app=app),
                    base_url="http://test",
                ) as client:
>                   response = await client.post(
                        "/api/sessions/",
                        json={"warehouse": "WH001", "type": "STANDARD"},
                    )

backend\tests\api\test_session_management_api.py:122: 
_ _ _ _ _ _ _ _ _ _ _ _ _ _ _ _ _ _ _ _ _ _ _ _ _ _ _ _ _ _ _ _ _ _ _ _ _ _ _ _
.venv\Lib\site-packages\httpx\_client.py:1859: in post
    return await self.request(
.venv\Lib\site-packages\httpx\_client.py:1540: in request
    return await self.send(request, auth=auth, follow_redirects=follow_redirects)
           ^^^^^^^^^^^^^^^^^^^^^^^^^^^^^^^^^^^^^^^^^^^^^^^^^^^^^^^^^^^^^^^^^^^^^^
.venv\Lib\site-packages\httpx\_client.py:1629: in send
    response = await self._send_handling_auth(
.venv\Lib\site-packages\httpx\_client.py:1657: in _send_handling_auth
    response = await self._send_handling_redirects(
.venv\Lib\site-packages\httpx\_client.py:1694: in _send_handling_redirects
    response = await self._send_single_request(request)
               ^^^^^^^^^^^^^^^^^^^^^^^^^^^^^^^^^^^^^^^^
.venv\Lib\site-packages\httpx\_client.py:1730: in _send_single_request
    response = await transport.handle_async_request(request)
               ^^^^^^^^^^^^^^^^^^^^^^^^^^^^^^^^^^^^^^^^^^^^^
.venv\Lib\site-packages\httpx\_transports\asgi.py:170: in handle_async_request
    await self.app(scope, receive, send)
.venv\Lib\site-packages\fastapi\applications.py:1054: in __call__
    await super().__call__(scope, receive, send)
.venv\Lib\site-packages\starlette\applications.py:112: in __call__
    await self.middleware_stack(scope, receive, send)
.venv\Lib\site-packages\starlette\middleware\errors.py:187: in __call__
    raise exc
.venv\Lib\site-packages\starlette\middleware\errors.py:165: in __call__
    await self.app(scope, receive, _send)
backend\middleware\security_headers.py:116: in __call__
    await self.app(scope, receive, send_wrapper)
.venv\Lib\site-packages\starlette\middleware\cors.py:85: in __call__
    await self.app(scope, receive, send)
.venv\Lib\site-packages\starlette\middleware\exceptions.py:62: in __call__
    await wrap_app_handling_exceptions(self.app, conn)(scope, receive, send)
.venv\Lib\site-packages\starlette\_exception_handler.py:53: in wrapped_app
    raise exc
.venv\Lib\site-packages\starlette\_exception_handler.py:42: in wrapped_app
    await app(scope, receive, sender)
.venv\Lib\site-packages\starlette\routing.py:715: in __call__
    await self.middleware_stack(scope, receive, send)
.venv\Lib\site-packages\starlette\routing.py:735: in app
    await route.handle(scope, receive, send)
.venv\Lib\site-packages\starlette\routing.py:288: in handle
    await self.app(scope, receive, send)
.venv\Lib\site-packages\starlette\routing.py:76: in app
    await wrap_app_handling_exceptions(app, request)(scope, receive, send)
.venv\Lib\site-packages\starlette\_exception_handler.py:53: in wrapped_app
    raise exc
.venv\Lib\site-packages\starlette\_exception_handler.py:42: in wrapped_app
    await app(scope, receive, sender)
.venv\Lib\site-packages\starlette\routing.py:73: in app
    response = await f(request)
               ^^^^^^^^^^^^^^^^
.venv\Lib\site-packages\fastapi\routing.py:301: in app
    raw_response = await run_endpoint_function(
.venv\Lib\site-packages\fastapi\routing.py:212: in run_endpoint_function
    return await dependant.call(**values)
           ^^^^^^^^^^^^^^^^^^^^^^^^^^^^^^
_ _ _ _ _ _ _ _ _ _ _ _ _ _ _ _ _ _ _ _ _ _ _ _ _ _ _ _ _ _ _ _ _ _ _ _ _ _ _ _

session_data = SessionCreate(warehouse='WH001', type='STANDARD')
db = <AsyncMock id='2370831886928'>
current_user = {'full_name': 'Staff User', 'role': 'staff', 'username': 'staff1'}

    @router.post("/", response_model=Session)
    @router.post("", response_model=Session)
    async def create_session(
        session_data: SessionCreate,
        db: AsyncIOMotorDatabase = Depends(get_db),
        current_user: dict[str, Any] = Depends(get_current_user),
    ) -> Session:
        """Create a new session"""
        import uuid
        from datetime import datetime
    
        # Input validation
        warehouse = session_data.warehouse.strip()
        if not warehouse:
            raise HTTPException(status_code=400, detail="Warehouse name cannot be empty")
    
        existing_session = await db.sessions.find_one(
            {
                "staff_user": current_user["username"],
                "status": {"$in": ["OPEN", "ACTIVE", "RECONCILE"]},
                "warehouse": {"$regex": f"^{re.escape(warehouse)}$", "$options": "i"},
            }
        )
        if existing_session:
            if "_id" in existing_session and "id" not in existing_session:
                existing_session["id"] = str(existing_session["_id"])
                del existing_session["_id"]
            logger.info(
                "Existing open session found for warehouse; returning existing session",
                extra={"warehouse": warehouse, "session_id": existing_session.get("id")},
            )
            return Session(**existing_session)
    
        # Enforce Invariant E: Single Session per User
        # In a live production environment, opening a new session must invalidate old ones.
    
        # Find any active sessions for this user across both collections
        open_sessions_filter = {
            "staff_user": current_user["username"],
            "status": {"$in": ["OPEN", "ACTIVE", "RECONCILE"]},
        }
    
        # Auto-close strategy to satisfy "Single Session" mandate
        # We close them with a special status to indicate system intervention
        now_ts = time.time()
        now_dt = datetime.utcnow()
    
        # 1. Close in main sessions collection
        await db.sessions.update_many(
            open_sessions_filter,
            {
                "$set": {
                    "status": "CLOSED",
                    "completed_at": now_dt,
                    "close_reason": "SYSTEM_AUTO_CLOSE_NEW_SESSION",
                }
            },
        )
    
        # 2. Close in verification_sessions
        await db.verification_sessions.update_many(
            {"user_id": current_user["username"], "status": {"$in": ["OPEN", "ACTIVE", "RECONCILE"]}},
            {
                "$set": {
                    "status": "CLOSED",
                    "completed_at": now_ts,
                    "close_reason": "SYSTEM_AUTO_CLOSE_NEW_SESSION",
                }
            },
        )
    
        # 3. Revoke previous refresh tokens to ensure session is strictly bound
        refresh_token_service = get_refresh_token_service()
        if refresh_token_service:
            await refresh_token_service.revoke_all_user_tokens(current_user["username"])
    
        # Create Session object
        session = Session(
            id=str(uuid.uuid4()),
            warehouse=warehouse,
            staff_user=current_user["username"],
            staff_name=current_user.get("full_name", current_user["username"]),
            type=session_data.type or "STANDARD",
            status="OPEN",
            started_at=datetime.utcnow(),
        )
    
        # GOVERNANCE: Snapshot & Config Enforcement
        import hashlib
        import json
        from backend.core.schemas.snapshot import SessionSnapshot, SnapshotItem
    
        # 1. Get latest config version
        latest_config = await db.config_versions.find_one(sort=[("created_at", -1)])
        config_version_id = latest_config["id"] if latest_config else "LEGACY_NO_VERSION"
        session.config_version_id = config_version_id
    
        # 2. Fetch items for snapshot
        # Find items in this warehouse
        items_cursor = db.erp_items.find(
            {"warehouse": {"$regex": f"^{re.escape(warehouse)}$", "$options": "i"}}
        )
        snapshot_items = []
    
>       async for item in items_cursor:
                          ^^^^^^^^^^^^
E       TypeError: 'async for' requires an object with __aiter__ method, got coroutine

backend\api\session_management_api.py:247: TypeError
============================== warnings summary ===============================
tests/test_count_lines_api.py::TestCreateCountLine::test_create_count_line_success
tests/test_count_lines_api.py::TestCreateCountLine::test_create_count_line_high_risk
tests/test_count_lines_api.py::TestCountLinesAPIEdgeCases::test_create_count_line_session_stats_error
  D:\stk\stock-verify-system\backend\api\count_lines_api.py:472: RuntimeWarning: coroutine 'AsyncMockMixin._execute_mock_call' was never awaited
    logger.error(f"Failed to update session stats: {str(e)}")
  Enable tracemalloc to get traceback where the object was allocated.
  See https://docs.pytest.org/en/stable/how-to/capture-warnings.html#resource-warnings for more info.

tests/test_offline_sync.py::test_modern_batch_sync_success
  C:\Program Files\WindowsApps\PythonSoftwareFoundation.Python.3.13_3.13.2544.0_x64__qbz5n2kfra8p0\Lib\unittest\mock.py:2247: RuntimeWarning: coroutine 'AsyncMockMixin._execute_mock_call' was never awaited
    def __init__(self, name, parent):
  Enable tracemalloc to get traceback where the object was allocated.
  See https://docs.pytest.org/en/stable/how-to/capture-warnings.html#resource-warnings for more info.

-- Docs: https://docs.pytest.org/en/stable/how-to/capture-warnings.html
=========================== short test summary info ===========================
FAILED backend\tests\api\test_session_management_api.py::TestCreateSessionEndpoint::test_create_session_success
=========== 1 failed, 676 passed, 11 skipped, 4 warnings in 32.30s ============
