python : INFO:backend.utils.tracing:Tracing is disabled (set 
STOCK_VERIFY_TRACING_ENABLED=1 to enable)
At line:1 char:1
+ python backend/scripts/test_refresh_endpoint.py > 
test_output.log 2>& ...
+ ~~~~~~~~~~~~~~~~~~~~~~~~~~~~~~~~~~~~~~~~~~~~~~~~~~~~~~~~~~~~~~~
~~~~~~
    + CategoryInfo          : NotSpecified: (INFO:backend.ut...E 
   D=1 to enable):String) [], RemoteException
    + FullyQualifiedErrorId : NativeCommandError
 
INFO:backend.services.database_optimizer:Database optimizer 
configured: max_pool=100, min_pool=10, timeouts=5000ms/20000ms
INFO:backend.api.legacy_routes:Password hashing: Using Argon2 
with bcrypt fallback
INFO:backend.utils.tracing:Tracing is disabled (set 
STOCK_VERIFY_TRACING_ENABLED=1 to enable)
INFO:backend.services.database_optimizer:Database optimizer 
configured: max_pool=100, min_pool=10, timeouts=5000ms/20000ms
INFO:backend.core.lifespan:Password hashing: Using Argon2 with 
bcrypt fallback
INFO:backend.services.cache_service:Redis client created 
(pending connection verification)
INFO:root:\u2713 ERP sync service initialized
INFO:root:\u2713 Change detection sync service initialized
INFO:root:\u2713 Auto-sync manager initialized
INFO:stock-verify:\u2713 Security headers middleware enabled
INFO:stock-verify:\u2713 Phase 1-3 upgrade routers registered
INFO:stock-verify:\u2713 Admin Dashboard, Report Generation, and 
Dynamic Reports APIs registered
INFO:stock-verify:\u2713 Enterprise API router registered at 
/api/enterprise/*
INFO:stock-verify:Route: /openapi.json
INFO:stock-verify:Route: /docs
INFO:stock-verify:Route: /docs/oauth2-redirect
INFO:stock-verify:Route: /redoc
INFO:stock-verify:Route: /api/health/
INFO:stock-verify:Route: /api/health
INFO:stock-verify:Route: /api/health/live
INFO:stock-verify:Route: /api/health/ready
INFO:stock-verify:Route: /api/health/startup
INFO:stock-verify:Route: /api/health/detailed
INFO:stock-verify:Route: /api/version
INFO:stock-verify:Route: /api/version/check
INFO:stock-verify:Route: /api/permissions/available
INFO:stock-verify:Route: /api/permissions/roles
INFO:stock-verify:Route: /api/permissions/users/{username}
INFO:stock-verify:Route: /api/permissions/users/{username}/add
INFO:stock-verify:Route: /api/permissions/users/{username}/remove
INFO:stock-verify:Route: 
/api/permissions/users/{username}/disable
INFO:stock-verify:Route: /api/permissions/users/{username}/enable
INFO:stock-verify:Route: /api/users
INFO:stock-verify:Route: /api/users/{user_id}
INFO:stock-verify:Route: /api/users
INFO:stock-verify:Route: /api/users/{user_id}
INFO:stock-verify:Route: /api/users/{user_id}
INFO:stock-verify:Route: /api/users/bulk
INFO:stock-verify:Route: /api/users/roles/available
INFO:stock-verify:Route: /api/users/{user_id}/reset-password
INFO:stock-verify:Route: /api/users/{user_id}/reset-pin
INFO:stock-verify:Route: /api/mapping/tables
INFO:stock-verify:Route: /api/mapping/columns
INFO:stock-verify:Route: /api/mapping/preview
INFO:stock-verify:Route: /api/mapping/save
INFO:stock-verify:Route: /api/mapping/current
INFO:stock-verify:Route: /api/exports/schedules
INFO:stock-verify:Route: /api/exports/schedules
INFO:stock-verify:Route: /api/exports/schedules/{schedule_id}
INFO:stock-verify:Route: /api/exports/schedules/{schedule_id}
INFO:stock-verify:Route: /api/exports/schedules/{schedule_id}
INFO:stock-verify:Route: 
/api/exports/schedules/{schedule_id}/execute
INFO:stock-verify:Route: /api/exports/results
INFO:stock-verify:Route: 
/api/exports/results/{result_id}/download
INFO:stock-verify:Route: /api/auth/register
INFO:stock-verify:Route: /api/auth/login
INFO:stock-verify:Route: /api/auth/login-pin
INFO:stock-verify:Route: /api/auth/pin-setup
INFO:stock-verify:Route: /api/auth/me
INFO:stock-verify:Route: /api/auth/heartbeat
INFO:stock-verify:Route: /api/auth/change-pin
INFO:stock-verify:Route: /api/auth/change-password
INFO:stock-verify:Route: /api/auth/password-reset/request
INFO:stock-verify:Route: /api/auth/password-reset/verify
INFO:stock-verify:Route: /api/auth/password-reset/confirm
INFO:stock-verify:Route: /api/items/search/optimized
INFO:stock-verify:Route: /api/items/search/optimized
INFO:stock-verify:Route: /api/items/search/suggestions
INFO:stock-verify:Route: /api/items/search/filters
INFO:stock-verify:Route: /api/metrics
INFO:stock-verify:Route: /api/metrics/json
INFO:stock-verify:Route: /api/metrics/health
INFO:stock-verify:Route: /api/metrics/stats
INFO:stock-verify:Route: /api/metrics/staff-performance
INFO:stock-verify:Route: /api/sync/status
INFO:stock-verify:Route: /api/sync/stats
INFO:stock-verify:Route: /api/sync/trigger
INFO:stock-verify:Route: /api/sync/erp
INFO:stock-verify:Route: /api/sync/changes
INFO:stock-verify:Route: /api/sync/changes/stats
INFO:stock-verify:Route: /api/diagnosis/health
INFO:stock-verify:Route: /api/diagnosis/statistics
INFO:stock-verify:Route: /api/diagnosis/diagnose
INFO:stock-verify:Route: /api/diagnosis/auto-fix
INFO:stock-verify:Route: /api/diagnosis/patterns
INFO:stock-verify:Route: /api/admin/security/failed-logins
INFO:stock-verify:Route: /api/admin/security/suspicious-activity
INFO:stock-verify:Route: /api/admin/security/sessions
INFO:stock-verify:Route: /api/admin/security/audit-log
INFO:stock-verify:Route: /api/admin/security/ip-tracking
INFO:stock-verify:Route: /api/admin/security/summary
INFO:stock-verify:Route: 
/api/v2/erp/items/{barcode}/update-master
INFO:stock-verify:Route: 
/api/v2/erp/items/{barcode}/refresh-sql-qty
INFO:stock-verify:Route: /api/v2/erp/items/{barcode}/verify
INFO:stock-verify:Route: /api/v2/erp/items/filtered
INFO:stock-verify:Route: /api/v2/erp/items/export/csv
INFO:stock-verify:Route: /api/v2/erp/items/variances
INFO:stock-verify:Route: /api/v2/erp/items/live/users
INFO:stock-verify:Route: /api/v2/erp/items/live/verifications
INFO:stock-verify:Route: /api/erp/items/barcode/{barcode}
INFO:stock-verify:Route: /api/erp/items/{item_code}/refresh-stock
INFO:stock-verify:Route: /api/erp/config
INFO:stock-verify:Route: /api/item-batches/{item_code}
INFO:stock-verify:Route: /api/erp/test
INFO:stock-verify:Route: /api/erp/items
INFO:stock-verify:Route: /api/items/search
INFO:stock-verify:Route: /api/variance-reasons
INFO:stock-verify:Route: /api/variance/trend
INFO:stock-verify:Route: /api/admin/control/services/status
INFO:stock-verify:Route: 
/api/admin/control/services/backend/start
INFO:stock-verify:Route: /api/admin/control/services/backend/stop
INFO:stock-verify:Route: 
/api/admin/control/services/frontend/start
INFO:stock-verify:Route: 
/api/admin/control/services/frontend/stop
INFO:stock-verify:Route: /api/admin/control/system/issues
INFO:stock-verify:Route: /api/admin/control/devices
INFO:stock-verify:Route: /api/admin/control/reports/available
INFO:stock-verify:Route: /api/admin/control/reports/generate
INFO:stock-verify:Route: /api/admin/control/logs/{service}
INFO:stock-verify:Route: /api/admin/control/logs/clear
INFO:stock-verify:Route: /api/admin/control/sql-server/config
INFO:stock-verify:Route: /api/admin/control/sql-server/config
INFO:stock-verify:Route: /api/admin/control/sql-server/test
INFO:stock-verify:Route: /api/admin/control/system/health-score
INFO:stock-verify:Route: /api/admin/control/system/stats
INFO:stock-verify:Route: /api/admin/control/watchdog/run
INFO:stock-verify:Route: /api/dynamic-fields/definitions
INFO:stock-verify:Route: /api/dynamic-fields/definitions
INFO:stock-verify:Route: 
/api/dynamic-fields/definitions/{field_id}
INFO:stock-verify:Route: 
/api/dynamic-fields/definitions/{field_id}
INFO:stock-verify:Route: /api/dynamic-fields/values
INFO:stock-verify:Route: /api/dynamic-fields/values/bulk
INFO:stock-verify:Route: /api/dynamic-fields/values/{item_code}
INFO:stock-verify:Route: /api/dynamic-fields/items
INFO:stock-verify:Route: 
/api/dynamic-fields/statistics/{field_name}
INFO:stock-verify:Route: /api/dynamic-reports/templates
INFO:stock-verify:Route: /api/dynamic-reports/templates
INFO:stock-verify:Route: /api/dynamic-reports/generate
INFO:stock-verify:Route: /api/dynamic-reports/history
INFO:stock-verify:Route: 
/api/dynamic-reports/{report_id}/download
INFO:stock-verify:Route: 
/api/dynamic-reports/quick/items-with-fields
INFO:stock-verify:Route: 
/api/dynamic-reports/quick/variance-summary
INFO:stock-verify:Route: /api/dashboard/columns
INFO:stock-verify:Route: /api/dashboard/data
INFO:stock-verify:Route: /api/dashboard/item/{item_id}
INFO:stock-verify:Route: /api/dashboard/stats
INFO:stock-verify:Route: /api/dashboard/filters/options
INFO:stock-verify:Route: /api/dashboard/stream
INFO:stock-verify:Route: /api/dashboard/ws/{token}
INFO:stock-verify:Route: /api/dashboard/export/csv
INFO:stock-verify:Route: /api/dashboard/export/xlsx
INFO:stock-verify:Route: /api/error-logs
INFO:stock-verify:Route: /api/error-logs
INFO:stock-verify:Route: /api/error-logs/stats
INFO:stock-verify:Route: /api/error-logs/{log_id}
INFO:stock-verify:Route: /api/error-logs/{log_id}/resolve
INFO:stock-verify:Route: /api/activity-logs
INFO:stock-verify:Route: /api/activity-logs/stats
INFO:stock-verify:Route: /api/admin/settings/parameters
INFO:stock-verify:Route: /api/admin/settings/parameters
INFO:stock-verify:Route: /api/admin/settings/categories
INFO:stock-verify:Route: /api/admin/settings/reset
INFO:stock-verify:Route: /api/admin/logs/backend
INFO:stock-verify:Route: /api/admin/logs/frontend
INFO:stock-verify:Route: /api/admin/logs/mongodb
INFO:stock-verify:Route: /api/admin/logs/system
INFO:stock-verify:Route: /api/admin/logs/clear
INFO:stock-verify:Route: /api/locations/warehouses
INFO:stock-verify:Route: /api/locations/zones
INFO:stock-verify:Route: /api/count-lines/draft
INFO:stock-verify:Route: /api/count-lines
INFO:stock-verify:Route: /api/count-lines
INFO:stock-verify:Route: /api/count-lines/{line_id}/approve
INFO:stock-verify:Route: /api/count-lines/{line_id}/reject
INFO:stock-verify:Route: 
/api/count-lines/check/{session_id}/{item_code}
INFO:stock-verify:Route: /api/count-lines/session/{session_id}
INFO:stock-verify:Route: /api/count-lines/{line_id}
INFO:stock-verify:Route: 
/api/sessions/{session_id}/items/{item_code}/scan-status
INFO:stock-verify:Route: /api/count-lines/bulk/approve
INFO:stock-verify:Route: /api/count-lines/bulk/reject
INFO:stock-verify:Route: /api/item-batches/{item_identifier}
INFO:stock-verify:Route: /api/sync/batch
INFO:stock-verify:Route: /api/sync/heartbeat
INFO:stock-verify:Route: /api/racks/available
INFO:stock-verify:Route: /api/racks/floors
INFO:stock-verify:Route: /api/racks/{rack_id}/claim
INFO:stock-verify:Route: /api/racks/{rack_id}/release
INFO:stock-verify:Route: /api/racks/{rack_id}/pause
INFO:stock-verify:Route: /api/racks/{rack_id}/resume
INFO:stock-verify:Route: /api/racks/{rack_id}/status
INFO:stock-verify:Route: /api/racks/user/active
INFO:stock-verify:Route: /api/sessions
INFO:stock-verify:Route: /api/sessions/
INFO:stock-verify:Route: /api/sessions
INFO:stock-verify:Route: /api/sessions/
INFO:stock-verify:Route: /api/sessions/active
INFO:stock-verify:Route: /api/sessions/{session_id}
INFO:stock-verify:Route: /api/sessions/{session_id}/stats
INFO:stock-verify:Route: /api/sessions/{session_id}/heartbeat
INFO:stock-verify:Route: /api/sessions/{session_id}/status
INFO:stock-verify:Route: /api/sessions/{session_id}/complete
INFO:stock-verify:Route: /api/sessions/user/history
INFO:stock-verify:Route: /api/sessions/{session_id}/integrity
INFO:stock-verify:Route: /api/sessions/logout-all
INFO:stock-verify:Route: /api/user/settings
INFO:stock-verify:Route: /api/user/settings
INFO:stock-verify:Route: /api/user/settings
INFO:stock-verify:Route: /api/users/me/preferences
INFO:stock-verify:Route: /api/users/me/preferences
INFO:stock-verify:Route: /api/reports/query/preview
INFO:stock-verify:Route: /api/reports/snapshots
INFO:stock-verify:Route: /api/reports/snapshots
INFO:stock-verify:Route: /api/reports/snapshots/{snapshot_id}
INFO:stock-verify:Route: /api/reports/snapshots/{snapshot_id}
INFO:stock-verify:Route: 
/api/reports/snapshots/{snapshot_id}/refresh
INFO:stock-verify:Route: 
/api/reports/snapshots/{snapshot_id}/export
INFO:stock-verify:Route: /api/reports/compare
INFO:stock-verify:Route: /api/reports/compare/{job_id}
INFO:stock-verify:Route: /api/reports/compare
INFO:stock-verify:Route: /api/reports/collections
INFO:stock-verify:Route: /api/admin/dashboard/kpis
INFO:stock-verify:Route: /api/admin/dashboard/system-status
INFO:stock-verify:Route: /api/admin/dashboard/active-users
INFO:stock-verify:Route: /api/admin/dashboard/error-logs
INFO:stock-verify:Route: /api/admin/dashboard/performance-metrics
INFO:stock-verify:Route: /api/admin/dashboard/summary
INFO:stock-verify:Route: /api/reports/types
INFO:stock-verify:Route: /api/reports/generate
INFO:stock-verify:Route: /api/reports/export/csv
INFO:stock-verify:Route: /api/reports/export/xlsx
INFO:stock-verify:Route: /api/reports/filters/{report_type}
INFO:stock-verify:Route: /api/admin/errors/report
INFO:stock-verify:Route: /api/admin/errors
INFO:stock-verify:Route: /api/admin/errors/dashboard
INFO:stock-verify:Route: /api/admin/errors/{error_id}
INFO:stock-verify:Route: /api/admin/errors/{error_id}/status
INFO:stock-verify:Route: /api/admin/errors/{error_id}
INFO:stock-verify:Route: /api/admin/errors/stats/summary
INFO:stock-verify:Route: /ws/updates
INFO:stock-verify:Route: 
/api/v2/verification/items/{item_code}/verify-qty
INFO:stock-verify:Route: /api/enterprise/audit/logs
INFO:stock-verify:Route: /api/enterprise/audit/verify-integrity
INFO:stock-verify:Route: /api/enterprise/audit/compliance-report
INFO:stock-verify:Route: /api/enterprise/security/summary
INFO:stock-verify:Route: /api/enterprise/security/ip-lists
INFO:stock-verify:Route: /api/enterprise/security/ip-list
INFO:stock-verify:Route: 
/api/enterprise/security/ip-list/{ip_address}
INFO:stock-verify:Route: /api/enterprise/security/locked-accounts
INFO:stock-verify:Route: /api/enterprise/security/unlock-account
INFO:stock-verify:Route: /api/enterprise/security/events
INFO:stock-verify:Route: 
/api/enterprise/security/sessions/{user_id}
INFO:stock-verify:Route: 
/api/enterprise/security/sessions/{user_id}
INFO:stock-verify:Route: /api/enterprise/features
INFO:stock-verify:Route: /api/enterprise/features/enabled
INFO:stock-verify:Route: /api/enterprise/features/{key}
INFO:stock-verify:Route: /api/enterprise/features
INFO:stock-verify:Route: /api/enterprise/features/{key}
INFO:stock-verify:Route: /api/enterprise/features/{key}/enable
INFO:stock-verify:Route: /api/enterprise/features/{key}/disable
INFO:stock-verify:Route: /api/enterprise/features/{key}
INFO:stock-verify:Route: /api/enterprise/governance/inventory
INFO:stock-verify:Route: 
/api/enterprise/governance/compliance-report
INFO:stock-verify:Route: 
/api/enterprise/governance/retention-policies
INFO:stock-verify:Route: 
/api/enterprise/governance/retention-policies
INFO:stock-verify:Route: 
/api/enterprise/governance/apply-retention
INFO:stock-verify:Route: /api/enterprise/governance/data-requests
INFO:stock-verify:Route: /api/enterprise/governance/data-requests
INFO:stock-verify:Route: 
/api/enterprise/governance/data-requests/{request_id}/process
INFO:stock-verify:Route: /api/enterprise/circuit-breakers
INFO:stock-verify:Route: /api/enterprise/metrics
INFO:stock-verify:Route: /api/enterprise/metrics/prometheus
INFO:stock-verify:Route: /api/mapping/test_direct
INFO:stock-verify:\u2713 Enrichment API router registered
INFO:stock-verify:\u2713 API v2 router registered
INFO:backend.core.lifespan:\U0001f680 Starting StockVerify 
application...
INFO:backend.core.lifespan:\U0001f4e6 Phase 1: Initializing 
Redis services...
WARNING:backend.services.redis_service:Failed to connect to 
Redis: Error 22 connecting to localhost:6379. The remote 
computer refused the network connection.
WARNING:backend.core.lifespan:\u26a0\ufe0f Redis services not 
available: Error 22 connecting to localhost:6379. The remote 
computer refused the network connection.
WARNING:backend.core.lifespan:Multi-user locking and real-time 
updates will be disabled
INFO:backend.core.lifespan:\U0001f310 Starting mDNS service...
INFO:backend.services.mdns_service:Registering mDNS service: 
stock-verify.local. at 192.168.1.2:8001
ERROR:backend.services.mdns_service:Failed to register mDNS 
service: 
Traceback (most recent call last):
  File 
"D:\stk\stock-verify-system\backend\services\mdns_service.py", 
line 44, in register
    await loop.run_in_executor(None, 
self.zeroconf.register_service, self.info)
  File "C:\Program Files\WindowsApps\PythonSoftwareFoundation.Pyt
hon.3.13_3.13.2544.0_x64__qbz5n2kfra8p0\Lib\concurrent\futures\th
read.py", line 59, in run
    result = self.fn(*self.args, **self.kwargs)
  File "C:\Users\mknou\AppData\Local\Packages\PythonSoftwareFound
ation.Python.3.13_qbz5n2kfra8p0\LocalCache\local-packages\Python3
13\site-packages\zeroconf\_core.py", line 332, in 
register_service
    run_coro_with_timeout(
    ~~~~~~~~~~~~~~~~~~~~~^
        await_awaitable(
        ^^^^^^^^^^^^^^^^
    ...<3 lines>...
        _REGISTER_TIME * _REGISTER_BROADCASTS,
        ^^^^^^^^^^^^^^^^^^^^^^^^^^^^^^^^^^^^^^
    )
    ^
  File "C:\Users\mknou\AppData\Local\Packages\PythonSoftwareFound
ation.Python.3.13_qbz5n2kfra8p0\LocalCache\local-packages\Python3
13\site-packages\zeroconf\_utils\asyncio.py", line 117, in 
run_coro_with_timeout
    return asyncio.run_coroutine_threadsafe(aw, loop).result(
           ~~~~~~~~~~~~~~~~~~~~~~~~~~~~~~~~~~~~~~~~~~~~~~~~~^
        millis_to_seconds(timeout) + _LOADED_SYSTEM_TIMEOUT
        ^^^^^^^^^^^^^^^^^^^^^^^^^^^^^^^^^^^^^^^^^^^^^^^^^^^
    )
    ^
  File "C:\Program Files\WindowsApps\PythonSoftwareFoundation.Pyt
hon.3.13_3.13.2544.0_x64__qbz5n2kfra8p0\Lib\concurrent\futures\_b
ase.py", line 456, in result
    return self.__get_result()
           ~~~~~~~~~~~~~~~~~^^
  File "C:\Program Files\WindowsApps\PythonSoftwareFoundation.Pyt
hon.3.13_3.13.2544.0_x64__qbz5n2kfra8p0\Lib\concurrent\futures\_b
ase.py", line 401, in __get_result
    raise self._exception
  File "C:\Users\mknou\AppData\Local\Packages\PythonSoftwareFound
ation.Python.3.13_qbz5n2kfra8p0\LocalCache\local-packages\Python3
13\site-packages\zeroconf\_utils\asyncio.py", line 101, in 
await_awaitable
    task = await aw
           ^^^^^^^^
  File "C:\Users\mknou\AppData\Local\Packages\PythonSoftwareFound
ation.Python.3.13_qbz5n2kfra8p0\LocalCache\local-packages\Python3
13\site-packages\zeroconf\_core.py", line 362, in 
async_register_service
    await self.async_check_service(info, allow_name_change, 
cooperating_responders, strict)
  File "C:\Users\mknou\AppData\Local\Packages\PythonSoftwareFound
ation.Python.3.13_qbz5n2kfra8p0\LocalCache\local-packages\Python3
13\site-packages\zeroconf\_core.py", line 560, in 
async_check_service
    raise NonUniqueNameException
zeroconf._exceptions.NonUniqueNameException
INFO:backend.core.lifespan:\u2713 mDNS service started 
(stock-verify.local on port 8001)
INFO:backend.core.lifespan:\u2713 SQL connector attached to 
count_lines_router
WARNING:backend.core.lifespan:SQL Server credentials not 
configured. Set SQL_SERVER_USER and SQL_SERVER_PASSWORD (or use 
Windows auth).
INFO:backend.core.lifespan:\u2705 MongoDB connection verified - 
MongoDB is required and available
INFO:backend.core.lifespan:OK: Default users initialized
INFO:backend.core.lifespan:OK: Mock ERP data check complete
INFO:backend.db.migrations:Creating database indexes...
INFO:backend.db.migrations:Applying optimized index 
definitions...
INFO:backend.db.indexes:\u2713 Created 7 indexes on 
verification_records
INFO:backend.db.indexes:\u2713 Created 6 indexes on 
verification_sessions
INFO:backend.db.indexes:\u2713 Created 5 indexes on rack_registry
INFO:backend.db.indexes:\u2713 Created 4 indexes on item_serials
INFO:backend.db.indexes:\u2713 Created 4 indexes on 
report_snapshots
INFO:backend.db.indexes:\u2713 Created 4 indexes on 
report_compare_jobs
INFO:backend.db.indexes:\u2713 Created 4 indexes on count_lines
INFO:backend.db.indexes:\u2713 Created 4 indexes on sessions
WARNING:backend.db.indexes:Failed to create index idx_item_code 
on erp_items: An existing index has the same name as the 
requested index. When index names are not specified, they are 
auto generated and can cause conflicts. Please refer to our 
documentation. Requested index: { v: 2, unique: true, key: { 
item_code: 1 }, name: "idx_item_code" }, existing index: { v: 2, 
key: { item_code: 1 }, name: "idx_item_code" }, full error: 
{'ok': 0.0, 'errmsg': 'An existing index has the same name as 
the requested index. When index names are not specified, they 
are auto generated and can cause conflicts. Please refer to our 
documentation. Requested index: { v: 2, unique: true, key: { 
item_code: 1 }, name: "idx_item_code" }, existing index: { v: 2, 
key: { item_code: 1 }, name: "idx_item_code" }', 'code': 86, 
'codeName': 'IndexKeySpecsConflict'}
WARNING:backend.db.indexes:Failed to create index idx_category 
on erp_items: An existing index has the same name as the 
requested index. When index names are not specified, they are 
auto generated and can cause conflicts. Please refer to our 
documentation. Requested index: { v: 2, key: { category: 1, 
subcategory: 1 }, name: "idx_category" }, existing index: { v: 
2, key: { category: 1 }, name: "idx_category", background: true 
}, full error: {'ok': 0.0, 'errmsg': 'An existing index has the 
same name as the requested index. When index names are not 
specified, they are auto generated and can cause conflicts. 
Please refer to our documentation. Requested index: { v: 2, key: 
{ category: 1, subcategory: 1 }, name: "idx_category" }, 
existing index: { v: 2, key: { category: 1 }, name: 
"idx_category", background: true }', 'code': 86, 'codeName': 
'IndexKeySpecsConflict'}
INFO:backend.db.indexes:\u2713 Created 4 indexes on erp_items
INFO:backend.db.indexes:\u2713 Created 4 indexes on activity_logs
INFO:backend.db.indexes:\u2713 Created 4 indexes on error_logs
INFO:backend.db.indexes:\u2713 Created 2 indexes on products
INFO:backend.db.indexes:\u2713 Created 5 indexes on audit_logs
INFO:backend.db.indexes:\u2713 Created 3 indexes on users
INFO:backend.db.migrations:\u2713 Users indexes created
WARNING:backend.db.migrations:Error creating token_hash index: 
An existing index has the same name as the requested index. When 
index names are not specified, they are auto generated and can 
cause conflicts. Please refer to our documentation. Requested 
index: { v: 2, unique: true, key: { token_hash: 1 }, name: 
"token_hash_1" }, existing index: { v: 2, unique: true, key: { 
token_hash: 1 }, name: "token_hash_1", sparse: true }, full 
error: {'ok': 0.0, 'errmsg': 'An existing index has the same 
name as the requested index. When index names are not specified, 
they are auto generated and can cause conflicts. Please refer to 
our documentation. Requested index: { v: 2, unique: true, key: { 
token_hash: 1 }, name: "token_hash_1" }, existing index: { v: 2, 
unique: true, key: { token_hash: 1 }, name: "token_hash_1", 
sparse: true }', 'code': 86, 'codeName': 'IndexKeySpecsConflict'}
INFO:backend.db.migrations:\u2713 Refresh tokens indexes created
INFO:backend.db.migrations:\u2713 Sessions indexes created
INFO:backend.db.migrations:\u2713 Count lines indexes created
INFO:backend.db.migrations:\u2713 Text index already exists, 
skipping
INFO:backend.db.migrations:\u2713 ERP items indexes created
INFO:backend.db.migrations:\u2713 Item variances indexes created
INFO:backend.db.migrations:\u2713 ERP config and Sync metadata 
indexes verified
INFO:backend.db.migrations:\u2713 Activity logs indexes created
INFO:backend.db.migrations:\u2713 Products indexes created
INFO:backend.db.migrations:All database indexes created 
successfully
INFO:backend.db.migrations:Checking for pending migrations...
INFO:backend.db.migrations:No pending migrations
INFO:backend.core.lifespan:OK: Migrations completed
INFO:backend.core.lifespan:Auto-sync manager disabled: SQL 
Server not configured
WARNING:backend.services.sql_sync_service:SQL sync service 
started but SQL Server connection not available. Sync will retry 
periodically.
INFO:backend.core.lifespan:\u2713 ERP sync service started
INFO:backend.services.change_detection_sync:Change detection 
sync service started
INFO:backend.core.lifespan:\u2713 Change detection sync service 
started
INFO:backend.services.database_health:Database health monitoring 
started (interval: 60s)
INFO:backend.core.lifespan:OK: Database health monitoring started
WARNING:backend.services.sql_sync_service:SQL Server connection 
not available, skipping sync. Will retry in next interval.
INFO:backend.services.change_detection_sync:Starting change 
detection sync loop (interval: 300s)
INFO:backend.services.database_health:SQL Server health check: 
OK (Fallback to MongoDB cache with 20588 items)
WARNING:backend.services.cache_service:Redis connection failed: 
Error 22 connecting to localhost:6379. The remote computer 
refused the network connection.
INFO:backend.core.lifespan:OK: Cache service initialized: memory
INFO:backend.auth.dependencies:\u2713 AuthDependencies 
initialized successfully
INFO:backend.core.lifespan:OK: Auth dependencies initialized
INFO:backend.services.scheduled_export_service:Scheduled export 
service started
INFO:backend.core.lifespan:\u2713 Scheduled export service 
started
INFO:backend.core.lifespan:\u2713 Enrichment service initialized
INFO:backend.services.scheduled_export_service:Scheduled export 
service started
INFO:backend.services.enterprise_audit:Enterprise audit service 
initialized
INFO:backend.core.lifespan:\u2713 Enterprise audit service 
initialized
INFO:backend.services.enterprise_security:Loaded 0 whitelisted 
and 0 blacklisted IPs
INFO:backend.services.enterprise_security:Enterprise security 
service initialized
INFO:backend.core.lifespan:\u2713 Enterprise security service 
initialized
INFO:backend.services.feature_flags:Feature flag service 
initialized
INFO:backend.core.lifespan:\u2713 Feature flags service 
initialized
INFO:backend.services.data_governance:Data governance service 
initialized
INFO:backend.core.lifespan:\u2713 Data governance service 
initialized
INFO:backend.core.lifespan:\u2713 Sync conflicts service 
initialized
INFO:backend.core.lifespan:\u2713 Monitoring service connected 
to metrics API
INFO:backend.core.lifespan:\u2713 ERP API initialized
INFO:backend.core.lifespan:\u2713 Enhanced Item API initialized
INFO:backend.core.lifespan:\u2713 Item verification API 
initialized
INFO:backend.core.lifespan:\u2713 Startup Check: MongoDB 
connected
INFO:backend.core.lifespan:\u2139\ufe0f  Startup Check: SQL 
Server not configured (optional)
INFO:backend.core.lifespan:\u2713 Startup Check: Cache 
initialized (memory)
INFO:backend.core.lifespan:\u2713 Startup Check: Auth initialized
INFO:backend.core.lifespan:\u2713 Startup Check: 4 services 
running
INFO:backend.core.lifespan:\u2705 Startup Checklist: All 
critical services OK
INFO:backend.core.lifespan:\u2713 Search service initialized 
successfully
INFO:backend.core.lifespan:OK: Application startup complete
INFO:backend.core.lifespan:\u2713 Global services injected into 
legacy routes
INFO:backend.utils.port_detector:Saved to 
D:\stk\stock-verify-system\frontend\public\backend_port.json
INFO:backend.utils.port_detector:Saved to 
D:\stk\stock-verify-system\frontend\src\backend_port.json
INFO:backend.utils.port_detector:Saved backend info (IP: 
192.168.1.2, Port: 8001) to multiple locations
INFO:__main__:Attempting login...
INFO:backend.api.auth:=== LOGIN ATTEMPT START ===
INFO:backend.api.auth:Username: staff1
INFO:backend.api.auth:Client IP: testclient
INFO:backend.api.auth:Finding user: staff1
INFO:backend.api.auth:User found
INFO:backend.api.auth:Verifying password...
INFO:backend.api.auth:Password verified successfully
INFO:backend.api.auth:Active session found for staff1 - will be 
auto-revoked by new login.
INFO:backend.api.auth:Generating tokens...
INFO:backend.services.refresh_token:Cleaned up 1 expired/revoked 
tokens
INFO:backend.api.auth:Tokens generated successfully
INFO:backend.api.auth:=== LOGIN SUCCESS ===
INFO:httpx:HTTP Request: POST http://testserver/api/auth/login 
"HTTP/1.1 200 OK"
INFO:__main__:Login successful. Token obtained.
INFO:__main__:Testing POST 
/api/v2/erp/items/123456/refresh-sql-qty ...
INFO:httpx:HTTP Request: POST 
http://testserver/api/v2/erp/items/123456/refresh-sql-qty 
"HTTP/1.1 503 Service Unavailable"
INFO:__main__:Response Status: 503
INFO:__main__:Response Body: {"detail":"SQL Server is currently 
unreachable"}
INFO:__main__:Got 503. This is EXPECTED if SQL Server is not 
connected.
INFO:__main__:SUCCESS: Endpoint logic executed and checked SQL 
connection.
INFO:backend.core.lifespan:\U0001f6d1 Shutting down 
application...
INFO:backend.services.auto_sync_manager:Stopping auto-sync 
manager...
INFO:backend.services.auto_sync_manager:\u2705 Auto-sync manager 
stopped
INFO:backend.core.lifespan:\u2705 Auto-sync manager stopped
INFO:backend.services.redis_service:Redis disconnected
INFO:backend.core.lifespan:\u2713 Redis connection closed
INFO:backend.services.scheduled_export_service:Scheduled export 
service stopped
INFO:backend.core.lifespan:\u2713 Scheduled export service 
stopped
INFO:backend.services.database_health:Database health monitoring 
stopped
INFO:backend.core.lifespan:\u2713 Database health monitoring 
stopped
INFO:backend.core.lifespan:\u2713 MongoDB connection closed
INFO:backend.services.mdns_service:Unregistering mDNS service: 
stock-verify
WARNING:zeroconf:unregister_all_services skipped as it does 
blocking i/o; use AsyncZeroconf with asyncio
INFO:backend.core.lifespan:\u2713 mDNS service stopped
INFO:backend.core.lifespan:\u2713 Application shutdown complete 
(took 0.00s)
INFO:backend.services.change_detection_sync:Sync loop task 
cancelled
