============================= test session starts =============================
platform win32 -- Python 3.13.9, pytest-9.0.2, pluggy-1.6.0 -- C:\Users\mknou\AppData\Local\Microsoft\WindowsApps\PythonSoftwareFoundation.Python.3.13_qbz5n2kfra8p0\python.exe
cachedir: .pytest_cache
hypothesis profile 'default'
rootdir: D:\stk\stock-verify-system\backend
configfile: pytest.ini
testpaths: tests
plugins: hypothesis-6.150.0, langsmith-0.5.0, locust-2.42.6, asyncio-1.3.0, cov-7.0.0, schemathesis-4.8.0, typeguard-4.4.4
asyncio: mode=Mode.AUTO, debug=False, asyncio_default_fixture_loop_scope=function, asyncio_default_test_loop_scope=function
collecting ... collected 676 items

tests/api/test_auth.py::test_check_rate_limit_success PASSED             [  0%]
tests/api/test_auth.py::test_check_rate_limit_exceeded PASSED            [  0%]
tests/api/test_auth.py::test_find_user_by_username_found PASSED          [  0%]
tests/api/test_auth.py::test_find_user_by_username_not_found PASSED      [  0%]
tests/api/test_auth.py::test_generate_auth_tokens_success PASSED         [  0%]
tests/api/test_auth.py::test_register_success PASSED                     [  0%]
tests/api/test_auth_api.py::test_change_pin_success PASSED               [  1%]
tests/api/test_auth_api.py::test_change_pin_wrong_current PASSED         [  1%]
tests/api/test_auth_api.py::test_change_pin_invalid_new PASSED           [  1%]
tests/api/test_auth_api.py::test_change_password_success PASSED          [  1%]
tests/api/test_auth_api.py::test_change_password_wrong_current PASSED    [  1%]
tests/api/test_auth_handler.py::test_heartbeat_success PASSED            [  1%]
tests/api/test_auth_handler.py::test_heartbeat_unauthorized PASSED       [  1%]
tests/api/test_auth_handler.py::test_session_isolation PASSED            [  2%]
tests/api/test_dynamic_reports_api.py::TestReportTemplateModels::test_report_field_creation PASSED [  2%]
tests/api/test_dynamic_reports_api.py::TestReportTemplateModels::test_report_field_defaults PASSED [  2%]
tests/api/test_dynamic_reports_api.py::TestReportTemplateModels::test_report_template_creation PASSED [  2%]
tests/api/test_dynamic_reports_api.py::TestReportTemplateModels::test_report_generation_model PASSED [  2%]
tests/api/test_dynamic_reports_api.py::TestGetDynamicReportService::test_get_service_singleton PASSED [  2%]
tests/api/test_dynamic_reports_api.py::TestCreateReportTemplateEndpoint::test_create_template_success PASSED [  2%]
tests/api/test_dynamic_reports_api.py::TestCreateReportTemplateEndpoint::test_create_template_error PASSED [  3%]
tests/api/test_dynamic_reports_api.py::TestGetReportTemplatesEndpoint::test_list_templates_success PASSED [  3%]
tests/api/test_dynamic_reports_api.py::TestGetReportTemplatesEndpoint::test_list_templates_empty PASSED [  3%]
tests/api/test_dynamic_reports_api.py::TestGetReportTemplatesEndpoint::test_list_templates_with_filter PASSED [  3%]
tests/api/test_dynamic_reports_api.py::TestGenerateReportEndpoint::test_generate_report_with_template_id PASSED [  3%]
tests/api/test_dynamic_reports_api.py::TestGenerateReportEndpoint::test_generate_report_with_template_data PASSED [  3%]
tests/api/test_dynamic_reports_api.py::TestGenerateReportEndpoint::test_generate_report_no_template PASSED [  3%]
tests/api/test_dynamic_reports_api.py::TestGetGeneratedReportsEndpoint::test_get_generated_reports PASSED [  4%]
tests/api/test_dynamic_reports_api.py::TestDownloadReportEndpoint::test_download_report_json PASSED [  4%]
tests/api/test_dynamic_reports_api.py::TestDownloadReportEndpoint::test_download_report_not_found PASSED [  4%]
tests/api/test_dynamic_reports_api.py::TestQuickReportEndpoints::test_quick_report_items_with_fields PASSED [  4%]
tests/api/test_dynamic_reports_api.py::TestQuickReportEndpoints::test_quick_report_variance_summary PASSED [  4%]
tests/api/test_enhanced_item_api.py::test_validate_barcode_format PASSED [  4%]
tests/api/test_enhanced_item_api.py::test_get_item_by_barcode_enhanced_mongodb PASSED [  5%]
tests/api/test_enhanced_item_api.py::test_get_item_by_barcode_enhanced_cache PASSED [  5%]
tests/api/test_enhanced_item_api.py::test_get_item_by_barcode_enhanced_sql_sync PASSED [  5%]
tests/api/test_enhanced_item_api.py::test_get_item_by_barcode_enhanced_not_found PASSED [  5%]
tests/api/test_enhanced_item_api.py::test_advanced_item_search PASSED    [  5%]
tests/api/test_enhanced_item_api.py::test_get_unique_locations PASSED    [  5%]
tests/api/test_erp_api.py::test_normalize_barcode_input PASSED           [  5%]
tests/api/test_erp_api.py::test_get_item_by_barcode_cache_hit PASSED     [  6%]
tests/api/test_erp_api.py::test_get_item_by_barcode_db_hit PASSED        [  6%]
tests/api/test_erp_api.py::test_get_item_by_barcode_not_found PASSED     [  6%]
tests/api/test_erp_api.py::test_refresh_item_stock PASSED                [  6%]
tests/api/test_erp_api.py::test_get_all_items_search PASSED              [  6%]
tests/api/test_erp_api.py::test_search_items_compatibility PASSED        [  6%]
tests/api/test_item_verification_api.py::test_update_item_master_success PASSED [  6%]
tests/api/test_item_verification_api.py::test_update_item_master_not_found PASSED [  7%]
tests/api/test_item_verification_api.py::test_verify_item_success PASSED [  7%]
tests/api/test_item_verification_api.py::test_build_item_filter_query PASSED [  7%]
tests/api/test_mapping_api.py::test_get_tables PASSED                    [  7%]
tests/api/test_mapping_api.py::test_get_columns PASSED                   [  7%]
tests/api/test_mapping_api.py::test_preview_mapping PASSED               [  7%]
tests/api/test_mapping_api.py::test_save_mapping PASSED                  [  7%]
tests/api/test_mapping_api.py::test_get_current_mapping PASSED           [  8%]
tests/api/test_mapping_api.py::test_get_current_mapping_empty PASSED     [  8%]
tests/api/test_pin_auth_api.py::test_change_pin_success PASSED           [  8%]
tests/api/test_pin_auth_api.py::test_login_with_pin_success PASSED       [  8%]
tests/api/test_pin_auth_api.py::test_login_with_pin_invalid_user PASSED  [  8%]
tests/api/test_pin_auth_api.py::test_login_with_pin_invalid_pin PASSED   [  8%]
tests/api/test_pin_auth_api.py::test_change_pin_service_failure PASSED   [  9%]
tests/api/test_pin_auth_api.py::test_pin_change_request_validation PASSED [  9%]
tests/api/test_preferences_api.py::test_get_preferences_defaults PASSED  [  9%]
tests/api/test_preferences_api.py::test_get_preferences_existing PASSED  [  9%]
tests/api/test_preferences_api.py::test_update_preferences_create_new PASSED [  9%]
tests/api/test_preferences_api.py::test_update_preferences_update_existing PASSED [  9%]
tests/api/test_rbac.py::TestRBACEnforcement::test_staff_can_access_scan_endpoints PASSED [  9%]
tests/api/test_rbac.py::TestRBACEnforcement::test_supervisor_can_access_staff_endpoints PASSED [ 10%]
tests/api/test_rbac.py::TestRBACEnforcement::test_staff_cannot_access_supervisor_endpoints PASSED [ 10%]
tests/api/test_rbac.py::TestRBACEnforcement::test_supervisor_can_access_supervisor_endpoints PASSED [ 10%]
tests/api/test_rbac.py::TestRBACEnforcement::test_staff_cannot_access_admin PASSED [ 10%]
tests/api/test_rbac.py::TestRBACEnforcement::test_supervisor_cannot_access_admin_endpoints PASSED [ 10%]
tests/api/test_rbac.py::TestRBACEnforcement::test_admin_can_access_admin_endpoints PASSED [ 10%]
tests/api/test_rbac.py::TestRoleHierarchy::test_role_hierarchy_order PASSED [ 10%]
tests/api/test_rbac.py::TestRoleHierarchy::test_valid_roles PASSED       [ 11%]
tests/api/test_rbac.py::TestUnauthorizedAccess::test_missing_auth_header PASSED [ 11%]
tests/api/test_rbac.py::TestUnauthorizedAccess::test_invalid_token_format PASSED [ 11%]
tests/api/test_rbac.py::TestUnauthorizedAccess::test_expired_token PASSED [ 11%]
tests/api/test_session_management_api.py::TestSessionModels::test_session_create_model PASSED [ 11%]
tests/api/test_session_management_api.py::TestSessionModels::test_session_create_default_type PASSED [ 11%]
tests/api/test_session_management_api.py::TestSessionModels::test_session_create_warehouse_required PASSED [ 11%]
tests/api/test_session_management_api.py::TestCreateSessionEndpoint::test_create_session_success FAILED [ 12%]
tests/api/test_session_management_api.py::TestCreateSessionEndpoint::test_create_session_limit_exceeded FAILED [ 12%]
tests/api/test_session_management_api.py::TestCreateSessionEndpoint::test_create_session_empty_warehouse PASSED [ 12%]
tests/api/test_session_management_api.py::TestGetSessionsEndpoint::test_get_sessions_staff_sees_own PASSED [ 12%]
tests/api/test_session_management_api.py::TestGetSessionsEndpoint::test_get_sessions_supervisor_sees_all PASSED [ 12%]
tests/api/test_session_management_api.py::TestGetSessionsEndpoint::test_get_sessions_access_denied_for_other_user PASSED [ 12%]
tests/api/test_session_management_api.py::TestGetSessionDetailEndpoint::test_get_session_detail_success PASSED [ 13%]
tests/api/test_session_management_api.py::TestGetSessionDetailEndpoint::test_get_session_not_found PASSED [ 13%]
tests/api/test_session_management_api.py::TestGetSessionDetailEndpoint::test_get_session_access_denied PASSED [ 13%]
tests/api/test_session_management_api.py::TestSessionStatsEndpoint::test_get_session_stats PASSED [ 13%]
tests/api/test_session_management_api.py::TestSessionStatsEndpoint::test_get_session_stats_empty PASSED [ 13%]
tests/api/test_session_management_api.py::TestCompleteSessionEndpoint::test_complete_session_success PASSED [ 13%]
tests/api/test_session_management_api.py::TestCompleteSessionEndpoint::test_complete_session_not_owner PASSED [ 13%]
tests/api/test_session_management_api.py::TestUpdateSessionStatusEndpoint::test_update_status_success PASSED [ 14%]
tests/api/test_session_management_api.py::TestUpdateSessionStatusEndpoint::test_update_status_supervisor_can_modify_others PASSED [ 14%]
tests/api/test_session_management_api.py::TestActiveSessionsEndpoint::test_get_active_sessions PASSED [ 14%]
tests/api/test_session_management_api.py::TestUserSessionHistoryEndpoint::test_get_user_history PASSED [ 14%]
tests/api/test_user_management_api.py::test_list_users_admin PASSED      [ 14%]
tests/api/test_user_management_api.py::test_list_users_staff_forbidden PASSED [ 14%]
tests/api/test_user_management_api.py::test_create_user PASSED           [ 14%]
tests/api/test_user_management_api.py::test_create_duplicate_user PASSED [ 15%]
tests/api/test_user_management_api.py::test_update_user PASSED           [ 15%]
tests/api/test_user_management_api.py::test_delete_user PASSED           [ 15%]
tests/api/test_user_settings_api.py::test_get_settings_defaults PASSED   [ 15%]
tests/api/test_user_settings_api.py::test_update_settings PASSED         [ 15%]
tests/api/test_user_settings_api.py::test_get_settings_existing PASSED   [ 15%]
tests/api/test_user_settings_api.py::test_unauthorized_access PASSED     [ 15%]
tests/api/test_websocket_api.py::test_websocket_connect_success PASSED   [ 16%]
tests/api/test_websocket_api.py::test_websocket_connect_invalid_token PASSED [ 16%]
